
=== Teste #1 - Vértices: 20, Arestas: 48 ===
✅ Sucesso - Custo: 122

=== Teste #2 - Vértices: 30, Arestas: 64 ===
❌ Erro: Custos divergentes: CHULIU 198, FRANK 199, FRANK_V2 199
Traceback (most recent call last):
  File "/Users/lorenypsum/Library/Mobile Documents/com~apple~CloudDocs/repo/graph-visualizer.nosync/volume_tester.py", line 124, in <module>
    assert custo1 == custo2 == custo3, (
           ^^^^^^^^^^^^^^^^^^^^^^^^^^
AssertionError: Custos divergentes: CHULIU 198, FRANK 199, FRANK_V2 199

=== Teste #3 - Vértices: 34, Arestas: 64 ===
✅ Sucesso - Custo: 249

=== Teste #4 - Vértices: 14, Arestas: 15 ===
✅ Sucesso - Custo: 155

=== Teste #5 - Vértices: 32, Arestas: 55 ===
✅ Sucesso - Custo: 232

=== Teste #6 - Vértices: 23, Arestas: 65 ===
❌ Erro: Custos divergentes: CHULIU 187, FRANK 194, FRANK_V2 194
Traceback (most recent call last):
  File "/Users/lorenypsum/Library/Mobile Documents/com~apple~CloudDocs/repo/graph-visualizer.nosync/volume_tester.py", line 124, in <module>
    assert custo1 == custo2 == custo3, (
           ^^^^^^^^^^^^^^^^^^^^^^^^^^
AssertionError: Custos divergentes: CHULIU 187, FRANK 194, FRANK_V2 194

=== Teste #7 - Vértices: 45, Arestas: 78 ===
✅ Sucesso - Custo: 379

=== Teste #8 - Vértices: 42, Arestas: 59 ===
✅ Sucesso - Custo: 366

=== Teste #9 - Vértices: 49, Arestas: 133 ===
✅ Sucesso - Custo: 321

=== Teste #10 - Vértices: 33, Arestas: 62 ===
✅ Sucesso - Custo: 294

=== Teste #11 - Vértices: 31, Arestas: 42 ===
✅ Sucesso - Custo: 271

=== Teste #12 - Vértices: 13, Arestas: 17 ===
✅ Sucesso - Custo: 129

=== Teste #13 - Vértices: 16, Arestas: 31 ===
✅ Sucesso - Custo: 114

=== Teste #14 - Vértices: 15, Arestas: 32 ===
✅ Sucesso - Custo: 81

=== Teste #15 - Vértices: 20, Arestas: 48 ===
✅ Sucesso - Custo: 130

=== Teste #16 - Vértices: 49, Arestas: 124 ===
❌ Erro: Custos divergentes: CHULIU 401, FRANK 403, FRANK_V2 403
Traceback (most recent call last):
  File "/Users/lorenypsum/Library/Mobile Documents/com~apple~CloudDocs/repo/graph-visualizer.nosync/volume_tester.py", line 124, in <module>
    assert custo1 == custo2 == custo3, (
           ^^^^^^^^^^^^^^^^^^^^^^^^^^
AssertionError: Custos divergentes: CHULIU 401, FRANK 403, FRANK_V2 403

=== Teste #17 - Vértices: 18, Arestas: 26 ===
✅ Sucesso - Custo: 135

=== Teste #18 - Vértices: 46, Arestas: 107 ===
✅ Sucesso - Custo: 289

=== Teste #19 - Vértices: 28, Arestas: 68 ===
✅ Sucesso - Custo: 170

=== Teste #20 - Vértices: 40, Arestas: 75 ===
✅ Sucesso - Custo: 310

=== Teste #21 - Vértices: 37, Arestas: 65 ===
✅ Sucesso - Custo: 291

=== Teste #22 - Vértices: 21, Arestas: 50 ===
✅ Sucesso - Custo: 86

=== Teste #23 - Vértices: 28, Arestas: 35 ===
✅ Sucesso - Custo: 278

=== Teste #24 - Vértices: 39, Arestas: 41 ===
✅ Sucesso - Custo: 419

=== Teste #25 - Vértices: 16, Arestas: 20 ===
✅ Sucesso - Custo: 157

=== Teste #26 - Vértices: 24, Arestas: 34 ===
✅ Sucesso - Custo: 146

=== Teste #27 - Vértices: 29, Arestas: 57 ===
✅ Sucesso - Custo: 256

=== Teste #28 - Vértices: 43, Arestas: 66 ===
✅ Sucesso - Custo: 388

=== Teste #29 - Vértices: 10, Arestas: 12 ===
✅ Sucesso - Custo: 83

=== Teste #30 - Vértices: 30, Arestas: 49 ===
✅ Sucesso - Custo: 215

=== Teste #31 - Vértices: 10, Arestas: 11 ===
✅ Sucesso - Custo: 84

=== Teste #32 - Vértices: 18, Arestas: 42 ===
✅ Sucesso - Custo: 112

=== Teste #33 - Vértices: 40, Arestas: 88 ===
✅ Sucesso - Custo: 298

=== Teste #34 - Vértices: 30, Arestas: 61 ===
✅ Sucesso - Custo: 201

=== Teste #35 - Vértices: 28, Arestas: 51 ===
✅ Sucesso - Custo: 199

=== Teste #36 - Vértices: 20, Arestas: 55 ===
❌ Erro: Custos divergentes: CHULIU 107, FRANK 105, FRANK_V2 105
Traceback (most recent call last):
  File "/Users/lorenypsum/Library/Mobile Documents/com~apple~CloudDocs/repo/graph-visualizer.nosync/volume_tester.py", line 124, in <module>
    assert custo1 == custo2 == custo3, (
           ^^^^^^^^^^^^^^^^^^^^^^^^^^
AssertionError: Custos divergentes: CHULIU 107, FRANK 105, FRANK_V2 105

=== Teste #37 - Vértices: 37, Arestas: 74 ===
✅ Sucesso - Custo: 313

=== Teste #38 - Vértices: 26, Arestas: 66 ===
✅ Sucesso - Custo: 144

=== Teste #39 - Vértices: 16, Arestas: 35 ===
✅ Sucesso - Custo: 125

=== Teste #40 - Vértices: 15, Arestas: 22 ===
✅ Sucesso - Custo: 130

=== Teste #41 - Vértices: 46, Arestas: 114 ===
❌ Erro: Custos divergentes: CHULIU 360, FRANK 354, FRANK_V2 354
Traceback (most recent call last):
  File "/Users/lorenypsum/Library/Mobile Documents/com~apple~CloudDocs/repo/graph-visualizer.nosync/volume_tester.py", line 124, in <module>
    assert custo1 == custo2 == custo3, (
           ^^^^^^^^^^^^^^^^^^^^^^^^^^
AssertionError: Custos divergentes: CHULIU 360, FRANK 354, FRANK_V2 354

=== Teste #42 - Vértices: 46, Arestas: 102 ===
❌ Erro: Custos divergentes: CHULIU 387, FRANK 390, FRANK_V2 390
Traceback (most recent call last):
  File "/Users/lorenypsum/Library/Mobile Documents/com~apple~CloudDocs/repo/graph-visualizer.nosync/volume_tester.py", line 124, in <module>
    assert custo1 == custo2 == custo3, (
           ^^^^^^^^^^^^^^^^^^^^^^^^^^
AssertionError: Custos divergentes: CHULIU 387, FRANK 390, FRANK_V2 390

=== Teste #43 - Vértices: 48, Arestas: 135 ===
✅ Sucesso - Custo: 351

=== Teste #44 - Vértices: 23, Arestas: 29 ===
✅ Sucesso - Custo: 188

=== Teste #45 - Vértices: 38, Arestas: 82 ===
✅ Sucesso - Custo: 245

=== Teste #46 - Vértices: 49, Arestas: 119 ===
✅ Sucesso - Custo: 356

=== Teste #47 - Vértices: 25, Arestas: 73 ===
✅ Sucesso - Custo: 167

=== Teste #48 - Vértices: 15, Arestas: 26 ===
✅ Sucesso - Custo: 155

=== Teste #49 - Vértices: 45, Arestas: 93 ===
✅ Sucesso - Custo: 330

=== Teste #50 - Vértices: 32, Arestas: 44 ===
✅ Sucesso - Custo: 298

=== Teste #51 - Vértices: 13, Arestas: 21 ===
✅ Sucesso - Custo: 91

=== Teste #52 - Vértices: 46, Arestas: 124 ===
✅ Sucesso - Custo: 325

=== Teste #53 - Vértices: 35, Arestas: 58 ===
✅ Sucesso - Custo: 345

=== Teste #54 - Vértices: 31, Arestas: 70 ===
❌ Erro: Custos divergentes: CHULIU 220, FRANK 221, FRANK_V2 221
Traceback (most recent call last):
  File "/Users/lorenypsum/Library/Mobile Documents/com~apple~CloudDocs/repo/graph-visualizer.nosync/volume_tester.py", line 124, in <module>
    assert custo1 == custo2 == custo3, (
           ^^^^^^^^^^^^^^^^^^^^^^^^^^
AssertionError: Custos divergentes: CHULIU 220, FRANK 221, FRANK_V2 221

=== Teste #55 - Vértices: 21, Arestas: 31 ===
✅ Sucesso - Custo: 230

=== Teste #56 - Vértices: 28, Arestas: 59 ===
✅ Sucesso - Custo: 223

=== Teste #57 - Vértices: 39, Arestas: 81 ===
✅ Sucesso - Custo: 314

=== Teste #58 - Vértices: 26, Arestas: 62 ===
✅ Sucesso - Custo: 207

=== Teste #59 - Vértices: 10, Arestas: 17 ===
✅ Sucesso - Custo: 101

=== Teste #60 - Vértices: 10, Arestas: 27 ===
✅ Sucesso - Custo: 52

=== Teste #61 - Vértices: 33, Arestas: 34 ===
✅ Sucesso - Custo: 316

=== Teste #62 - Vértices: 23, Arestas: 39 ===
✅ Sucesso - Custo: 244

=== Teste #63 - Vértices: 48, Arestas: 84 ===
✅ Sucesso - Custo: 414

=== Teste #64 - Vértices: 47, Arestas: 70 ===
✅ Sucesso - Custo: 438

=== Teste #65 - Vértices: 14, Arestas: 20 ===
✅ Sucesso - Custo: 124

=== Teste #66 - Vértices: 14, Arestas: 29 ===
✅ Sucesso - Custo: 86

=== Teste #67 - Vértices: 35, Arestas: 82 ===
✅ Sucesso - Custo: 277

=== Teste #68 - Vértices: 27, Arestas: 39 ===
✅ Sucesso - Custo: 236

=== Teste #69 - Vértices: 29, Arestas: 69 ===
❌ Erro: Custos divergentes: CHULIU 218, FRANK 223, FRANK_V2 223
Traceback (most recent call last):
  File "/Users/lorenypsum/Library/Mobile Documents/com~apple~CloudDocs/repo/graph-visualizer.nosync/volume_tester.py", line 124, in <module>
    assert custo1 == custo2 == custo3, (
           ^^^^^^^^^^^^^^^^^^^^^^^^^^
AssertionError: Custos divergentes: CHULIU 218, FRANK 223, FRANK_V2 223

=== Teste #70 - Vértices: 49, Arestas: 125 ===
✅ Sucesso - Custo: 331

=== Teste #71 - Vértices: 29, Arestas: 50 ===
✅ Sucesso - Custo: 250

=== Teste #72 - Vértices: 10, Arestas: 26 ===
✅ Sucesso - Custo: 65

=== Teste #73 - Vértices: 23, Arestas: 32 ===
✅ Sucesso - Custo: 193

=== Teste #74 - Vértices: 23, Arestas: 41 ===
✅ Sucesso - Custo: 190

=== Teste #75 - Vértices: 39, Arestas: 80 ===
✅ Sucesso - Custo: 266

=== Teste #76 - Vértices: 27, Arestas: 27 ===
✅ Sucesso - Custo: 255

=== Teste #77 - Vértices: 40, Arestas: 51 ===
✅ Sucesso - Custo: 456

=== Teste #78 - Vértices: 42, Arestas: 113 ===
✅ Sucesso - Custo: 228

=== Teste #79 - Vértices: 27, Arestas: 33 ===
✅ Sucesso - Custo: 277

=== Teste #80 - Vértices: 21, Arestas: 25 ===
✅ Sucesso - Custo: 199

=== Teste #81 - Vértices: 41, Arestas: 52 ===
✅ Sucesso - Custo: 345

=== Teste #82 - Vértices: 29, Arestas: 38 ===
✅ Sucesso - Custo: 257

=== Teste #83 - Vértices: 38, Arestas: 84 ===
✅ Sucesso - Custo: 220

=== Teste #84 - Vértices: 25, Arestas: 71 ===
✅ Sucesso - Custo: 192

=== Teste #85 - Vértices: 42, Arestas: 47 ===
✅ Sucesso - Custo: 436

=== Teste #86 - Vértices: 38, Arestas: 74 ===
✅ Sucesso - Custo: 290

=== Teste #87 - Vértices: 24, Arestas: 36 ===
✅ Sucesso - Custo: 159

=== Teste #88 - Vértices: 45, Arestas: 67 ===
✅ Sucesso - Custo: 476

=== Teste #89 - Vértices: 14, Arestas: 20 ===
✅ Sucesso - Custo: 123

=== Teste #90 - Vértices: 12, Arestas: 14 ===
✅ Sucesso - Custo: 81

=== Teste #91 - Vértices: 32, Arestas: 89 ===
✅ Sucesso - Custo: 188

=== Teste #92 - Vértices: 14, Arestas: 33 ===
✅ Sucesso - Custo: 80

=== Teste #93 - Vértices: 35, Arestas: 58 ===
❌ Erro: Custos divergentes: CHULIU 325, FRANK 326, FRANK_V2 326
Traceback (most recent call last):
  File "/Users/lorenypsum/Library/Mobile Documents/com~apple~CloudDocs/repo/graph-visualizer.nosync/volume_tester.py", line 124, in <module>
    assert custo1 == custo2 == custo3, (
           ^^^^^^^^^^^^^^^^^^^^^^^^^^
AssertionError: Custos divergentes: CHULIU 325, FRANK 326, FRANK_V2 326

=== Teste #94 - Vértices: 27, Arestas: 52 ===
✅ Sucesso - Custo: 155

=== Teste #95 - Vértices: 48, Arestas: 119 ===
✅ Sucesso - Custo: 330

=== Teste #96 - Vértices: 12, Arestas: 28 ===
✅ Sucesso - Custo: 102

=== Teste #97 - Vértices: 30, Arestas: 67 ===
✅ Sucesso - Custo: 218

=== Teste #98 - Vértices: 14, Arestas: 42 ===
❌ Erro: Custos divergentes: CHULIU 95, FRANK 88, FRANK_V2 88
Traceback (most recent call last):
  File "/Users/lorenypsum/Library/Mobile Documents/com~apple~CloudDocs/repo/graph-visualizer.nosync/volume_tester.py", line 124, in <module>
    assert custo1 == custo2 == custo3, (
           ^^^^^^^^^^^^^^^^^^^^^^^^^^
AssertionError: Custos divergentes: CHULIU 95, FRANK 88, FRANK_V2 88

=== Teste #99 - Vértices: 30, Arestas: 83 ===
✅ Sucesso - Custo: 214

=== Teste #100 - Vértices: 47, Arestas: 98 ===
✅ Sucesso - Custo: 354

=== Teste #101 - Vértices: 23, Arestas: 57 ===
❌ Erro: Custos divergentes: CHULIU 188, FRANK 186, FRANK_V2 186
Traceback (most recent call last):
  File "/Users/lorenypsum/Library/Mobile Documents/com~apple~CloudDocs/repo/graph-visualizer.nosync/volume_tester.py", line 124, in <module>
    assert custo1 == custo2 == custo3, (
           ^^^^^^^^^^^^^^^^^^^^^^^^^^
AssertionError: Custos divergentes: CHULIU 188, FRANK 186, FRANK_V2 186

=== Teste #102 - Vértices: 21, Arestas: 50 ===
✅ Sucesso - Custo: 83

=== Teste #103 - Vértices: 43, Arestas: 57 ===
✅ Sucesso - Custo: 330

=== Teste #104 - Vértices: 29, Arestas: 68 ===
✅ Sucesso - Custo: 165

=== Teste #105 - Vértices: 11, Arestas: 28 ===
✅ Sucesso - Custo: 48

=== Teste #106 - Vértices: 20, Arestas: 48 ===
❌ Erro: Custos divergentes: CHULIU 168, FRANK 160, FRANK_V2 160
Traceback (most recent call last):
  File "/Users/lorenypsum/Library/Mobile Documents/com~apple~CloudDocs/repo/graph-visualizer.nosync/volume_tester.py", line 124, in <module>
    assert custo1 == custo2 == custo3, (
           ^^^^^^^^^^^^^^^^^^^^^^^^^^
AssertionError: Custos divergentes: CHULIU 168, FRANK 160, FRANK_V2 160

=== Teste #107 - Vértices: 31, Arestas: 83 ===
✅ Sucesso - Custo: 166

=== Teste #108 - Vértices: 18, Arestas: 20 ===
✅ Sucesso - Custo: 156

=== Teste #109 - Vértices: 10, Arestas: 24 ===
✅ Sucesso - Custo: 61

=== Teste #110 - Vértices: 34, Arestas: 64 ===
✅ Sucesso - Custo: 264

=== Teste #111 - Vértices: 36, Arestas: 97 ===
✅ Sucesso - Custo: 210

=== Teste #112 - Vértices: 48, Arestas: 84 ===
❌ Erro: Custos divergentes: CHULIU 390, FRANK 391, FRANK_V2 391
Traceback (most recent call last):
  File "/Users/lorenypsum/Library/Mobile Documents/com~apple~CloudDocs/repo/graph-visualizer.nosync/volume_tester.py", line 124, in <module>
    assert custo1 == custo2 == custo3, (
           ^^^^^^^^^^^^^^^^^^^^^^^^^^
AssertionError: Custos divergentes: CHULIU 390, FRANK 391, FRANK_V2 391

=== Teste #113 - Vértices: 27, Arestas: 48 ===
❌ Erro: Custos divergentes: CHULIU 218, FRANK 214, FRANK_V2 214
Traceback (most recent call last):
  File "/Users/lorenypsum/Library/Mobile Documents/com~apple~CloudDocs/repo/graph-visualizer.nosync/volume_tester.py", line 124, in <module>
    assert custo1 == custo2 == custo3, (
           ^^^^^^^^^^^^^^^^^^^^^^^^^^
AssertionError: Custos divergentes: CHULIU 218, FRANK 214, FRANK_V2 214

=== Teste #114 - Vértices: 10, Arestas: 10 ===
✅ Sucesso - Custo: 116

=== Teste #115 - Vértices: 26, Arestas: 28 ===
✅ Sucesso - Custo: 274

=== Teste #116 - Vértices: 15, Arestas: 23 ===
✅ Sucesso - Custo: 139

=== Teste #117 - Vértices: 37, Arestas: 97 ===
✅ Sucesso - Custo: 224

=== Teste #118 - Vértices: 12, Arestas: 23 ===
✅ Sucesso - Custo: 94

=== Teste #119 - Vértices: 43, Arestas: 128 ===
✅ Sucesso - Custo: 266

=== Teste #120 - Vértices: 49, Arestas: 135 ===
❌ Erro: Custos divergentes: CHULIU 351, FRANK 342, FRANK_V2 342
Traceback (most recent call last):
  File "/Users/lorenypsum/Library/Mobile Documents/com~apple~CloudDocs/repo/graph-visualizer.nosync/volume_tester.py", line 124, in <module>
    assert custo1 == custo2 == custo3, (
           ^^^^^^^^^^^^^^^^^^^^^^^^^^
AssertionError: Custos divergentes: CHULIU 351, FRANK 342, FRANK_V2 342

=== Teste #121 - Vértices: 27, Arestas: 38 ===
✅ Sucesso - Custo: 250

=== Teste #122 - Vértices: 37, Arestas: 43 ===
✅ Sucesso - Custo: 413

=== Teste #123 - Vértices: 49, Arestas: 79 ===
✅ Sucesso - Custo: 420

=== Teste #124 - Vértices: 44, Arestas: 131 ===
❌ Erro: Custos divergentes: CHULIU 301, FRANK 299, FRANK_V2 299
Traceback (most recent call last):
  File "/Users/lorenypsum/Library/Mobile Documents/com~apple~CloudDocs/repo/graph-visualizer.nosync/volume_tester.py", line 124, in <module>
    assert custo1 == custo2 == custo3, (
           ^^^^^^^^^^^^^^^^^^^^^^^^^^
AssertionError: Custos divergentes: CHULIU 301, FRANK 299, FRANK_V2 299

=== Teste #125 - Vértices: 50, Arestas: 115 ===
✅ Sucesso - Custo: 381

=== Teste #126 - Vértices: 39, Arestas: 79 ===
❌ Erro: Custos divergentes: CHULIU 325, FRANK 326, FRANK_V2 326
Traceback (most recent call last):
  File "/Users/lorenypsum/Library/Mobile Documents/com~apple~CloudDocs/repo/graph-visualizer.nosync/volume_tester.py", line 124, in <module>
    assert custo1 == custo2 == custo3, (
           ^^^^^^^^^^^^^^^^^^^^^^^^^^
AssertionError: Custos divergentes: CHULIU 325, FRANK 326, FRANK_V2 326

=== Teste #127 - Vértices: 16, Arestas: 29 ===
✅ Sucesso - Custo: 134

=== Teste #128 - Vértices: 38, Arestas: 73 ===
✅ Sucesso - Custo: 225

=== Teste #129 - Vértices: 45, Arestas: 128 ===
✅ Sucesso - Custo: 318

=== Teste #130 - Vértices: 29, Arestas: 37 ===
✅ Sucesso - Custo: 294

=== Teste #131 - Vértices: 39, Arestas: 113 ===
✅ Sucesso - Custo: 240

=== Teste #132 - Vértices: 12, Arestas: 33 ===
✅ Sucesso - Custo: 67

=== Teste #133 - Vértices: 21, Arestas: 21 ===
✅ Sucesso - Custo: 194

=== Teste #134 - Vértices: 11, Arestas: 27 ===
✅ Sucesso - Custo: 71

=== Teste #135 - Vértices: 35, Arestas: 36 ===
✅ Sucesso - Custo: 354

=== Teste #136 - Vértices: 35, Arestas: 67 ===
✅ Sucesso - Custo: 298

=== Teste #137 - Vértices: 16, Arestas: 34 ===
✅ Sucesso - Custo: 133

=== Teste #138 - Vértices: 31, Arestas: 32 ===
✅ Sucesso - Custo: 315

=== Teste #139 - Vértices: 14, Arestas: 32 ===
✅ Sucesso - Custo: 111

=== Teste #140 - Vértices: 39, Arestas: 88 ===
✅ Sucesso - Custo: 310

=== Teste #141 - Vértices: 46, Arestas: 97 ===
✅ Sucesso - Custo: 382

=== Teste #142 - Vértices: 26, Arestas: 40 ===
✅ Sucesso - Custo: 231

=== Teste #143 - Vértices: 44, Arestas: 110 ===
✅ Sucesso - Custo: 275

=== Teste #144 - Vértices: 42, Arestas: 77 ===
✅ Sucesso - Custo: 347

=== Teste #145 - Vértices: 33, Arestas: 78 ===
✅ Sucesso - Custo: 230

=== Teste #146 - Vértices: 32, Arestas: 94 ===
❌ Erro: Custos divergentes: CHULIU 178, FRANK 180, FRANK_V2 180
Traceback (most recent call last):
  File "/Users/lorenypsum/Library/Mobile Documents/com~apple~CloudDocs/repo/graph-visualizer.nosync/volume_tester.py", line 124, in <module>
    assert custo1 == custo2 == custo3, (
           ^^^^^^^^^^^^^^^^^^^^^^^^^^
AssertionError: Custos divergentes: CHULIU 178, FRANK 180, FRANK_V2 180

=== Teste #147 - Vértices: 23, Arestas: 41 ===
✅ Sucesso - Custo: 151

=== Teste #148 - Vértices: 46, Arestas: 108 ===
✅ Sucesso - Custo: 310

=== Teste #149 - Vértices: 20, Arestas: 29 ===
✅ Sucesso - Custo: 186

=== Teste #150 - Vértices: 23, Arestas: 48 ===
✅ Sucesso - Custo: 156

=== Teste #151 - Vértices: 17, Arestas: 23 ===
✅ Sucesso - Custo: 176

=== Teste #152 - Vértices: 10, Arestas: 19 ===
✅ Sucesso - Custo: 76

=== Teste #153 - Vértices: 20, Arestas: 57 ===
✅ Sucesso - Custo: 108

=== Teste #154 - Vértices: 28, Arestas: 33 ===
✅ Sucesso - Custo: 231

=== Teste #155 - Vértices: 45, Arestas: 107 ===
✅ Sucesso - Custo: 334

=== Teste #156 - Vértices: 17, Arestas: 51 ===
✅ Sucesso - Custo: 97

=== Teste #157 - Vértices: 21, Arestas: 23 ===
✅ Sucesso - Custo: 215

=== Teste #158 - Vértices: 22, Arestas: 50 ===
✅ Sucesso - Custo: 116

=== Teste #159 - Vértices: 26, Arestas: 71 ===
❌ Erro: Custos divergentes: CHULIU 188, FRANK 190, FRANK_V2 190
Traceback (most recent call last):
  File "/Users/lorenypsum/Library/Mobile Documents/com~apple~CloudDocs/repo/graph-visualizer.nosync/volume_tester.py", line 124, in <module>
    assert custo1 == custo2 == custo3, (
           ^^^^^^^^^^^^^^^^^^^^^^^^^^
AssertionError: Custos divergentes: CHULIU 188, FRANK 190, FRANK_V2 190

=== Teste #160 - Vértices: 15, Arestas: 45 ===
✅ Sucesso - Custo: 92

=== Teste #161 - Vértices: 13, Arestas: 24 ===
✅ Sucesso - Custo: 91

=== Teste #162 - Vértices: 40, Arestas: 111 ===
✅ Sucesso - Custo: 235

=== Teste #163 - Vértices: 26, Arestas: 61 ===
✅ Sucesso - Custo: 126

=== Teste #164 - Vértices: 47, Arestas: 129 ===
✅ Sucesso - Custo: 324

=== Teste #165 - Vértices: 28, Arestas: 37 ===
✅ Sucesso - Custo: 256

=== Teste #166 - Vértices: 28, Arestas: 42 ===
✅ Sucesso - Custo: 253

=== Teste #167 - Vértices: 24, Arestas: 59 ===
✅ Sucesso - Custo: 131

=== Teste #168 - Vértices: 25, Arestas: 30 ===
✅ Sucesso - Custo: 280

=== Teste #169 - Vértices: 45, Arestas: 92 ===
✅ Sucesso - Custo: 389

=== Teste #170 - Vértices: 10, Arestas: 30 ===
❌ Erro: Custos divergentes: CHULIU 58, FRANK 57, FRANK_V2 57
Traceback (most recent call last):
  File "/Users/lorenypsum/Library/Mobile Documents/com~apple~CloudDocs/repo/graph-visualizer.nosync/volume_tester.py", line 124, in <module>
    assert custo1 == custo2 == custo3, (
           ^^^^^^^^^^^^^^^^^^^^^^^^^^
AssertionError: Custos divergentes: CHULIU 58, FRANK 57, FRANK_V2 57

=== Teste #171 - Vértices: 19, Arestas: 26 ===
✅ Sucesso - Custo: 152

=== Teste #172 - Vértices: 42, Arestas: 60 ===
✅ Sucesso - Custo: 406

=== Teste #173 - Vértices: 25, Arestas: 55 ===
✅ Sucesso - Custo: 136

=== Teste #174 - Vértices: 39, Arestas: 112 ===
❌ Erro: Custos divergentes: CHULIU 266, FRANK 256, FRANK_V2 256
Traceback (most recent call last):
  File "/Users/lorenypsum/Library/Mobile Documents/com~apple~CloudDocs/repo/graph-visualizer.nosync/volume_tester.py", line 124, in <module>
    assert custo1 == custo2 == custo3, (
           ^^^^^^^^^^^^^^^^^^^^^^^^^^
AssertionError: Custos divergentes: CHULIU 266, FRANK 256, FRANK_V2 256

=== Teste #175 - Vértices: 31, Arestas: 90 ===
❌ Erro: Custos divergentes: CHULIU 179, FRANK 176, FRANK_V2 176
Traceback (most recent call last):
  File "/Users/lorenypsum/Library/Mobile Documents/com~apple~CloudDocs/repo/graph-visualizer.nosync/volume_tester.py", line 124, in <module>
    assert custo1 == custo2 == custo3, (
           ^^^^^^^^^^^^^^^^^^^^^^^^^^
AssertionError: Custos divergentes: CHULIU 179, FRANK 176, FRANK_V2 176

=== Teste #176 - Vértices: 43, Arestas: 93 ===
✅ Sucesso - Custo: 324

=== Teste #177 - Vértices: 37, Arestas: 49 ===
✅ Sucesso - Custo: 268

=== Teste #178 - Vértices: 44, Arestas: 93 ===
❌ Erro: Custos divergentes: CHULIU 325, FRANK 307, FRANK_V2 307
Traceback (most recent call last):
  File "/Users/lorenypsum/Library/Mobile Documents/com~apple~CloudDocs/repo/graph-visualizer.nosync/volume_tester.py", line 124, in <module>
    assert custo1 == custo2 == custo3, (
           ^^^^^^^^^^^^^^^^^^^^^^^^^^
AssertionError: Custos divergentes: CHULIU 325, FRANK 307, FRANK_V2 307

=== Teste #179 - Vértices: 22, Arestas: 64 ===
❌ Erro: Custos divergentes: CHULIU 155, FRANK 141, FRANK_V2 141
Traceback (most recent call last):
  File "/Users/lorenypsum/Library/Mobile Documents/com~apple~CloudDocs/repo/graph-visualizer.nosync/volume_tester.py", line 124, in <module>
    assert custo1 == custo2 == custo3, (
           ^^^^^^^^^^^^^^^^^^^^^^^^^^
AssertionError: Custos divergentes: CHULIU 155, FRANK 141, FRANK_V2 141

=== Teste #180 - Vértices: 38, Arestas: 60 ===
✅ Sucesso - Custo: 317

=== Teste #181 - Vértices: 33, Arestas: 34 ===
✅ Sucesso - Custo: 345

=== Teste #182 - Vértices: 12, Arestas: 21 ===
✅ Sucesso - Custo: 100

=== Teste #183 - Vértices: 18, Arestas: 29 ===
✅ Sucesso - Custo: 152

=== Teste #184 - Vértices: 18, Arestas: 50 ===
✅ Sucesso - Custo: 133

=== Teste #185 - Vértices: 25, Arestas: 30 ===
✅ Sucesso - Custo: 256

=== Teste #186 - Vértices: 33, Arestas: 33 ===
✅ Sucesso - Custo: 305

=== Teste #187 - Vértices: 26, Arestas: 64 ===
✅ Sucesso - Custo: 137

=== Teste #188 - Vértices: 14, Arestas: 23 ===
✅ Sucesso - Custo: 137

=== Teste #189 - Vértices: 27, Arestas: 46 ===
❌ Erro: Custos divergentes: CHULIU 231, FRANK 220, FRANK_V2 220
Traceback (most recent call last):
  File "/Users/lorenypsum/Library/Mobile Documents/com~apple~CloudDocs/repo/graph-visualizer.nosync/volume_tester.py", line 124, in <module>
    assert custo1 == custo2 == custo3, (
           ^^^^^^^^^^^^^^^^^^^^^^^^^^
AssertionError: Custos divergentes: CHULIU 231, FRANK 220, FRANK_V2 220

=== Teste #190 - Vértices: 13, Arestas: 36 ===
❌ Erro: Custos divergentes: CHULIU 62, FRANK 61, FRANK_V2 61
Traceback (most recent call last):
  File "/Users/lorenypsum/Library/Mobile Documents/com~apple~CloudDocs/repo/graph-visualizer.nosync/volume_tester.py", line 124, in <module>
    assert custo1 == custo2 == custo3, (
           ^^^^^^^^^^^^^^^^^^^^^^^^^^
AssertionError: Custos divergentes: CHULIU 62, FRANK 61, FRANK_V2 61

=== Teste #191 - Vértices: 26, Arestas: 67 ===
✅ Sucesso - Custo: 129

=== Teste #192 - Vértices: 31, Arestas: 62 ===
✅ Sucesso - Custo: 256

=== Teste #193 - Vértices: 40, Arestas: 53 ===
✅ Sucesso - Custo: 407

=== Teste #194 - Vértices: 33, Arestas: 83 ===
✅ Sucesso - Custo: 220

=== Teste #195 - Vértices: 38, Arestas: 43 ===
✅ Sucesso - Custo: 313

=== Teste #196 - Vértices: 27, Arestas: 63 ===
✅ Sucesso - Custo: 161

=== Teste #197 - Vértices: 33, Arestas: 56 ===
✅ Sucesso - Custo: 257

=== Teste #198 - Vértices: 41, Arestas: 113 ===
❌ Erro: Custos divergentes: CHULIU 295, FRANK 297, FRANK_V2 297
Traceback (most recent call last):
  File "/Users/lorenypsum/Library/Mobile Documents/com~apple~CloudDocs/repo/graph-visualizer.nosync/volume_tester.py", line 124, in <module>
    assert custo1 == custo2 == custo3, (
           ^^^^^^^^^^^^^^^^^^^^^^^^^^
AssertionError: Custos divergentes: CHULIU 295, FRANK 297, FRANK_V2 297

=== Teste #199 - Vértices: 48, Arestas: 118 ===
✅ Sucesso - Custo: 329

=== Teste #200 - Vértices: 11, Arestas: 12 ===
✅ Sucesso - Custo: 97

=== Teste #201 - Vértices: 11, Arestas: 31 ===
❌ Erro: Custos divergentes: CHULIU 72, FRANK 61, FRANK_V2 61
Traceback (most recent call last):
  File "/Users/lorenypsum/Library/Mobile Documents/com~apple~CloudDocs/repo/graph-visualizer.nosync/volume_tester.py", line 124, in <module>
    assert custo1 == custo2 == custo3, (
           ^^^^^^^^^^^^^^^^^^^^^^^^^^
AssertionError: Custos divergentes: CHULIU 72, FRANK 61, FRANK_V2 61

=== Teste #202 - Vértices: 34, Arestas: 54 ===
✅ Sucesso - Custo: 301

=== Teste #203 - Vértices: 44, Arestas: 112 ===
✅ Sucesso - Custo: 335

=== Teste #204 - Vértices: 30, Arestas: 39 ===
✅ Sucesso - Custo: 282

=== Teste #205 - Vértices: 17, Arestas: 31 ===
✅ Sucesso - Custo: 125

=== Teste #206 - Vértices: 45, Arestas: 56 ===
✅ Sucesso - Custo: 473

=== Teste #207 - Vértices: 11, Arestas: 23 ===
✅ Sucesso - Custo: 65

=== Teste #208 - Vértices: 23, Arestas: 63 ===
✅ Sucesso - Custo: 155

=== Teste #209 - Vértices: 24, Arestas: 25 ===
✅ Sucesso - Custo: 210

=== Teste #210 - Vértices: 43, Arestas: 62 ===
✅ Sucesso - Custo: 356

=== Teste #211 - Vértices: 41, Arestas: 63 ===
✅ Sucesso - Custo: 395

=== Teste #212 - Vértices: 39, Arestas: 111 ===
✅ Sucesso - Custo: 249

=== Teste #213 - Vértices: 47, Arestas: 118 ===
✅ Sucesso - Custo: 298

=== Teste #214 - Vértices: 24, Arestas: 50 ===
✅ Sucesso - Custo: 209

=== Teste #215 - Vértices: 39, Arestas: 69 ===
✅ Sucesso - Custo: 276

=== Teste #216 - Vértices: 41, Arestas: 52 ===
✅ Sucesso - Custo: 346

=== Teste #217 - Vértices: 37, Arestas: 40 ===
✅ Sucesso - Custo: 317

=== Teste #218 - Vértices: 24, Arestas: 41 ===
✅ Sucesso - Custo: 211

=== Teste #219 - Vértices: 42, Arestas: 47 ===
✅ Sucesso - Custo: 410

=== Teste #220 - Vértices: 37, Arestas: 87 ===
✅ Sucesso - Custo: 228

=== Teste #221 - Vértices: 32, Arestas: 93 ===
✅ Sucesso - Custo: 191

=== Teste #222 - Vértices: 27, Arestas: 60 ===
❌ Erro: Custos divergentes: CHULIU 164, FRANK 157, FRANK_V2 157
Traceback (most recent call last):
  File "/Users/lorenypsum/Library/Mobile Documents/com~apple~CloudDocs/repo/graph-visualizer.nosync/volume_tester.py", line 124, in <module>
    assert custo1 == custo2 == custo3, (
           ^^^^^^^^^^^^^^^^^^^^^^^^^^
AssertionError: Custos divergentes: CHULIU 164, FRANK 157, FRANK_V2 157

=== Teste #223 - Vértices: 36, Arestas: 91 ===
❌ Erro: Custos divergentes: CHULIU 241, FRANK 243, FRANK_V2 243
Traceback (most recent call last):
  File "/Users/lorenypsum/Library/Mobile Documents/com~apple~CloudDocs/repo/graph-visualizer.nosync/volume_tester.py", line 124, in <module>
    assert custo1 == custo2 == custo3, (
           ^^^^^^^^^^^^^^^^^^^^^^^^^^
AssertionError: Custos divergentes: CHULIU 241, FRANK 243, FRANK_V2 243

=== Teste #224 - Vértices: 42, Arestas: 99 ===
✅ Sucesso - Custo: 279

=== Teste #225 - Vértices: 32, Arestas: 40 ===
✅ Sucesso - Custo: 341

=== Teste #226 - Vértices: 33, Arestas: 35 ===
✅ Sucesso - Custo: 313

=== Teste #227 - Vértices: 43, Arestas: 76 ===
✅ Sucesso - Custo: 296

=== Teste #228 - Vértices: 26, Arestas: 55 ===
✅ Sucesso - Custo: 170

=== Teste #229 - Vértices: 42, Arestas: 87 ===
✅ Sucesso - Custo: 295

=== Teste #230 - Vértices: 38, Arestas: 90 ===
❌ Erro: Custos divergentes: CHULIU 265, FRANK 262, FRANK_V2 262
Traceback (most recent call last):
  File "/Users/lorenypsum/Library/Mobile Documents/com~apple~CloudDocs/repo/graph-visualizer.nosync/volume_tester.py", line 124, in <module>
    assert custo1 == custo2 == custo3, (
           ^^^^^^^^^^^^^^^^^^^^^^^^^^
AssertionError: Custos divergentes: CHULIU 265, FRANK 262, FRANK_V2 262

=== Teste #231 - Vértices: 28, Arestas: 80 ===
✅ Sucesso - Custo: 208

=== Teste #232 - Vértices: 33, Arestas: 91 ===
❌ Erro: Custos divergentes: CHULIU 224, FRANK 226, FRANK_V2 226
Traceback (most recent call last):
  File "/Users/lorenypsum/Library/Mobile Documents/com~apple~CloudDocs/repo/graph-visualizer.nosync/volume_tester.py", line 124, in <module>
    assert custo1 == custo2 == custo3, (
           ^^^^^^^^^^^^^^^^^^^^^^^^^^
AssertionError: Custos divergentes: CHULIU 224, FRANK 226, FRANK_V2 226

=== Teste #233 - Vértices: 18, Arestas: 44 ===
❌ Erro: Custos divergentes: CHULIU 96, FRANK 94, FRANK_V2 94
Traceback (most recent call last):
  File "/Users/lorenypsum/Library/Mobile Documents/com~apple~CloudDocs/repo/graph-visualizer.nosync/volume_tester.py", line 124, in <module>
    assert custo1 == custo2 == custo3, (
           ^^^^^^^^^^^^^^^^^^^^^^^^^^
AssertionError: Custos divergentes: CHULIU 96, FRANK 94, FRANK_V2 94

=== Teste #234 - Vértices: 42, Arestas: 59 ===
✅ Sucesso - Custo: 426

=== Teste #235 - Vértices: 30, Arestas: 76 ===
❌ Erro: Custos divergentes: CHULIU 216, FRANK 217, FRANK_V2 217
Traceback (most recent call last):
  File "/Users/lorenypsum/Library/Mobile Documents/com~apple~CloudDocs/repo/graph-visualizer.nosync/volume_tester.py", line 124, in <module>
    assert custo1 == custo2 == custo3, (
           ^^^^^^^^^^^^^^^^^^^^^^^^^^
AssertionError: Custos divergentes: CHULIU 216, FRANK 217, FRANK_V2 217

=== Teste #236 - Vértices: 14, Arestas: 15 ===
✅ Sucesso - Custo: 133

=== Teste #237 - Vértices: 47, Arestas: 125 ===
✅ Sucesso - Custo: 327

=== Teste #238 - Vértices: 22, Arestas: 44 ===
✅ Sucesso - Custo: 185

=== Teste #239 - Vértices: 26, Arestas: 52 ===
✅ Sucesso - Custo: 217

=== Teste #240 - Vértices: 34, Arestas: 93 ===
✅ Sucesso - Custo: 224

=== Teste #241 - Vértices: 29, Arestas: 55 ===
✅ Sucesso - Custo: 212

=== Teste #242 - Vértices: 41, Arestas: 82 ===
✅ Sucesso - Custo: 308

=== Teste #243 - Vértices: 28, Arestas: 36 ===
✅ Sucesso - Custo: 248

=== Teste #244 - Vértices: 17, Arestas: 23 ===
✅ Sucesso - Custo: 175

=== Teste #245 - Vértices: 14, Arestas: 27 ===
✅ Sucesso - Custo: 117

=== Teste #246 - Vértices: 22, Arestas: 25 ===
✅ Sucesso - Custo: 193

=== Teste #247 - Vértices: 10, Arestas: 11 ===
✅ Sucesso - Custo: 88

=== Teste #248 - Vértices: 21, Arestas: 61 ===
✅ Sucesso - Custo: 108

=== Teste #249 - Vértices: 23, Arestas: 49 ===
✅ Sucesso - Custo: 181

=== Teste #250 - Vértices: 30, Arestas: 66 ===
❌ Erro: Custos divergentes: CHULIU 219, FRANK 220, FRANK_V2 220
Traceback (most recent call last):
  File "/Users/lorenypsum/Library/Mobile Documents/com~apple~CloudDocs/repo/graph-visualizer.nosync/volume_tester.py", line 124, in <module>
    assert custo1 == custo2 == custo3, (
           ^^^^^^^^^^^^^^^^^^^^^^^^^^
AssertionError: Custos divergentes: CHULIU 219, FRANK 220, FRANK_V2 220

=== Teste #251 - Vértices: 32, Arestas: 34 ===
✅ Sucesso - Custo: 343

=== Teste #252 - Vértices: 12, Arestas: 15 ===
✅ Sucesso - Custo: 110

=== Teste #253 - Vértices: 38, Arestas: 75 ===
✅ Sucesso - Custo: 261

=== Teste #254 - Vértices: 44, Arestas: 55 ===
✅ Sucesso - Custo: 402

=== Teste #255 - Vértices: 28, Arestas: 53 ===
✅ Sucesso - Custo: 209

=== Teste #256 - Vértices: 50, Arestas: 56 ===
✅ Sucesso - Custo: 452

=== Teste #257 - Vértices: 46, Arestas: 120 ===
✅ Sucesso - Custo: 299

=== Teste #258 - Vértices: 19, Arestas: 22 ===
✅ Sucesso - Custo: 202

=== Teste #259 - Vértices: 50, Arestas: 107 ===
❌ Erro: Custos divergentes: CHULIU 368, FRANK 367, FRANK_V2 367
Traceback (most recent call last):
  File "/Users/lorenypsum/Library/Mobile Documents/com~apple~CloudDocs/repo/graph-visualizer.nosync/volume_tester.py", line 124, in <module>
    assert custo1 == custo2 == custo3, (
           ^^^^^^^^^^^^^^^^^^^^^^^^^^
AssertionError: Custos divergentes: CHULIU 368, FRANK 367, FRANK_V2 367

=== Teste #260 - Vértices: 48, Arestas: 94 ===
✅ Sucesso - Custo: 396

=== Teste #261 - Vértices: 36, Arestas: 68 ===
✅ Sucesso - Custo: 321

=== Teste #262 - Vértices: 35, Arestas: 85 ===
❌ Erro: Custos divergentes: CHULIU 254, FRANK 255, FRANK_V2 255
Traceback (most recent call last):
  File "/Users/lorenypsum/Library/Mobile Documents/com~apple~CloudDocs/repo/graph-visualizer.nosync/volume_tester.py", line 124, in <module>
    assert custo1 == custo2 == custo3, (
           ^^^^^^^^^^^^^^^^^^^^^^^^^^
AssertionError: Custos divergentes: CHULIU 254, FRANK 255, FRANK_V2 255

=== Teste #263 - Vértices: 47, Arestas: 83 ===
✅ Sucesso - Custo: 334

=== Teste #264 - Vértices: 22, Arestas: 66 ===
✅ Sucesso - Custo: 135

=== Teste #265 - Vértices: 22, Arestas: 64 ===
❌ Erro: Custos divergentes: CHULIU 121, FRANK 115, FRANK_V2 115
Traceback (most recent call last):
  File "/Users/lorenypsum/Library/Mobile Documents/com~apple~CloudDocs/repo/graph-visualizer.nosync/volume_tester.py", line 124, in <module>
    assert custo1 == custo2 == custo3, (
           ^^^^^^^^^^^^^^^^^^^^^^^^^^
AssertionError: Custos divergentes: CHULIU 121, FRANK 115, FRANK_V2 115

=== Teste #266 - Vértices: 47, Arestas: 106 ===
✅ Sucesso - Custo: 328

=== Teste #267 - Vértices: 49, Arestas: 74 ===
✅ Sucesso - Custo: 395

=== Teste #268 - Vértices: 33, Arestas: 63 ===
✅ Sucesso - Custo: 229

=== Teste #269 - Vértices: 44, Arestas: 70 ===
❌ Erro: Custos divergentes: CHULIU 413, FRANK 416, FRANK_V2 416
Traceback (most recent call last):
  File "/Users/lorenypsum/Library/Mobile Documents/com~apple~CloudDocs/repo/graph-visualizer.nosync/volume_tester.py", line 124, in <module>
    assert custo1 == custo2 == custo3, (
           ^^^^^^^^^^^^^^^^^^^^^^^^^^
AssertionError: Custos divergentes: CHULIU 413, FRANK 416, FRANK_V2 416

=== Teste #270 - Vértices: 30, Arestas: 36 ===
✅ Sucesso - Custo: 311

=== Teste #271 - Vértices: 19, Arestas: 22 ===
✅ Sucesso - Custo: 152

=== Teste #272 - Vértices: 14, Arestas: 20 ===
✅ Sucesso - Custo: 83

=== Teste #273 - Vértices: 44, Arestas: 72 ===
✅ Sucesso - Custo: 393

=== Teste #274 - Vértices: 20, Arestas: 35 ===
✅ Sucesso - Custo: 155

=== Teste #275 - Vértices: 32, Arestas: 93 ===
❌ Erro: Custos divergentes: CHULIU 204, FRANK 209, FRANK_V2 209
Traceback (most recent call last):
  File "/Users/lorenypsum/Library/Mobile Documents/com~apple~CloudDocs/repo/graph-visualizer.nosync/volume_tester.py", line 124, in <module>
    assert custo1 == custo2 == custo3, (
           ^^^^^^^^^^^^^^^^^^^^^^^^^^
AssertionError: Custos divergentes: CHULIU 204, FRANK 209, FRANK_V2 209

=== Teste #276 - Vértices: 43, Arestas: 127 ===
✅ Sucesso - Custo: 262

=== Teste #277 - Vértices: 14, Arestas: 23 ===
✅ Sucesso - Custo: 103

=== Teste #278 - Vértices: 27, Arestas: 72 ===
✅ Sucesso - Custo: 163

=== Teste #279 - Vértices: 19, Arestas: 52 ===
✅ Sucesso - Custo: 156

=== Teste #280 - Vértices: 29, Arestas: 62 ===
✅ Sucesso - Custo: 230

=== Teste #281 - Vértices: 23, Arestas: 28 ===
✅ Sucesso - Custo: 182

=== Teste #282 - Vértices: 17, Arestas: 28 ===
✅ Sucesso - Custo: 130

=== Teste #283 - Vértices: 29, Arestas: 48 ===
❌ Erro: Custos divergentes: CHULIU 250, FRANK 252, FRANK_V2 252
Traceback (most recent call last):
  File "/Users/lorenypsum/Library/Mobile Documents/com~apple~CloudDocs/repo/graph-visualizer.nosync/volume_tester.py", line 124, in <module>
    assert custo1 == custo2 == custo3, (
           ^^^^^^^^^^^^^^^^^^^^^^^^^^
AssertionError: Custos divergentes: CHULIU 250, FRANK 252, FRANK_V2 252

=== Teste #284 - Vértices: 46, Arestas: 72 ===
✅ Sucesso - Custo: 398

=== Teste #285 - Vértices: 49, Arestas: 99 ===
✅ Sucesso - Custo: 402

=== Teste #286 - Vértices: 15, Arestas: 28 ===
✅ Sucesso - Custo: 106

=== Teste #287 - Vértices: 26, Arestas: 36 ===
✅ Sucesso - Custo: 261

=== Teste #288 - Vértices: 13, Arestas: 16 ===
✅ Sucesso - Custo: 136

=== Teste #289 - Vértices: 12, Arestas: 34 ===
✅ Sucesso - Custo: 69

=== Teste #290 - Vértices: 36, Arestas: 54 ===
✅ Sucesso - Custo: 298

=== Teste #291 - Vértices: 34, Arestas: 89 ===
✅ Sucesso - Custo: 166

=== Teste #292 - Vértices: 47, Arestas: 83 ===
✅ Sucesso - Custo: 381

=== Teste #293 - Vértices: 45, Arestas: 106 ===
✅ Sucesso - Custo: 284

=== Teste #294 - Vértices: 50, Arestas: 68 ===
✅ Sucesso - Custo: 436

=== Teste #295 - Vértices: 32, Arestas: 58 ===
✅ Sucesso - Custo: 279

=== Teste #296 - Vértices: 24, Arestas: 47 ===
✅ Sucesso - Custo: 220

=== Teste #297 - Vértices: 16, Arestas: 21 ===
✅ Sucesso - Custo: 126

=== Teste #298 - Vértices: 18, Arestas: 38 ===
✅ Sucesso - Custo: 124

=== Teste #299 - Vértices: 16, Arestas: 48 ===
✅ Sucesso - Custo: 83

=== Teste #300 - Vértices: 20, Arestas: 43 ===
✅ Sucesso - Custo: 169

=== Teste #301 - Vértices: 36, Arestas: 38 ===
✅ Sucesso - Custo: 353

=== Teste #302 - Vértices: 32, Arestas: 36 ===
✅ Sucesso - Custo: 349

=== Teste #303 - Vértices: 30, Arestas: 48 ===
✅ Sucesso - Custo: 235

=== Teste #304 - Vértices: 19, Arestas: 53 ===
✅ Sucesso - Custo: 143

=== Teste #305 - Vértices: 33, Arestas: 42 ===
✅ Sucesso - Custo: 309

=== Teste #306 - Vértices: 16, Arestas: 23 ===
✅ Sucesso - Custo: 113

=== Teste #307 - Vértices: 47, Arestas: 76 ===
✅ Sucesso - Custo: 457

=== Teste #308 - Vértices: 15, Arestas: 36 ===
✅ Sucesso - Custo: 99

=== Teste #309 - Vértices: 25, Arestas: 75 ===
❌ Erro: Custos divergentes: CHULIU 154, FRANK 155, FRANK_V2 155
Traceback (most recent call last):
  File "/Users/lorenypsum/Library/Mobile Documents/com~apple~CloudDocs/repo/graph-visualizer.nosync/volume_tester.py", line 124, in <module>
    assert custo1 == custo2 == custo3, (
           ^^^^^^^^^^^^^^^^^^^^^^^^^^
AssertionError: Custos divergentes: CHULIU 154, FRANK 155, FRANK_V2 155

=== Teste #310 - Vértices: 47, Arestas: 135 ===
❌ Erro: Custos divergentes: CHULIU 275, FRANK 263, FRANK_V2 263
Traceback (most recent call last):
  File "/Users/lorenypsum/Library/Mobile Documents/com~apple~CloudDocs/repo/graph-visualizer.nosync/volume_tester.py", line 124, in <module>
    assert custo1 == custo2 == custo3, (
           ^^^^^^^^^^^^^^^^^^^^^^^^^^
AssertionError: Custos divergentes: CHULIU 275, FRANK 263, FRANK_V2 263

=== Teste #311 - Vértices: 13, Arestas: 17 ===
✅ Sucesso - Custo: 145

=== Teste #312 - Vértices: 14, Arestas: 15 ===
✅ Sucesso - Custo: 134

=== Teste #313 - Vértices: 46, Arestas: 65 ===
✅ Sucesso - Custo: 387

=== Teste #314 - Vértices: 17, Arestas: 34 ===
✅ Sucesso - Custo: 163

=== Teste #315 - Vértices: 42, Arestas: 87 ===
✅ Sucesso - Custo: 314

=== Teste #316 - Vértices: 34, Arestas: 95 ===
✅ Sucesso - Custo: 183

=== Teste #317 - Vértices: 42, Arestas: 96 ===
❌ Erro: Custos divergentes: CHULIU 263, FRANK 266, FRANK_V2 266
Traceback (most recent call last):
  File "/Users/lorenypsum/Library/Mobile Documents/com~apple~CloudDocs/repo/graph-visualizer.nosync/volume_tester.py", line 124, in <module>
    assert custo1 == custo2 == custo3, (
           ^^^^^^^^^^^^^^^^^^^^^^^^^^
AssertionError: Custos divergentes: CHULIU 263, FRANK 266, FRANK_V2 266

=== Teste #318 - Vértices: 43, Arestas: 116 ===
✅ Sucesso - Custo: 322

=== Teste #319 - Vértices: 16, Arestas: 23 ===
✅ Sucesso - Custo: 155

=== Teste #320 - Vértices: 19, Arestas: 50 ===
❌ Erro: Custos divergentes: CHULIU 129, FRANK 134, FRANK_V2 134
Traceback (most recent call last):
  File "/Users/lorenypsum/Library/Mobile Documents/com~apple~CloudDocs/repo/graph-visualizer.nosync/volume_tester.py", line 124, in <module>
    assert custo1 == custo2 == custo3, (
           ^^^^^^^^^^^^^^^^^^^^^^^^^^
AssertionError: Custos divergentes: CHULIU 129, FRANK 134, FRANK_V2 134

=== Teste #321 - Vértices: 34, Arestas: 56 ===
✅ Sucesso - Custo: 333

=== Teste #322 - Vértices: 35, Arestas: 61 ===
✅ Sucesso - Custo: 293

=== Teste #323 - Vértices: 17, Arestas: 47 ===
✅ Sucesso - Custo: 116

=== Teste #324 - Vértices: 17, Arestas: 27 ===
✅ Sucesso - Custo: 147

=== Teste #325 - Vértices: 25, Arestas: 75 ===
✅ Sucesso - Custo: 150

=== Teste #326 - Vértices: 12, Arestas: 15 ===
✅ Sucesso - Custo: 92

=== Teste #327 - Vértices: 16, Arestas: 37 ===
✅ Sucesso - Custo: 140

=== Teste #328 - Vértices: 44, Arestas: 65 ===
✅ Sucesso - Custo: 378

=== Teste #329 - Vértices: 31, Arestas: 40 ===
✅ Sucesso - Custo: 269

=== Teste #330 - Vértices: 22, Arestas: 53 ===
✅ Sucesso - Custo: 146

=== Teste #331 - Vértices: 50, Arestas: 136 ===
✅ Sucesso - Custo: 299

=== Teste #332 - Vértices: 31, Arestas: 87 ===
❌ Erro: Custos divergentes: CHULIU 263, FRANK 271, FRANK_V2 271
Traceback (most recent call last):
  File "/Users/lorenypsum/Library/Mobile Documents/com~apple~CloudDocs/repo/graph-visualizer.nosync/volume_tester.py", line 124, in <module>
    assert custo1 == custo2 == custo3, (
           ^^^^^^^^^^^^^^^^^^^^^^^^^^
AssertionError: Custos divergentes: CHULIU 263, FRANK 271, FRANK_V2 271

=== Teste #333 - Vértices: 36, Arestas: 83 ===
✅ Sucesso - Custo: 271

=== Teste #334 - Vértices: 14, Arestas: 24 ===
❌ Erro: Custos divergentes: CHULIU 127, FRANK 130, FRANK_V2 130
Traceback (most recent call last):
  File "/Users/lorenypsum/Library/Mobile Documents/com~apple~CloudDocs/repo/graph-visualizer.nosync/volume_tester.py", line 124, in <module>
    assert custo1 == custo2 == custo3, (
           ^^^^^^^^^^^^^^^^^^^^^^^^^^
AssertionError: Custos divergentes: CHULIU 127, FRANK 130, FRANK_V2 130

=== Teste #335 - Vértices: 26, Arestas: 45 ===
✅ Sucesso - Custo: 234

=== Teste #336 - Vértices: 42, Arestas: 45 ===
✅ Sucesso - Custo: 407

=== Teste #337 - Vértices: 33, Arestas: 88 ===
✅ Sucesso - Custo: 145

=== Teste #338 - Vértices: 38, Arestas: 111 ===
❌ Erro: Custos divergentes: CHULIU 274, FRANK 265, FRANK_V2 265
Traceback (most recent call last):
  File "/Users/lorenypsum/Library/Mobile Documents/com~apple~CloudDocs/repo/graph-visualizer.nosync/volume_tester.py", line 124, in <module>
    assert custo1 == custo2 == custo3, (
           ^^^^^^^^^^^^^^^^^^^^^^^^^^
AssertionError: Custos divergentes: CHULIU 274, FRANK 265, FRANK_V2 265

=== Teste #339 - Vértices: 28, Arestas: 45 ===
✅ Sucesso - Custo: 209

=== Teste #340 - Vértices: 48, Arestas: 96 ===
❌ Erro: Custos divergentes: CHULIU 371, FRANK 367, FRANK_V2 367
Traceback (most recent call last):
  File "/Users/lorenypsum/Library/Mobile Documents/com~apple~CloudDocs/repo/graph-visualizer.nosync/volume_tester.py", line 124, in <module>
    assert custo1 == custo2 == custo3, (
           ^^^^^^^^^^^^^^^^^^^^^^^^^^
AssertionError: Custos divergentes: CHULIU 371, FRANK 367, FRANK_V2 367

=== Teste #341 - Vértices: 44, Arestas: 106 ===
✅ Sucesso - Custo: 280

=== Teste #342 - Vértices: 16, Arestas: 33 ===
✅ Sucesso - Custo: 113

=== Teste #343 - Vértices: 34, Arestas: 60 ===
✅ Sucesso - Custo: 237

=== Teste #344 - Vértices: 23, Arestas: 38 ===
✅ Sucesso - Custo: 197

=== Teste #345 - Vértices: 24, Arestas: 63 ===
✅ Sucesso - Custo: 161

=== Teste #346 - Vértices: 31, Arestas: 31 ===
✅ Sucesso - Custo: 347

=== Teste #347 - Vértices: 15, Arestas: 18 ===
✅ Sucesso - Custo: 117

=== Teste #348 - Vértices: 34, Arestas: 54 ===
✅ Sucesso - Custo: 287

=== Teste #349 - Vértices: 10, Arestas: 16 ===
✅ Sucesso - Custo: 62

=== Teste #350 - Vértices: 23, Arestas: 67 ===
✅ Sucesso - Custo: 123

=== Teste #351 - Vértices: 13, Arestas: 16 ===
✅ Sucesso - Custo: 102

=== Teste #352 - Vértices: 35, Arestas: 74 ===
✅ Sucesso - Custo: 295

=== Teste #353 - Vértices: 28, Arestas: 78 ===
✅ Sucesso - Custo: 172

=== Teste #354 - Vértices: 19, Arestas: 48 ===
✅ Sucesso - Custo: 122

=== Teste #355 - Vértices: 40, Arestas: 59 ===
✅ Sucesso - Custo: 349

=== Teste #356 - Vértices: 47, Arestas: 97 ===
✅ Sucesso - Custo: 315

=== Teste #357 - Vértices: 11, Arestas: 27 ===
✅ Sucesso - Custo: 47

=== Teste #358 - Vértices: 43, Arestas: 66 ===
✅ Sucesso - Custo: 419

=== Teste #359 - Vértices: 14, Arestas: 33 ===
✅ Sucesso - Custo: 121

=== Teste #360 - Vértices: 23, Arestas: 59 ===
❌ Erro: Custos divergentes: CHULIU 193, FRANK 188, FRANK_V2 188
Traceback (most recent call last):
  File "/Users/lorenypsum/Library/Mobile Documents/com~apple~CloudDocs/repo/graph-visualizer.nosync/volume_tester.py", line 124, in <module>
    assert custo1 == custo2 == custo3, (
           ^^^^^^^^^^^^^^^^^^^^^^^^^^
AssertionError: Custos divergentes: CHULIU 193, FRANK 188, FRANK_V2 188

=== Teste #361 - Vértices: 19, Arestas: 51 ===
✅ Sucesso - Custo: 96

=== Teste #362 - Vértices: 10, Arestas: 15 ===
✅ Sucesso - Custo: 72

=== Teste #363 - Vértices: 47, Arestas: 82 ===
✅ Sucesso - Custo: 376

=== Teste #364 - Vértices: 16, Arestas: 33 ===
✅ Sucesso - Custo: 118

=== Teste #365 - Vértices: 25, Arestas: 30 ===
✅ Sucesso - Custo: 292

=== Teste #366 - Vértices: 36, Arestas: 82 ===
✅ Sucesso - Custo: 284

=== Teste #367 - Vértices: 30, Arestas: 54 ===
✅ Sucesso - Custo: 232

=== Teste #368 - Vértices: 13, Arestas: 19 ===
✅ Sucesso - Custo: 109

=== Teste #369 - Vértices: 28, Arestas: 77 ===
❌ Erro: Custos divergentes: CHULIU 160, FRANK 162, FRANK_V2 162
Traceback (most recent call last):
  File "/Users/lorenypsum/Library/Mobile Documents/com~apple~CloudDocs/repo/graph-visualizer.nosync/volume_tester.py", line 124, in <module>
    assert custo1 == custo2 == custo3, (
           ^^^^^^^^^^^^^^^^^^^^^^^^^^
AssertionError: Custos divergentes: CHULIU 160, FRANK 162, FRANK_V2 162

=== Teste #370 - Vértices: 35, Arestas: 74 ===
✅ Sucesso - Custo: 246

=== Teste #371 - Vértices: 14, Arestas: 37 ===
✅ Sucesso - Custo: 91

=== Teste #372 - Vértices: 14, Arestas: 37 ===
✅ Sucesso - Custo: 81

=== Teste #373 - Vértices: 16, Arestas: 32 ===
✅ Sucesso - Custo: 124

=== Teste #374 - Vértices: 13, Arestas: 29 ===
✅ Sucesso - Custo: 74

=== Teste #375 - Vértices: 47, Arestas: 55 ===
✅ Sucesso - Custo: 541

=== Teste #376 - Vértices: 41, Arestas: 105 ===
✅ Sucesso - Custo: 229

=== Teste #377 - Vértices: 28, Arestas: 73 ===
✅ Sucesso - Custo: 200

=== Teste #378 - Vértices: 15, Arestas: 22 ===
✅ Sucesso - Custo: 155

=== Teste #379 - Vértices: 33, Arestas: 50 ===
✅ Sucesso - Custo: 337

=== Teste #380 - Vértices: 39, Arestas: 102 ===
✅ Sucesso - Custo: 300

=== Teste #381 - Vértices: 13, Arestas: 30 ===
✅ Sucesso - Custo: 72

=== Teste #382 - Vértices: 28, Arestas: 67 ===
❌ Erro: Custos divergentes: CHULIU 156, FRANK 157, FRANK_V2 157
Traceback (most recent call last):
  File "/Users/lorenypsum/Library/Mobile Documents/com~apple~CloudDocs/repo/graph-visualizer.nosync/volume_tester.py", line 124, in <module>
    assert custo1 == custo2 == custo3, (
           ^^^^^^^^^^^^^^^^^^^^^^^^^^
AssertionError: Custos divergentes: CHULIU 156, FRANK 157, FRANK_V2 157

=== Teste #383 - Vértices: 22, Arestas: 52 ===
✅ Sucesso - Custo: 142

=== Teste #384 - Vértices: 39, Arestas: 100 ===
❌ Erro: Custos divergentes: CHULIU 311, FRANK 312, FRANK_V2 312
Traceback (most recent call last):
  File "/Users/lorenypsum/Library/Mobile Documents/com~apple~CloudDocs/repo/graph-visualizer.nosync/volume_tester.py", line 124, in <module>
    assert custo1 == custo2 == custo3, (
           ^^^^^^^^^^^^^^^^^^^^^^^^^^
AssertionError: Custos divergentes: CHULIU 311, FRANK 312, FRANK_V2 312

=== Teste #385 - Vértices: 32, Arestas: 83 ===
❌ Erro: Custos divergentes: CHULIU 213, FRANK 202, FRANK_V2 202
Traceback (most recent call last):
  File "/Users/lorenypsum/Library/Mobile Documents/com~apple~CloudDocs/repo/graph-visualizer.nosync/volume_tester.py", line 124, in <module>
    assert custo1 == custo2 == custo3, (
           ^^^^^^^^^^^^^^^^^^^^^^^^^^
AssertionError: Custos divergentes: CHULIU 213, FRANK 202, FRANK_V2 202

=== Teste #386 - Vértices: 42, Arestas: 83 ===
✅ Sucesso - Custo: 314

=== Teste #387 - Vértices: 45, Arestas: 99 ===
✅ Sucesso - Custo: 365

=== Teste #388 - Vértices: 34, Arestas: 77 ===
✅ Sucesso - Custo: 265

=== Teste #389 - Vértices: 42, Arestas: 58 ===
✅ Sucesso - Custo: 354

=== Teste #390 - Vértices: 21, Arestas: 48 ===
❌ Erro: Custos divergentes: CHULIU 168, FRANK 163, FRANK_V2 163
Traceback (most recent call last):
  File "/Users/lorenypsum/Library/Mobile Documents/com~apple~CloudDocs/repo/graph-visualizer.nosync/volume_tester.py", line 124, in <module>
    assert custo1 == custo2 == custo3, (
           ^^^^^^^^^^^^^^^^^^^^^^^^^^
AssertionError: Custos divergentes: CHULIU 168, FRANK 163, FRANK_V2 163

=== Teste #391 - Vértices: 44, Arestas: 70 ===
✅ Sucesso - Custo: 411

=== Teste #392 - Vértices: 17, Arestas: 18 ===
✅ Sucesso - Custo: 188

=== Teste #393 - Vértices: 17, Arestas: 26 ===
✅ Sucesso - Custo: 105

=== Teste #394 - Vértices: 49, Arestas: 54 ===
✅ Sucesso - Custo: 402

=== Teste #395 - Vértices: 41, Arestas: 61 ===
✅ Sucesso - Custo: 358

=== Teste #396 - Vértices: 22, Arestas: 39 ===
✅ Sucesso - Custo: 148

=== Teste #397 - Vértices: 44, Arestas: 99 ===
✅ Sucesso - Custo: 339

=== Teste #398 - Vértices: 37, Arestas: 71 ===
❌ Erro: Custos divergentes: CHULIU 248, FRANK 249, FRANK_V2 249
Traceback (most recent call last):
  File "/Users/lorenypsum/Library/Mobile Documents/com~apple~CloudDocs/repo/graph-visualizer.nosync/volume_tester.py", line 124, in <module>
    assert custo1 == custo2 == custo3, (
           ^^^^^^^^^^^^^^^^^^^^^^^^^^
AssertionError: Custos divergentes: CHULIU 248, FRANK 249, FRANK_V2 249

=== Teste #399 - Vértices: 20, Arestas: 24 ===
✅ Sucesso - Custo: 183

=== Teste #400 - Vértices: 25, Arestas: 40 ===
✅ Sucesso - Custo: 216

=== Teste #401 - Vértices: 37, Arestas: 61 ===
✅ Sucesso - Custo: 242

=== Teste #402 - Vértices: 14, Arestas: 21 ===
✅ Sucesso - Custo: 125

=== Teste #403 - Vértices: 43, Arestas: 45 ===
✅ Sucesso - Custo: 478

=== Teste #404 - Vértices: 47, Arestas: 109 ===
✅ Sucesso - Custo: 325

=== Teste #405 - Vértices: 41, Arestas: 94 ===
✅ Sucesso - Custo: 278

=== Teste #406 - Vértices: 47, Arestas: 112 ===
✅ Sucesso - Custo: 356

=== Teste #407 - Vértices: 47, Arestas: 51 ===
✅ Sucesso - Custo: 491

=== Teste #408 - Vértices: 24, Arestas: 57 ===
✅ Sucesso - Custo: 168

=== Teste #409 - Vértices: 50, Arestas: 134 ===
✅ Sucesso - Custo: 319

=== Teste #410 - Vértices: 31, Arestas: 59 ===
✅ Sucesso - Custo: 276

=== Teste #411 - Vértices: 22, Arestas: 51 ===
✅ Sucesso - Custo: 181

=== Teste #412 - Vértices: 36, Arestas: 69 ===
✅ Sucesso - Custo: 255

=== Teste #413 - Vértices: 11, Arestas: 11 ===
✅ Sucesso - Custo: 90

=== Teste #414 - Vértices: 39, Arestas: 79 ===
❌ Erro: Custos divergentes: CHULIU 349, FRANK 351, FRANK_V2 351
Traceback (most recent call last):
  File "/Users/lorenypsum/Library/Mobile Documents/com~apple~CloudDocs/repo/graph-visualizer.nosync/volume_tester.py", line 124, in <module>
    assert custo1 == custo2 == custo3, (
           ^^^^^^^^^^^^^^^^^^^^^^^^^^
AssertionError: Custos divergentes: CHULIU 349, FRANK 351, FRANK_V2 351

=== Teste #415 - Vértices: 35, Arestas: 90 ===
✅ Sucesso - Custo: 249

=== Teste #416 - Vértices: 21, Arestas: 63 ===
✅ Sucesso - Custo: 127

=== Teste #417 - Vértices: 13, Arestas: 23 ===
✅ Sucesso - Custo: 103

=== Teste #418 - Vértices: 44, Arestas: 87 ===
✅ Sucesso - Custo: 309

=== Teste #419 - Vértices: 33, Arestas: 55 ===
✅ Sucesso - Custo: 274

=== Teste #420 - Vértices: 27, Arestas: 46 ===
✅ Sucesso - Custo: 192

=== Teste #421 - Vértices: 37, Arestas: 44 ===
✅ Sucesso - Custo: 331

=== Teste #422 - Vértices: 16, Arestas: 38 ===
✅ Sucesso - Custo: 112

=== Teste #423 - Vértices: 50, Arestas: 80 ===
❌ Erro: Custos divergentes: CHULIU 450, FRANK 451, FRANK_V2 451
Traceback (most recent call last):
  File "/Users/lorenypsum/Library/Mobile Documents/com~apple~CloudDocs/repo/graph-visualizer.nosync/volume_tester.py", line 124, in <module>
    assert custo1 == custo2 == custo3, (
           ^^^^^^^^^^^^^^^^^^^^^^^^^^
AssertionError: Custos divergentes: CHULIU 450, FRANK 451, FRANK_V2 451

=== Teste #424 - Vértices: 35, Arestas: 52 ===
✅ Sucesso - Custo: 322

=== Teste #425 - Vértices: 32, Arestas: 32 ===
✅ Sucesso - Custo: 337

=== Teste #426 - Vértices: 42, Arestas: 52 ===
✅ Sucesso - Custo: 374

=== Teste #427 - Vértices: 45, Arestas: 68 ===
✅ Sucesso - Custo: 400

=== Teste #428 - Vértices: 24, Arestas: 33 ===
✅ Sucesso - Custo: 233

=== Teste #429 - Vértices: 21, Arestas: 63 ===
❌ Erro: Custos divergentes: CHULIU 129, FRANK 120, FRANK_V2 120
Traceback (most recent call last):
  File "/Users/lorenypsum/Library/Mobile Documents/com~apple~CloudDocs/repo/graph-visualizer.nosync/volume_tester.py", line 124, in <module>
    assert custo1 == custo2 == custo3, (
           ^^^^^^^^^^^^^^^^^^^^^^^^^^
AssertionError: Custos divergentes: CHULIU 129, FRANK 120, FRANK_V2 120

=== Teste #430 - Vértices: 28, Arestas: 78 ===
✅ Sucesso - Custo: 192

=== Teste #431 - Vértices: 14, Arestas: 20 ===
✅ Sucesso - Custo: 156

=== Teste #432 - Vértices: 20, Arestas: 20 ===
✅ Sucesso - Custo: 196

=== Teste #433 - Vértices: 40, Arestas: 88 ===
✅ Sucesso - Custo: 246

=== Teste #434 - Vértices: 33, Arestas: 84 ===
❌ Erro: Custos divergentes: CHULIU 265, FRANK 256, FRANK_V2 256
Traceback (most recent call last):
  File "/Users/lorenypsum/Library/Mobile Documents/com~apple~CloudDocs/repo/graph-visualizer.nosync/volume_tester.py", line 124, in <module>
    assert custo1 == custo2 == custo3, (
           ^^^^^^^^^^^^^^^^^^^^^^^^^^
AssertionError: Custos divergentes: CHULIU 265, FRANK 256, FRANK_V2 256

=== Teste #435 - Vértices: 18, Arestas: 41 ===
❌ Erro: Custos divergentes: CHULIU 143, FRANK 144, FRANK_V2 144
Traceback (most recent call last):
  File "/Users/lorenypsum/Library/Mobile Documents/com~apple~CloudDocs/repo/graph-visualizer.nosync/volume_tester.py", line 124, in <module>
    assert custo1 == custo2 == custo3, (
           ^^^^^^^^^^^^^^^^^^^^^^^^^^
AssertionError: Custos divergentes: CHULIU 143, FRANK 144, FRANK_V2 144

=== Teste #436 - Vértices: 42, Arestas: 89 ===
❌ Erro: Custos divergentes: CHULIU 306, FRANK 303, FRANK_V2 303
Traceback (most recent call last):
  File "/Users/lorenypsum/Library/Mobile Documents/com~apple~CloudDocs/repo/graph-visualizer.nosync/volume_tester.py", line 124, in <module>
    assert custo1 == custo2 == custo3, (
           ^^^^^^^^^^^^^^^^^^^^^^^^^^
AssertionError: Custos divergentes: CHULIU 306, FRANK 303, FRANK_V2 303

=== Teste #437 - Vértices: 44, Arestas: 79 ===
✅ Sucesso - Custo: 364

=== Teste #438 - Vértices: 21, Arestas: 26 ===
✅ Sucesso - Custo: 207

=== Teste #439 - Vértices: 24, Arestas: 47 ===
❌ Erro: Custos divergentes: CHULIU 255, FRANK 247, FRANK_V2 247
Traceback (most recent call last):
  File "/Users/lorenypsum/Library/Mobile Documents/com~apple~CloudDocs/repo/graph-visualizer.nosync/volume_tester.py", line 124, in <module>
    assert custo1 == custo2 == custo3, (
           ^^^^^^^^^^^^^^^^^^^^^^^^^^
AssertionError: Custos divergentes: CHULIU 255, FRANK 247, FRANK_V2 247

=== Teste #440 - Vértices: 23, Arestas: 33 ===
✅ Sucesso - Custo: 185

=== Teste #441 - Vértices: 27, Arestas: 68 ===
✅ Sucesso - Custo: 143

=== Teste #442 - Vértices: 43, Arestas: 61 ===
✅ Sucesso - Custo: 371

=== Teste #443 - Vértices: 49, Arestas: 122 ===
✅ Sucesso - Custo: 279

=== Teste #444 - Vértices: 47, Arestas: 138 ===
✅ Sucesso - Custo: 326

=== Teste #445 - Vértices: 23, Arestas: 69 ===
✅ Sucesso - Custo: 134

=== Teste #446 - Vértices: 15, Arestas: 42 ===
✅ Sucesso - Custo: 67

=== Teste #447 - Vértices: 12, Arestas: 36 ===
❌ Erro: Custos divergentes: CHULIU 74, FRANK 68, FRANK_V2 68
Traceback (most recent call last):
  File "/Users/lorenypsum/Library/Mobile Documents/com~apple~CloudDocs/repo/graph-visualizer.nosync/volume_tester.py", line 124, in <module>
    assert custo1 == custo2 == custo3, (
           ^^^^^^^^^^^^^^^^^^^^^^^^^^
AssertionError: Custos divergentes: CHULIU 74, FRANK 68, FRANK_V2 68

=== Teste #448 - Vértices: 36, Arestas: 58 ===
✅ Sucesso - Custo: 292

=== Teste #449 - Vértices: 48, Arestas: 48 ===
✅ Sucesso - Custo: 516

=== Teste #450 - Vértices: 31, Arestas: 60 ===
✅ Sucesso - Custo: 205

=== Teste #451 - Vértices: 43, Arestas: 82 ===
✅ Sucesso - Custo: 354

=== Teste #452 - Vértices: 25, Arestas: 68 ===
✅ Sucesso - Custo: 167

=== Teste #453 - Vértices: 31, Arestas: 58 ===
✅ Sucesso - Custo: 302

=== Teste #454 - Vértices: 24, Arestas: 42 ===
✅ Sucesso - Custo: 203

=== Teste #455 - Vértices: 15, Arestas: 17 ===
✅ Sucesso - Custo: 143

=== Teste #456 - Vértices: 29, Arestas: 33 ===
✅ Sucesso - Custo: 285

=== Teste #457 - Vértices: 31, Arestas: 50 ===
✅ Sucesso - Custo: 261

=== Teste #458 - Vértices: 43, Arestas: 88 ===
✅ Sucesso - Custo: 372

=== Teste #459 - Vértices: 27, Arestas: 74 ===
✅ Sucesso - Custo: 215

=== Teste #460 - Vértices: 17, Arestas: 21 ===
✅ Sucesso - Custo: 148

=== Teste #461 - Vértices: 43, Arestas: 113 ===
❌ Erro: Custos divergentes: CHULIU 279, FRANK 271, FRANK_V2 271
Traceback (most recent call last):
  File "/Users/lorenypsum/Library/Mobile Documents/com~apple~CloudDocs/repo/graph-visualizer.nosync/volume_tester.py", line 124, in <module>
    assert custo1 == custo2 == custo3, (
           ^^^^^^^^^^^^^^^^^^^^^^^^^^
AssertionError: Custos divergentes: CHULIU 279, FRANK 271, FRANK_V2 271

=== Teste #462 - Vértices: 39, Arestas: 108 ===
✅ Sucesso - Custo: 258

=== Teste #463 - Vértices: 21, Arestas: 55 ===
✅ Sucesso - Custo: 144

=== Teste #464 - Vértices: 19, Arestas: 29 ===
✅ Sucesso - Custo: 160

=== Teste #465 - Vértices: 27, Arestas: 28 ===
✅ Sucesso - Custo: 249

=== Teste #466 - Vértices: 47, Arestas: 53 ===
✅ Sucesso - Custo: 428

=== Teste #467 - Vértices: 43, Arestas: 58 ===
✅ Sucesso - Custo: 346

=== Teste #468 - Vértices: 39, Arestas: 60 ===
✅ Sucesso - Custo: 282

=== Teste #469 - Vértices: 25, Arestas: 28 ===
✅ Sucesso - Custo: 232

=== Teste #470 - Vértices: 10, Arestas: 11 ===
✅ Sucesso - Custo: 69

=== Teste #471 - Vértices: 35, Arestas: 35 ===
✅ Sucesso - Custo: 374

=== Teste #472 - Vértices: 28, Arestas: 58 ===
✅ Sucesso - Custo: 212

=== Teste #473 - Vértices: 32, Arestas: 67 ===
✅ Sucesso - Custo: 248

=== Teste #474 - Vértices: 48, Arestas: 95 ===
✅ Sucesso - Custo: 390

=== Teste #475 - Vértices: 50, Arestas: 104 ===
✅ Sucesso - Custo: 365

=== Teste #476 - Vértices: 40, Arestas: 67 ===
✅ Sucesso - Custo: 311

=== Teste #477 - Vértices: 12, Arestas: 15 ===
✅ Sucesso - Custo: 84

=== Teste #478 - Vértices: 18, Arestas: 52 ===
❌ Erro: Custos divergentes: CHULIU 116, FRANK 114, FRANK_V2 114
Traceback (most recent call last):
  File "/Users/lorenypsum/Library/Mobile Documents/com~apple~CloudDocs/repo/graph-visualizer.nosync/volume_tester.py", line 124, in <module>
    assert custo1 == custo2 == custo3, (
           ^^^^^^^^^^^^^^^^^^^^^^^^^^
AssertionError: Custos divergentes: CHULIU 116, FRANK 114, FRANK_V2 114

=== Teste #479 - Vértices: 12, Arestas: 31 ===
✅ Sucesso - Custo: 55

=== Teste #480 - Vértices: 10, Arestas: 22 ===
✅ Sucesso - Custo: 64

=== Teste #481 - Vértices: 39, Arestas: 55 ===
✅ Sucesso - Custo: 326

=== Teste #482 - Vértices: 30, Arestas: 43 ===
✅ Sucesso - Custo: 343

=== Teste #483 - Vértices: 24, Arestas: 40 ===
❌ Erro: Custos divergentes: CHULIU 234, FRANK 230, FRANK_V2 230
Traceback (most recent call last):
  File "/Users/lorenypsum/Library/Mobile Documents/com~apple~CloudDocs/repo/graph-visualizer.nosync/volume_tester.py", line 124, in <module>
    assert custo1 == custo2 == custo3, (
           ^^^^^^^^^^^^^^^^^^^^^^^^^^
AssertionError: Custos divergentes: CHULIU 234, FRANK 230, FRANK_V2 230

=== Teste #484 - Vértices: 49, Arestas: 114 ===
✅ Sucesso - Custo: 357

=== Teste #485 - Vértices: 24, Arestas: 72 ===
✅ Sucesso - Custo: 184

=== Teste #486 - Vértices: 14, Arestas: 14 ===
✅ Sucesso - Custo: 128

=== Teste #487 - Vértices: 31, Arestas: 44 ===
✅ Sucesso - Custo: 258

=== Teste #488 - Vértices: 25, Arestas: 63 ===
✅ Sucesso - Custo: 198

=== Teste #489 - Vértices: 36, Arestas: 70 ===
✅ Sucesso - Custo: 271

=== Teste #490 - Vértices: 20, Arestas: 20 ===
✅ Sucesso - Custo: 186

=== Teste #491 - Vértices: 32, Arestas: 88 ===
✅ Sucesso - Custo: 178

=== Teste #492 - Vértices: 27, Arestas: 43 ===
✅ Sucesso - Custo: 191

=== Teste #493 - Vértices: 48, Arestas: 57 ===
✅ Sucesso - Custo: 423

=== Teste #494 - Vértices: 39, Arestas: 96 ===
❌ Erro: Custos divergentes: CHULIU 238, FRANK 239, FRANK_V2 239
Traceback (most recent call last):
  File "/Users/lorenypsum/Library/Mobile Documents/com~apple~CloudDocs/repo/graph-visualizer.nosync/volume_tester.py", line 124, in <module>
    assert custo1 == custo2 == custo3, (
           ^^^^^^^^^^^^^^^^^^^^^^^^^^
AssertionError: Custos divergentes: CHULIU 238, FRANK 239, FRANK_V2 239

=== Teste #495 - Vértices: 25, Arestas: 59 ===
✅ Sucesso - Custo: 159

=== Teste #496 - Vértices: 22, Arestas: 45 ===
✅ Sucesso - Custo: 141

=== Teste #497 - Vértices: 44, Arestas: 51 ===
✅ Sucesso - Custo: 380

=== Teste #498 - Vértices: 13, Arestas: 25 ===
✅ Sucesso - Custo: 101

=== Teste #499 - Vértices: 21, Arestas: 39 ===
✅ Sucesso - Custo: 133

=== Teste #500 - Vértices: 45, Arestas: 133 ===
✅ Sucesso - Custo: 314

=== Teste #501 - Vértices: 40, Arestas: 68 ===
✅ Sucesso - Custo: 315

=== Teste #502 - Vértices: 15, Arestas: 28 ===
✅ Sucesso - Custo: 115

=== Teste #503 - Vértices: 27, Arestas: 28 ===
✅ Sucesso - Custo: 250

=== Teste #504 - Vértices: 42, Arestas: 65 ===
✅ Sucesso - Custo: 346

=== Teste #505 - Vértices: 10, Arestas: 10 ===
✅ Sucesso - Custo: 87

=== Teste #506 - Vértices: 50, Arestas: 58 ===
✅ Sucesso - Custo: 562

=== Teste #507 - Vértices: 47, Arestas: 95 ===
✅ Sucesso - Custo: 433

=== Teste #508 - Vértices: 35, Arestas: 63 ===
✅ Sucesso - Custo: 269

=== Teste #509 - Vértices: 47, Arestas: 130 ===
❌ Erro: Custos divergentes: CHULIU 309, FRANK 312, FRANK_V2 312
Traceback (most recent call last):
  File "/Users/lorenypsum/Library/Mobile Documents/com~apple~CloudDocs/repo/graph-visualizer.nosync/volume_tester.py", line 124, in <module>
    assert custo1 == custo2 == custo3, (
           ^^^^^^^^^^^^^^^^^^^^^^^^^^
AssertionError: Custos divergentes: CHULIU 309, FRANK 312, FRANK_V2 312

=== Teste #510 - Vértices: 30, Arestas: 52 ===
✅ Sucesso - Custo: 244

=== Teste #511 - Vértices: 49, Arestas: 59 ===
✅ Sucesso - Custo: 465

=== Teste #512 - Vértices: 22, Arestas: 49 ===
❌ Erro: Custos divergentes: CHULIU 214, FRANK 203, FRANK_V2 203
Traceback (most recent call last):
  File "/Users/lorenypsum/Library/Mobile Documents/com~apple~CloudDocs/repo/graph-visualizer.nosync/volume_tester.py", line 124, in <module>
    assert custo1 == custo2 == custo3, (
           ^^^^^^^^^^^^^^^^^^^^^^^^^^
AssertionError: Custos divergentes: CHULIU 214, FRANK 203, FRANK_V2 203

=== Teste #513 - Vértices: 22, Arestas: 44 ===
✅ Sucesso - Custo: 176

=== Teste #514 - Vértices: 19, Arestas: 53 ===
✅ Sucesso - Custo: 99

=== Teste #515 - Vértices: 25, Arestas: 68 ===
❌ Erro: Custos divergentes: CHULIU 132, FRANK 136, FRANK_V2 136
Traceback (most recent call last):
  File "/Users/lorenypsum/Library/Mobile Documents/com~apple~CloudDocs/repo/graph-visualizer.nosync/volume_tester.py", line 124, in <module>
    assert custo1 == custo2 == custo3, (
           ^^^^^^^^^^^^^^^^^^^^^^^^^^
AssertionError: Custos divergentes: CHULIU 132, FRANK 136, FRANK_V2 136

=== Teste #516 - Vértices: 11, Arestas: 16 ===
✅ Sucesso - Custo: 42

=== Teste #517 - Vértices: 24, Arestas: 34 ===
✅ Sucesso - Custo: 221

=== Teste #518 - Vértices: 11, Arestas: 28 ===
✅ Sucesso - Custo: 65

=== Teste #519 - Vértices: 13, Arestas: 34 ===
✅ Sucesso - Custo: 69

=== Teste #520 - Vértices: 15, Arestas: 20 ===
✅ Sucesso - Custo: 123

=== Teste #521 - Vértices: 22, Arestas: 62 ===
✅ Sucesso - Custo: 148

=== Teste #522 - Vértices: 49, Arestas: 122 ===
✅ Sucesso - Custo: 304

=== Teste #523 - Vértices: 10, Arestas: 13 ===
✅ Sucesso - Custo: 89

=== Teste #524 - Vértices: 33, Arestas: 54 ===
✅ Sucesso - Custo: 310

=== Teste #525 - Vértices: 22, Arestas: 46 ===
✅ Sucesso - Custo: 184

=== Teste #526 - Vértices: 18, Arestas: 50 ===
✅ Sucesso - Custo: 116

=== Teste #527 - Vértices: 50, Arestas: 149 ===
✅ Sucesso - Custo: 270

=== Teste #528 - Vértices: 47, Arestas: 124 ===
✅ Sucesso - Custo: 326

=== Teste #529 - Vértices: 31, Arestas: 55 ===
✅ Sucesso - Custo: 241

=== Teste #530 - Vértices: 32, Arestas: 72 ===
✅ Sucesso - Custo: 219

=== Teste #531 - Vértices: 50, Arestas: 141 ===
✅ Sucesso - Custo: 328

=== Teste #532 - Vértices: 41, Arestas: 65 ===
✅ Sucesso - Custo: 342

=== Teste #533 - Vértices: 14, Arestas: 19 ===
✅ Sucesso - Custo: 93

=== Teste #534 - Vértices: 46, Arestas: 79 ===
✅ Sucesso - Custo: 351

=== Teste #535 - Vértices: 36, Arestas: 47 ===
✅ Sucesso - Custo: 322

=== Teste #536 - Vértices: 18, Arestas: 35 ===
✅ Sucesso - Custo: 132

=== Teste #537 - Vértices: 30, Arestas: 72 ===
❌ Erro: Custos divergentes: CHULIU 210, FRANK 204, FRANK_V2 204
Traceback (most recent call last):
  File "/Users/lorenypsum/Library/Mobile Documents/com~apple~CloudDocs/repo/graph-visualizer.nosync/volume_tester.py", line 124, in <module>
    assert custo1 == custo2 == custo3, (
           ^^^^^^^^^^^^^^^^^^^^^^^^^^
AssertionError: Custos divergentes: CHULIU 210, FRANK 204, FRANK_V2 204

=== Teste #538 - Vértices: 13, Arestas: 13 ===
✅ Sucesso - Custo: 142

=== Teste #539 - Vértices: 22, Arestas: 33 ===
✅ Sucesso - Custo: 219

=== Teste #540 - Vértices: 22, Arestas: 27 ===
✅ Sucesso - Custo: 207

=== Teste #541 - Vértices: 26, Arestas: 64 ===
✅ Sucesso - Custo: 152

=== Teste #542 - Vértices: 21, Arestas: 48 ===
❌ Erro: Custos divergentes: CHULIU 149, FRANK 150, FRANK_V2 150
Traceback (most recent call last):
  File "/Users/lorenypsum/Library/Mobile Documents/com~apple~CloudDocs/repo/graph-visualizer.nosync/volume_tester.py", line 124, in <module>
    assert custo1 == custo2 == custo3, (
           ^^^^^^^^^^^^^^^^^^^^^^^^^^
AssertionError: Custos divergentes: CHULIU 149, FRANK 150, FRANK_V2 150

=== Teste #543 - Vértices: 41, Arestas: 62 ===
✅ Sucesso - Custo: 367

=== Teste #544 - Vértices: 28, Arestas: 56 ===
✅ Sucesso - Custo: 188

=== Teste #545 - Vértices: 16, Arestas: 38 ===
✅ Sucesso - Custo: 82

=== Teste #546 - Vértices: 25, Arestas: 40 ===
✅ Sucesso - Custo: 232

=== Teste #547 - Vértices: 47, Arestas: 131 ===
✅ Sucesso - Custo: 255

=== Teste #548 - Vértices: 18, Arestas: 30 ===
✅ Sucesso - Custo: 148

=== Teste #549 - Vértices: 12, Arestas: 27 ===
✅ Sucesso - Custo: 96

=== Teste #550 - Vértices: 48, Arestas: 111 ===
❌ Erro: Custos divergentes: CHULIU 283, FRANK 279, FRANK_V2 279
Traceback (most recent call last):
  File "/Users/lorenypsum/Library/Mobile Documents/com~apple~CloudDocs/repo/graph-visualizer.nosync/volume_tester.py", line 124, in <module>
    assert custo1 == custo2 == custo3, (
           ^^^^^^^^^^^^^^^^^^^^^^^^^^
AssertionError: Custos divergentes: CHULIU 283, FRANK 279, FRANK_V2 279

=== Teste #551 - Vértices: 30, Arestas: 59 ===
✅ Sucesso - Custo: 252

=== Teste #552 - Vértices: 35, Arestas: 48 ===
✅ Sucesso - Custo: 396

=== Teste #553 - Vértices: 23, Arestas: 66 ===
✅ Sucesso - Custo: 163

=== Teste #554 - Vértices: 15, Arestas: 42 ===
❌ Erro: Custos divergentes: CHULIU 127, FRANK 118, FRANK_V2 118
Traceback (most recent call last):
  File "/Users/lorenypsum/Library/Mobile Documents/com~apple~CloudDocs/repo/graph-visualizer.nosync/volume_tester.py", line 124, in <module>
    assert custo1 == custo2 == custo3, (
           ^^^^^^^^^^^^^^^^^^^^^^^^^^
AssertionError: Custos divergentes: CHULIU 127, FRANK 118, FRANK_V2 118

=== Teste #555 - Vértices: 32, Arestas: 78 ===
❌ Erro: Custos divergentes: CHULIU 246, FRANK 245, FRANK_V2 245
Traceback (most recent call last):
  File "/Users/lorenypsum/Library/Mobile Documents/com~apple~CloudDocs/repo/graph-visualizer.nosync/volume_tester.py", line 124, in <module>
    assert custo1 == custo2 == custo3, (
           ^^^^^^^^^^^^^^^^^^^^^^^^^^
AssertionError: Custos divergentes: CHULIU 246, FRANK 245, FRANK_V2 245

=== Teste #556 - Vértices: 48, Arestas: 58 ===
✅ Sucesso - Custo: 501

=== Teste #557 - Vértices: 16, Arestas: 23 ===
✅ Sucesso - Custo: 164

=== Teste #558 - Vértices: 14, Arestas: 37 ===
✅ Sucesso - Custo: 111

=== Teste #559 - Vértices: 22, Arestas: 31 ===
✅ Sucesso - Custo: 186

=== Teste #560 - Vértices: 33, Arestas: 36 ===
✅ Sucesso - Custo: 298

=== Teste #561 - Vértices: 11, Arestas: 11 ===
✅ Sucesso - Custo: 64

=== Teste #562 - Vértices: 16, Arestas: 46 ===
✅ Sucesso - Custo: 93

=== Teste #563 - Vértices: 50, Arestas: 65 ===
✅ Sucesso - Custo: 464

=== Teste #564 - Vértices: 35, Arestas: 105 ===
❌ Erro: Custos divergentes: CHULIU 216, FRANK 218, FRANK_V2 218
Traceback (most recent call last):
  File "/Users/lorenypsum/Library/Mobile Documents/com~apple~CloudDocs/repo/graph-visualizer.nosync/volume_tester.py", line 124, in <module>
    assert custo1 == custo2 == custo3, (
           ^^^^^^^^^^^^^^^^^^^^^^^^^^
AssertionError: Custos divergentes: CHULIU 216, FRANK 218, FRANK_V2 218

=== Teste #565 - Vértices: 27, Arestas: 41 ===
❌ Erro: Custos divergentes: CHULIU 209, FRANK 200, FRANK_V2 200
Traceback (most recent call last):
  File "/Users/lorenypsum/Library/Mobile Documents/com~apple~CloudDocs/repo/graph-visualizer.nosync/volume_tester.py", line 124, in <module>
    assert custo1 == custo2 == custo3, (
           ^^^^^^^^^^^^^^^^^^^^^^^^^^
AssertionError: Custos divergentes: CHULIU 209, FRANK 200, FRANK_V2 200

=== Teste #566 - Vértices: 28, Arestas: 67 ===
✅ Sucesso - Custo: 180

=== Teste #567 - Vértices: 24, Arestas: 48 ===
✅ Sucesso - Custo: 153

=== Teste #568 - Vértices: 43, Arestas: 54 ===
✅ Sucesso - Custo: 407

=== Teste #569 - Vértices: 18, Arestas: 40 ===
✅ Sucesso - Custo: 103

=== Teste #570 - Vértices: 23, Arestas: 55 ===
✅ Sucesso - Custo: 137

=== Teste #571 - Vértices: 46, Arestas: 51 ===
✅ Sucesso - Custo: 504

=== Teste #572 - Vértices: 41, Arestas: 57 ===
✅ Sucesso - Custo: 397

=== Teste #573 - Vértices: 31, Arestas: 43 ===
✅ Sucesso - Custo: 288

=== Teste #574 - Vértices: 30, Arestas: 31 ===
✅ Sucesso - Custo: 315

=== Teste #575 - Vértices: 34, Arestas: 78 ===
✅ Sucesso - Custo: 219

=== Teste #576 - Vértices: 13, Arestas: 26 ===
✅ Sucesso - Custo: 80

=== Teste #577 - Vértices: 36, Arestas: 83 ===
❌ Erro: Custos divergentes: CHULIU 242, FRANK 250, FRANK_V2 250
Traceback (most recent call last):
  File "/Users/lorenypsum/Library/Mobile Documents/com~apple~CloudDocs/repo/graph-visualizer.nosync/volume_tester.py", line 124, in <module>
    assert custo1 == custo2 == custo3, (
           ^^^^^^^^^^^^^^^^^^^^^^^^^^
AssertionError: Custos divergentes: CHULIU 242, FRANK 250, FRANK_V2 250

=== Teste #578 - Vértices: 49, Arestas: 93 ===
✅ Sucesso - Custo: 329

=== Teste #579 - Vértices: 25, Arestas: 42 ===
✅ Sucesso - Custo: 163

=== Teste #580 - Vértices: 21, Arestas: 33 ===
❌ Erro: Custos divergentes: CHULIU 183, FRANK 177, FRANK_V2 177
Traceback (most recent call last):
  File "/Users/lorenypsum/Library/Mobile Documents/com~apple~CloudDocs/repo/graph-visualizer.nosync/volume_tester.py", line 124, in <module>
    assert custo1 == custo2 == custo3, (
           ^^^^^^^^^^^^^^^^^^^^^^^^^^
AssertionError: Custos divergentes: CHULIU 183, FRANK 177, FRANK_V2 177

=== Teste #581 - Vértices: 49, Arestas: 123 ===
✅ Sucesso - Custo: 295

=== Teste #582 - Vértices: 27, Arestas: 60 ===
✅ Sucesso - Custo: 205

=== Teste #583 - Vértices: 14, Arestas: 34 ===
❌ Erro: Custos divergentes: CHULIU 105, FRANK 107, FRANK_V2 107
Traceback (most recent call last):
  File "/Users/lorenypsum/Library/Mobile Documents/com~apple~CloudDocs/repo/graph-visualizer.nosync/volume_tester.py", line 124, in <module>
    assert custo1 == custo2 == custo3, (
           ^^^^^^^^^^^^^^^^^^^^^^^^^^
AssertionError: Custos divergentes: CHULIU 105, FRANK 107, FRANK_V2 107

=== Teste #584 - Vértices: 19, Arestas: 35 ===
✅ Sucesso - Custo: 179

=== Teste #585 - Vértices: 39, Arestas: 40 ===
✅ Sucesso - Custo: 383

=== Teste #586 - Vértices: 35, Arestas: 74 ===
✅ Sucesso - Custo: 258

=== Teste #587 - Vértices: 11, Arestas: 17 ===
✅ Sucesso - Custo: 76

=== Teste #588 - Vértices: 17, Arestas: 40 ===
❌ Erro: Custos divergentes: CHULIU 166, FRANK 159, FRANK_V2 159
Traceback (most recent call last):
  File "/Users/lorenypsum/Library/Mobile Documents/com~apple~CloudDocs/repo/graph-visualizer.nosync/volume_tester.py", line 124, in <module>
    assert custo1 == custo2 == custo3, (
           ^^^^^^^^^^^^^^^^^^^^^^^^^^
AssertionError: Custos divergentes: CHULIU 166, FRANK 159, FRANK_V2 159

=== Teste #589 - Vértices: 37, Arestas: 37 ===
✅ Sucesso - Custo: 334

=== Teste #590 - Vértices: 45, Arestas: 66 ===
✅ Sucesso - Custo: 416

=== Teste #591 - Vértices: 35, Arestas: 41 ===
✅ Sucesso - Custo: 384

=== Teste #592 - Vértices: 34, Arestas: 44 ===
✅ Sucesso - Custo: 362

=== Teste #593 - Vértices: 49, Arestas: 54 ===
✅ Sucesso - Custo: 519

=== Teste #594 - Vértices: 41, Arestas: 93 ===
✅ Sucesso - Custo: 239

=== Teste #595 - Vértices: 49, Arestas: 68 ===
❌ Erro: Custos divergentes: CHULIU 452, FRANK 453, FRANK_V2 453
Traceback (most recent call last):
  File "/Users/lorenypsum/Library/Mobile Documents/com~apple~CloudDocs/repo/graph-visualizer.nosync/volume_tester.py", line 124, in <module>
    assert custo1 == custo2 == custo3, (
           ^^^^^^^^^^^^^^^^^^^^^^^^^^
AssertionError: Custos divergentes: CHULIU 452, FRANK 453, FRANK_V2 453

=== Teste #596 - Vértices: 34, Arestas: 83 ===
✅ Sucesso - Custo: 216

=== Teste #597 - Vértices: 40, Arestas: 48 ===
✅ Sucesso - Custo: 397

=== Teste #598 - Vértices: 29, Arestas: 54 ===
✅ Sucesso - Custo: 217

=== Teste #599 - Vértices: 21, Arestas: 40 ===
✅ Sucesso - Custo: 144

=== Teste #600 - Vértices: 25, Arestas: 58 ===
❌ Erro: Custos divergentes: CHULIU 168, FRANK 153, FRANK_V2 153
Traceback (most recent call last):
  File "/Users/lorenypsum/Library/Mobile Documents/com~apple~CloudDocs/repo/graph-visualizer.nosync/volume_tester.py", line 124, in <module>
    assert custo1 == custo2 == custo3, (
           ^^^^^^^^^^^^^^^^^^^^^^^^^^
AssertionError: Custos divergentes: CHULIU 168, FRANK 153, FRANK_V2 153

=== Teste #601 - Vértices: 43, Arestas: 61 ===
✅ Sucesso - Custo: 377

=== Teste #602 - Vértices: 40, Arestas: 48 ===
✅ Sucesso - Custo: 351

=== Teste #603 - Vértices: 39, Arestas: 80 ===
✅ Sucesso - Custo: 310

=== Teste #604 - Vértices: 41, Arestas: 61 ===
✅ Sucesso - Custo: 389

=== Teste #605 - Vértices: 11, Arestas: 11 ===
✅ Sucesso - Custo: 100

=== Teste #606 - Vértices: 12, Arestas: 17 ===
✅ Sucesso - Custo: 125

=== Teste #607 - Vértices: 29, Arestas: 87 ===
❌ Erro: Custos divergentes: CHULIU 226, FRANK 228, FRANK_V2 228
Traceback (most recent call last):
  File "/Users/lorenypsum/Library/Mobile Documents/com~apple~CloudDocs/repo/graph-visualizer.nosync/volume_tester.py", line 124, in <module>
    assert custo1 == custo2 == custo3, (
           ^^^^^^^^^^^^^^^^^^^^^^^^^^
AssertionError: Custos divergentes: CHULIU 226, FRANK 228, FRANK_V2 228

=== Teste #608 - Vértices: 15, Arestas: 20 ===
✅ Sucesso - Custo: 128

=== Teste #609 - Vértices: 45, Arestas: 49 ===
✅ Sucesso - Custo: 398

=== Teste #610 - Vértices: 39, Arestas: 41 ===
✅ Sucesso - Custo: 430

=== Teste #611 - Vértices: 15, Arestas: 18 ===
✅ Sucesso - Custo: 127

=== Teste #612 - Vértices: 12, Arestas: 26 ===
✅ Sucesso - Custo: 71

=== Teste #613 - Vértices: 30, Arestas: 87 ===
✅ Sucesso - Custo: 170

=== Teste #614 - Vértices: 24, Arestas: 34 ===
✅ Sucesso - Custo: 248

=== Teste #615 - Vértices: 22, Arestas: 35 ===
✅ Sucesso - Custo: 176

=== Teste #616 - Vértices: 25, Arestas: 72 ===
✅ Sucesso - Custo: 144

=== Teste #617 - Vértices: 27, Arestas: 64 ===
✅ Sucesso - Custo: 194

=== Teste #618 - Vértices: 47, Arestas: 116 ===
✅ Sucesso - Custo: 289

=== Teste #619 - Vértices: 37, Arestas: 54 ===
✅ Sucesso - Custo: 356

=== Teste #620 - Vértices: 32, Arestas: 78 ===
✅ Sucesso - Custo: 200

=== Teste #621 - Vértices: 21, Arestas: 53 ===
✅ Sucesso - Custo: 171

=== Teste #622 - Vértices: 12, Arestas: 31 ===
✅ Sucesso - Custo: 81

=== Teste #623 - Vértices: 32, Arestas: 89 ===
✅ Sucesso - Custo: 200

=== Teste #624 - Vértices: 31, Arestas: 61 ===
✅ Sucesso - Custo: 214

=== Teste #625 - Vértices: 29, Arestas: 86 ===
❌ Erro: Custos divergentes: CHULIU 191, FRANK 192, FRANK_V2 192
Traceback (most recent call last):
  File "/Users/lorenypsum/Library/Mobile Documents/com~apple~CloudDocs/repo/graph-visualizer.nosync/volume_tester.py", line 124, in <module>
    assert custo1 == custo2 == custo3, (
           ^^^^^^^^^^^^^^^^^^^^^^^^^^
AssertionError: Custos divergentes: CHULIU 191, FRANK 192, FRANK_V2 192

=== Teste #626 - Vértices: 22, Arestas: 40 ===
✅ Sucesso - Custo: 174

=== Teste #627 - Vértices: 35, Arestas: 61 ===
✅ Sucesso - Custo: 280

=== Teste #628 - Vértices: 17, Arestas: 29 ===
✅ Sucesso - Custo: 143

=== Teste #629 - Vértices: 35, Arestas: 82 ===
✅ Sucesso - Custo: 193

=== Teste #630 - Vértices: 26, Arestas: 45 ===
✅ Sucesso - Custo: 186

=== Teste #631 - Vértices: 35, Arestas: 74 ===
✅ Sucesso - Custo: 296

=== Teste #632 - Vértices: 12, Arestas: 27 ===
✅ Sucesso - Custo: 63

=== Teste #633 - Vértices: 39, Arestas: 113 ===
✅ Sucesso - Custo: 233

=== Teste #634 - Vértices: 39, Arestas: 64 ===
✅ Sucesso - Custo: 340

=== Teste #635 - Vértices: 48, Arestas: 82 ===
✅ Sucesso - Custo: 402

=== Teste #636 - Vértices: 17, Arestas: 44 ===
✅ Sucesso - Custo: 107

=== Teste #637 - Vértices: 21, Arestas: 40 ===
✅ Sucesso - Custo: 172

=== Teste #638 - Vértices: 39, Arestas: 56 ===
✅ Sucesso - Custo: 366

=== Teste #639 - Vértices: 26, Arestas: 31 ===
✅ Sucesso - Custo: 232

=== Teste #640 - Vértices: 31, Arestas: 76 ===
✅ Sucesso - Custo: 187

=== Teste #641 - Vértices: 28, Arestas: 39 ===
✅ Sucesso - Custo: 280

=== Teste #642 - Vértices: 45, Arestas: 115 ===
✅ Sucesso - Custo: 322

=== Teste #643 - Vértices: 28, Arestas: 53 ===
✅ Sucesso - Custo: 262

=== Teste #644 - Vértices: 44, Arestas: 80 ===
✅ Sucesso - Custo: 363

=== Teste #645 - Vértices: 48, Arestas: 78 ===
✅ Sucesso - Custo: 409

=== Teste #646 - Vértices: 50, Arestas: 61 ===
✅ Sucesso - Custo: 409

=== Teste #647 - Vértices: 49, Arestas: 87 ===
✅ Sucesso - Custo: 393

=== Teste #648 - Vértices: 46, Arestas: 114 ===
✅ Sucesso - Custo: 312

=== Teste #649 - Vértices: 47, Arestas: 136 ===
✅ Sucesso - Custo: 233

=== Teste #650 - Vértices: 49, Arestas: 55 ===
✅ Sucesso - Custo: 479

=== Teste #651 - Vértices: 20, Arestas: 47 ===
✅ Sucesso - Custo: 155

=== Teste #652 - Vértices: 29, Arestas: 55 ===
✅ Sucesso - Custo: 229

=== Teste #653 - Vértices: 24, Arestas: 29 ===
✅ Sucesso - Custo: 215

=== Teste #654 - Vértices: 17, Arestas: 22 ===
✅ Sucesso - Custo: 153

=== Teste #655 - Vértices: 27, Arestas: 76 ===
✅ Sucesso - Custo: 157

=== Teste #656 - Vértices: 31, Arestas: 35 ===
✅ Sucesso - Custo: 308

=== Teste #657 - Vértices: 22, Arestas: 52 ===
✅ Sucesso - Custo: 155

=== Teste #658 - Vértices: 29, Arestas: 68 ===
❌ Erro: Custos divergentes: CHULIU 193, FRANK 196, FRANK_V2 196
Traceback (most recent call last):
  File "/Users/lorenypsum/Library/Mobile Documents/com~apple~CloudDocs/repo/graph-visualizer.nosync/volume_tester.py", line 124, in <module>
    assert custo1 == custo2 == custo3, (
           ^^^^^^^^^^^^^^^^^^^^^^^^^^
AssertionError: Custos divergentes: CHULIU 193, FRANK 196, FRANK_V2 196

=== Teste #659 - Vértices: 10, Arestas: 25 ===
✅ Sucesso - Custo: 72

=== Teste #660 - Vértices: 45, Arestas: 69 ===
✅ Sucesso - Custo: 390

=== Teste #661 - Vértices: 19, Arestas: 50 ===
❌ Erro: Custos divergentes: CHULIU 135, FRANK 139, FRANK_V2 139
Traceback (most recent call last):
  File "/Users/lorenypsum/Library/Mobile Documents/com~apple~CloudDocs/repo/graph-visualizer.nosync/volume_tester.py", line 124, in <module>
    assert custo1 == custo2 == custo3, (
           ^^^^^^^^^^^^^^^^^^^^^^^^^^
AssertionError: Custos divergentes: CHULIU 135, FRANK 139, FRANK_V2 139

=== Teste #662 - Vértices: 21, Arestas: 62 ===
✅ Sucesso - Custo: 110

=== Teste #663 - Vértices: 26, Arestas: 61 ===
✅ Sucesso - Custo: 210

=== Teste #664 - Vértices: 10, Arestas: 16 ===
✅ Sucesso - Custo: 87

=== Teste #665 - Vértices: 13, Arestas: 16 ===
✅ Sucesso - Custo: 94

=== Teste #666 - Vértices: 37, Arestas: 78 ===
✅ Sucesso - Custo: 309

=== Teste #667 - Vértices: 29, Arestas: 63 ===
❌ Erro: Custos divergentes: CHULIU 213, FRANK 217, FRANK_V2 217
Traceback (most recent call last):
  File "/Users/lorenypsum/Library/Mobile Documents/com~apple~CloudDocs/repo/graph-visualizer.nosync/volume_tester.py", line 124, in <module>
    assert custo1 == custo2 == custo3, (
           ^^^^^^^^^^^^^^^^^^^^^^^^^^
AssertionError: Custos divergentes: CHULIU 213, FRANK 217, FRANK_V2 217

=== Teste #668 - Vértices: 47, Arestas: 130 ===
✅ Sucesso - Custo: 291

=== Teste #669 - Vértices: 39, Arestas: 73 ===
✅ Sucesso - Custo: 312

=== Teste #670 - Vértices: 23, Arestas: 37 ===
✅ Sucesso - Custo: 199

=== Teste #671 - Vértices: 48, Arestas: 58 ===
✅ Sucesso - Custo: 450

=== Teste #672 - Vértices: 13, Arestas: 25 ===
✅ Sucesso - Custo: 101

=== Teste #673 - Vértices: 25, Arestas: 63 ===
✅ Sucesso - Custo: 160

=== Teste #674 - Vértices: 46, Arestas: 54 ===
✅ Sucesso - Custo: 389

=== Teste #675 - Vértices: 46, Arestas: 113 ===
✅ Sucesso - Custo: 317

=== Teste #676 - Vértices: 12, Arestas: 24 ===
✅ Sucesso - Custo: 68

=== Teste #677 - Vértices: 18, Arestas: 27 ===
✅ Sucesso - Custo: 174

=== Teste #678 - Vértices: 33, Arestas: 35 ===
✅ Sucesso - Custo: 331

=== Teste #679 - Vértices: 34, Arestas: 87 ===
✅ Sucesso - Custo: 229

=== Teste #680 - Vértices: 32, Arestas: 65 ===
✅ Sucesso - Custo: 201

=== Teste #681 - Vértices: 38, Arestas: 72 ===
✅ Sucesso - Custo: 313

=== Teste #682 - Vértices: 34, Arestas: 74 ===
✅ Sucesso - Custo: 231

=== Teste #683 - Vértices: 45, Arestas: 110 ===
❌ Erro: Custos divergentes: CHULIU 358, FRANK 362, FRANK_V2 362
Traceback (most recent call last):
  File "/Users/lorenypsum/Library/Mobile Documents/com~apple~CloudDocs/repo/graph-visualizer.nosync/volume_tester.py", line 124, in <module>
    assert custo1 == custo2 == custo3, (
           ^^^^^^^^^^^^^^^^^^^^^^^^^^
AssertionError: Custos divergentes: CHULIU 358, FRANK 362, FRANK_V2 362

=== Teste #684 - Vértices: 46, Arestas: 127 ===
✅ Sucesso - Custo: 286

=== Teste #685 - Vértices: 43, Arestas: 97 ===
✅ Sucesso - Custo: 324

=== Teste #686 - Vértices: 24, Arestas: 47 ===
✅ Sucesso - Custo: 161

=== Teste #687 - Vértices: 21, Arestas: 54 ===
❌ Erro: Custos divergentes: CHULIU 134, FRANK 131, FRANK_V2 131
Traceback (most recent call last):
  File "/Users/lorenypsum/Library/Mobile Documents/com~apple~CloudDocs/repo/graph-visualizer.nosync/volume_tester.py", line 124, in <module>
    assert custo1 == custo2 == custo3, (
           ^^^^^^^^^^^^^^^^^^^^^^^^^^
AssertionError: Custos divergentes: CHULIU 134, FRANK 131, FRANK_V2 131

=== Teste #688 - Vértices: 48, Arestas: 137 ===
✅ Sucesso - Custo: 280

=== Teste #689 - Vértices: 31, Arestas: 76 ===
✅ Sucesso - Custo: 197

=== Teste #690 - Vértices: 21, Arestas: 52 ===
❌ Erro: Custos divergentes: CHULIU 175, FRANK 165, FRANK_V2 165
Traceback (most recent call last):
  File "/Users/lorenypsum/Library/Mobile Documents/com~apple~CloudDocs/repo/graph-visualizer.nosync/volume_tester.py", line 124, in <module>
    assert custo1 == custo2 == custo3, (
           ^^^^^^^^^^^^^^^^^^^^^^^^^^
AssertionError: Custos divergentes: CHULIU 175, FRANK 165, FRANK_V2 165

=== Teste #691 - Vértices: 47, Arestas: 139 ===
❌ Erro: Custos divergentes: CHULIU 285, FRANK 287, FRANK_V2 287
Traceback (most recent call last):
  File "/Users/lorenypsum/Library/Mobile Documents/com~apple~CloudDocs/repo/graph-visualizer.nosync/volume_tester.py", line 124, in <module>
    assert custo1 == custo2 == custo3, (
           ^^^^^^^^^^^^^^^^^^^^^^^^^^
AssertionError: Custos divergentes: CHULIU 285, FRANK 287, FRANK_V2 287

=== Teste #692 - Vértices: 37, Arestas: 43 ===
✅ Sucesso - Custo: 360

=== Teste #693 - Vértices: 43, Arestas: 92 ===
❌ Erro: Custos divergentes: CHULIU 331, FRANK 330, FRANK_V2 330
Traceback (most recent call last):
  File "/Users/lorenypsum/Library/Mobile Documents/com~apple~CloudDocs/repo/graph-visualizer.nosync/volume_tester.py", line 124, in <module>
    assert custo1 == custo2 == custo3, (
           ^^^^^^^^^^^^^^^^^^^^^^^^^^
AssertionError: Custos divergentes: CHULIU 331, FRANK 330, FRANK_V2 330

=== Teste #694 - Vértices: 41, Arestas: 49 ===
✅ Sucesso - Custo: 419

=== Teste #695 - Vértices: 19, Arestas: 39 ===
✅ Sucesso - Custo: 151

=== Teste #696 - Vértices: 45, Arestas: 88 ===
✅ Sucesso - Custo: 355

=== Teste #697 - Vértices: 29, Arestas: 44 ===
✅ Sucesso - Custo: 204

=== Teste #698 - Vértices: 28, Arestas: 42 ===
✅ Sucesso - Custo: 219

=== Teste #699 - Vértices: 43, Arestas: 108 ===
✅ Sucesso - Custo: 279

=== Teste #700 - Vértices: 47, Arestas: 76 ===
✅ Sucesso - Custo: 362

=== Teste #701 - Vértices: 18, Arestas: 42 ===
✅ Sucesso - Custo: 143

=== Teste #702 - Vértices: 46, Arestas: 107 ===
✅ Sucesso - Custo: 255

=== Teste #703 - Vértices: 47, Arestas: 102 ===
❌ Erro: Custos divergentes: CHULIU 332, FRANK 340, FRANK_V2 340
Traceback (most recent call last):
  File "/Users/lorenypsum/Library/Mobile Documents/com~apple~CloudDocs/repo/graph-visualizer.nosync/volume_tester.py", line 124, in <module>
    assert custo1 == custo2 == custo3, (
           ^^^^^^^^^^^^^^^^^^^^^^^^^^
AssertionError: Custos divergentes: CHULIU 332, FRANK 340, FRANK_V2 340

=== Teste #704 - Vértices: 16, Arestas: 38 ===
❌ Erro: Custos divergentes: CHULIU 114, FRANK 106, FRANK_V2 106
Traceback (most recent call last):
  File "/Users/lorenypsum/Library/Mobile Documents/com~apple~CloudDocs/repo/graph-visualizer.nosync/volume_tester.py", line 124, in <module>
    assert custo1 == custo2 == custo3, (
           ^^^^^^^^^^^^^^^^^^^^^^^^^^
AssertionError: Custos divergentes: CHULIU 114, FRANK 106, FRANK_V2 106

=== Teste #705 - Vértices: 42, Arestas: 82 ===
❌ Erro: Custos divergentes: CHULIU 327, FRANK 321, FRANK_V2 321
Traceback (most recent call last):
  File "/Users/lorenypsum/Library/Mobile Documents/com~apple~CloudDocs/repo/graph-visualizer.nosync/volume_tester.py", line 124, in <module>
    assert custo1 == custo2 == custo3, (
           ^^^^^^^^^^^^^^^^^^^^^^^^^^
AssertionError: Custos divergentes: CHULIU 327, FRANK 321, FRANK_V2 321

=== Teste #706 - Vértices: 31, Arestas: 71 ===
✅ Sucesso - Custo: 251

=== Teste #707 - Vértices: 37, Arestas: 95 ===
✅ Sucesso - Custo: 231

=== Teste #708 - Vértices: 35, Arestas: 57 ===
✅ Sucesso - Custo: 287

=== Teste #709 - Vértices: 11, Arestas: 20 ===
✅ Sucesso - Custo: 82

=== Teste #710 - Vértices: 18, Arestas: 49 ===
✅ Sucesso - Custo: 84

=== Teste #711 - Vértices: 36, Arestas: 106 ===
✅ Sucesso - Custo: 251

=== Teste #712 - Vértices: 46, Arestas: 82 ===
✅ Sucesso - Custo: 409

=== Teste #713 - Vértices: 14, Arestas: 38 ===
✅ Sucesso - Custo: 79

=== Teste #714 - Vértices: 10, Arestas: 29 ===
✅ Sucesso - Custo: 61

=== Teste #715 - Vértices: 35, Arestas: 58 ===
✅ Sucesso - Custo: 312

=== Teste #716 - Vértices: 23, Arestas: 33 ===
✅ Sucesso - Custo: 223

=== Teste #717 - Vértices: 41, Arestas: 45 ===
✅ Sucesso - Custo: 395

=== Teste #718 - Vértices: 27, Arestas: 67 ===
✅ Sucesso - Custo: 201

=== Teste #719 - Vértices: 39, Arestas: 70 ===
✅ Sucesso - Custo: 288

=== Teste #720 - Vértices: 11, Arestas: 26 ===
❌ Erro: Custos divergentes: CHULIU 73, FRANK 72, FRANK_V2 72
Traceback (most recent call last):
  File "/Users/lorenypsum/Library/Mobile Documents/com~apple~CloudDocs/repo/graph-visualizer.nosync/volume_tester.py", line 124, in <module>
    assert custo1 == custo2 == custo3, (
           ^^^^^^^^^^^^^^^^^^^^^^^^^^
AssertionError: Custos divergentes: CHULIU 73, FRANK 72, FRANK_V2 72

=== Teste #721 - Vértices: 27, Arestas: 78 ===
✅ Sucesso - Custo: 162

=== Teste #722 - Vértices: 25, Arestas: 34 ===
✅ Sucesso - Custo: 231

=== Teste #723 - Vértices: 11, Arestas: 30 ===
✅ Sucesso - Custo: 62

=== Teste #724 - Vértices: 44, Arestas: 121 ===
✅ Sucesso - Custo: 245

=== Teste #725 - Vértices: 35, Arestas: 37 ===
✅ Sucesso - Custo: 310

=== Teste #726 - Vértices: 40, Arestas: 79 ===
✅ Sucesso - Custo: 307

=== Teste #727 - Vértices: 17, Arestas: 35 ===
✅ Sucesso - Custo: 125

=== Teste #728 - Vértices: 41, Arestas: 78 ===
✅ Sucesso - Custo: 380

=== Teste #729 - Vértices: 45, Arestas: 106 ===
❌ Erro: Custos divergentes: CHULIU 308, FRANK 299, FRANK_V2 299
Traceback (most recent call last):
  File "/Users/lorenypsum/Library/Mobile Documents/com~apple~CloudDocs/repo/graph-visualizer.nosync/volume_tester.py", line 124, in <module>
    assert custo1 == custo2 == custo3, (
           ^^^^^^^^^^^^^^^^^^^^^^^^^^
AssertionError: Custos divergentes: CHULIU 308, FRANK 299, FRANK_V2 299

=== Teste #730 - Vértices: 18, Arestas: 45 ===
✅ Sucesso - Custo: 110

=== Teste #731 - Vértices: 21, Arestas: 53 ===
✅ Sucesso - Custo: 154

=== Teste #732 - Vértices: 41, Arestas: 107 ===
❌ Erro: Custos divergentes: CHULIU 299, FRANK 302, FRANK_V2 302
Traceback (most recent call last):
  File "/Users/lorenypsum/Library/Mobile Documents/com~apple~CloudDocs/repo/graph-visualizer.nosync/volume_tester.py", line 124, in <module>
    assert custo1 == custo2 == custo3, (
           ^^^^^^^^^^^^^^^^^^^^^^^^^^
AssertionError: Custos divergentes: CHULIU 299, FRANK 302, FRANK_V2 302

=== Teste #733 - Vértices: 17, Arestas: 22 ===
✅ Sucesso - Custo: 180

=== Teste #734 - Vértices: 47, Arestas: 71 ===
✅ Sucesso - Custo: 450

=== Teste #735 - Vértices: 48, Arestas: 68 ===
✅ Sucesso - Custo: 417

=== Teste #736 - Vértices: 50, Arestas: 66 ===
✅ Sucesso - Custo: 472

=== Teste #737 - Vértices: 19, Arestas: 32 ===
✅ Sucesso - Custo: 134

=== Teste #738 - Vértices: 26, Arestas: 58 ===
✅ Sucesso - Custo: 191

=== Teste #739 - Vértices: 10, Arestas: 17 ===
✅ Sucesso - Custo: 85

=== Teste #740 - Vértices: 40, Arestas: 102 ===
✅ Sucesso - Custo: 248

=== Teste #741 - Vértices: 10, Arestas: 20 ===
✅ Sucesso - Custo: 83

=== Teste #742 - Vértices: 19, Arestas: 35 ===
✅ Sucesso - Custo: 137

=== Teste #743 - Vértices: 33, Arestas: 63 ===
✅ Sucesso - Custo: 211

=== Teste #744 - Vértices: 42, Arestas: 58 ===
✅ Sucesso - Custo: 359

=== Teste #745 - Vértices: 24, Arestas: 64 ===
❌ Erro: Custos divergentes: CHULIU 166, FRANK 167, FRANK_V2 167
Traceback (most recent call last):
  File "/Users/lorenypsum/Library/Mobile Documents/com~apple~CloudDocs/repo/graph-visualizer.nosync/volume_tester.py", line 124, in <module>
    assert custo1 == custo2 == custo3, (
           ^^^^^^^^^^^^^^^^^^^^^^^^^^
AssertionError: Custos divergentes: CHULIU 166, FRANK 167, FRANK_V2 167

=== Teste #746 - Vértices: 36, Arestas: 58 ===
✅ Sucesso - Custo: 336

=== Teste #747 - Vértices: 27, Arestas: 29 ===
✅ Sucesso - Custo: 325

=== Teste #748 - Vértices: 19, Arestas: 24 ===
✅ Sucesso - Custo: 173

=== Teste #749 - Vértices: 35, Arestas: 82 ===
❌ Erro: Custos divergentes: CHULIU 189, FRANK 191, FRANK_V2 191
Traceback (most recent call last):
  File "/Users/lorenypsum/Library/Mobile Documents/com~apple~CloudDocs/repo/graph-visualizer.nosync/volume_tester.py", line 124, in <module>
    assert custo1 == custo2 == custo3, (
           ^^^^^^^^^^^^^^^^^^^^^^^^^^
AssertionError: Custos divergentes: CHULIU 189, FRANK 191, FRANK_V2 191

=== Teste #750 - Vértices: 34, Arestas: 101 ===
✅ Sucesso - Custo: 222

=== Teste #751 - Vértices: 29, Arestas: 33 ===
✅ Sucesso - Custo: 259

=== Teste #752 - Vértices: 38, Arestas: 111 ===
❌ Erro: Custos divergentes: CHULIU 215, FRANK 210, FRANK_V2 210
Traceback (most recent call last):
  File "/Users/lorenypsum/Library/Mobile Documents/com~apple~CloudDocs/repo/graph-visualizer.nosync/volume_tester.py", line 124, in <module>
    assert custo1 == custo2 == custo3, (
           ^^^^^^^^^^^^^^^^^^^^^^^^^^
AssertionError: Custos divergentes: CHULIU 215, FRANK 210, FRANK_V2 210

=== Teste #753 - Vértices: 41, Arestas: 56 ===
✅ Sucesso - Custo: 391

=== Teste #754 - Vértices: 28, Arestas: 44 ===
✅ Sucesso - Custo: 220

=== Teste #755 - Vértices: 36, Arestas: 84 ===
✅ Sucesso - Custo: 269

=== Teste #756 - Vértices: 36, Arestas: 107 ===
❌ Erro: Custos divergentes: CHULIU 218, FRANK 215, FRANK_V2 215
Traceback (most recent call last):
  File "/Users/lorenypsum/Library/Mobile Documents/com~apple~CloudDocs/repo/graph-visualizer.nosync/volume_tester.py", line 124, in <module>
    assert custo1 == custo2 == custo3, (
           ^^^^^^^^^^^^^^^^^^^^^^^^^^
AssertionError: Custos divergentes: CHULIU 218, FRANK 215, FRANK_V2 215

=== Teste #757 - Vértices: 12, Arestas: 31 ===
✅ Sucesso - Custo: 84

=== Teste #758 - Vértices: 49, Arestas: 91 ===
✅ Sucesso - Custo: 363

=== Teste #759 - Vértices: 18, Arestas: 30 ===
✅ Sucesso - Custo: 123

=== Teste #760 - Vértices: 41, Arestas: 117 ===
❌ Erro: Custos divergentes: CHULIU 336, FRANK 333, FRANK_V2 333
Traceback (most recent call last):
  File "/Users/lorenypsum/Library/Mobile Documents/com~apple~CloudDocs/repo/graph-visualizer.nosync/volume_tester.py", line 124, in <module>
    assert custo1 == custo2 == custo3, (
           ^^^^^^^^^^^^^^^^^^^^^^^^^^
AssertionError: Custos divergentes: CHULIU 336, FRANK 333, FRANK_V2 333

=== Teste #761 - Vértices: 42, Arestas: 114 ===
✅ Sucesso - Custo: 256

=== Teste #762 - Vértices: 17, Arestas: 28 ===
✅ Sucesso - Custo: 138

=== Teste #763 - Vértices: 13, Arestas: 34 ===
✅ Sucesso - Custo: 89

=== Teste #764 - Vértices: 11, Arestas: 15 ===
✅ Sucesso - Custo: 81

=== Teste #765 - Vértices: 34, Arestas: 91 ===
✅ Sucesso - Custo: 243

=== Teste #766 - Vértices: 42, Arestas: 124 ===
❌ Erro: Custos divergentes: CHULIU 325, FRANK 326, FRANK_V2 326
Traceback (most recent call last):
  File "/Users/lorenypsum/Library/Mobile Documents/com~apple~CloudDocs/repo/graph-visualizer.nosync/volume_tester.py", line 124, in <module>
    assert custo1 == custo2 == custo3, (
           ^^^^^^^^^^^^^^^^^^^^^^^^^^
AssertionError: Custos divergentes: CHULIU 325, FRANK 326, FRANK_V2 326

=== Teste #767 - Vértices: 12, Arestas: 23 ===
❌ Erro: Custos divergentes: CHULIU 82, FRANK 87, FRANK_V2 87
Traceback (most recent call last):
  File "/Users/lorenypsum/Library/Mobile Documents/com~apple~CloudDocs/repo/graph-visualizer.nosync/volume_tester.py", line 124, in <module>
    assert custo1 == custo2 == custo3, (
           ^^^^^^^^^^^^^^^^^^^^^^^^^^
AssertionError: Custos divergentes: CHULIU 82, FRANK 87, FRANK_V2 87

=== Teste #768 - Vértices: 35, Arestas: 55 ===
✅ Sucesso - Custo: 294

=== Teste #769 - Vértices: 27, Arestas: 27 ===
✅ Sucesso - Custo: 264

=== Teste #770 - Vértices: 15, Arestas: 19 ===
✅ Sucesso - Custo: 161

=== Teste #771 - Vértices: 40, Arestas: 73 ===
✅ Sucesso - Custo: 328

=== Teste #772 - Vértices: 45, Arestas: 65 ===
✅ Sucesso - Custo: 404

=== Teste #773 - Vértices: 42, Arestas: 101 ===
✅ Sucesso - Custo: 322

=== Teste #774 - Vértices: 20, Arestas: 25 ===
✅ Sucesso - Custo: 140

=== Teste #775 - Vértices: 11, Arestas: 20 ===
✅ Sucesso - Custo: 104

=== Teste #776 - Vértices: 17, Arestas: 38 ===
✅ Sucesso - Custo: 118

=== Teste #777 - Vértices: 29, Arestas: 34 ===
✅ Sucesso - Custo: 300

=== Teste #778 - Vértices: 12, Arestas: 36 ===
✅ Sucesso - Custo: 85

=== Teste #779 - Vértices: 35, Arestas: 63 ===
❌ Erro: Custos divergentes: CHULIU 320, FRANK 321, FRANK_V2 321
Traceback (most recent call last):
  File "/Users/lorenypsum/Library/Mobile Documents/com~apple~CloudDocs/repo/graph-visualizer.nosync/volume_tester.py", line 124, in <module>
    assert custo1 == custo2 == custo3, (
           ^^^^^^^^^^^^^^^^^^^^^^^^^^
AssertionError: Custos divergentes: CHULIU 320, FRANK 321, FRANK_V2 321

=== Teste #780 - Vértices: 38, Arestas: 84 ===
✅ Sucesso - Custo: 302

=== Teste #781 - Vértices: 49, Arestas: 141 ===
✅ Sucesso - Custo: 308

=== Teste #782 - Vértices: 24, Arestas: 67 ===
❌ Erro: Custos divergentes: CHULIU 153, FRANK 147, FRANK_V2 147
Traceback (most recent call last):
  File "/Users/lorenypsum/Library/Mobile Documents/com~apple~CloudDocs/repo/graph-visualizer.nosync/volume_tester.py", line 124, in <module>
    assert custo1 == custo2 == custo3, (
           ^^^^^^^^^^^^^^^^^^^^^^^^^^
AssertionError: Custos divergentes: CHULIU 153, FRANK 147, FRANK_V2 147

=== Teste #783 - Vértices: 29, Arestas: 38 ===
✅ Sucesso - Custo: 338

=== Teste #784 - Vértices: 34, Arestas: 36 ===
✅ Sucesso - Custo: 325

=== Teste #785 - Vértices: 18, Arestas: 42 ===
❌ Erro: Custos divergentes: CHULIU 137, FRANK 138, FRANK_V2 138
Traceback (most recent call last):
  File "/Users/lorenypsum/Library/Mobile Documents/com~apple~CloudDocs/repo/graph-visualizer.nosync/volume_tester.py", line 124, in <module>
    assert custo1 == custo2 == custo3, (
           ^^^^^^^^^^^^^^^^^^^^^^^^^^
AssertionError: Custos divergentes: CHULIU 137, FRANK 138, FRANK_V2 138

=== Teste #786 - Vértices: 39, Arestas: 71 ===
✅ Sucesso - Custo: 324

=== Teste #787 - Vértices: 37, Arestas: 111 ===
✅ Sucesso - Custo: 224

=== Teste #788 - Vértices: 11, Arestas: 31 ===
✅ Sucesso - Custo: 69

=== Teste #789 - Vértices: 21, Arestas: 62 ===
✅ Sucesso - Custo: 153

=== Teste #790 - Vértices: 28, Arestas: 35 ===
✅ Sucesso - Custo: 250

=== Teste #791 - Vértices: 23, Arestas: 47 ===
✅ Sucesso - Custo: 194

=== Teste #792 - Vértices: 43, Arestas: 85 ===
✅ Sucesso - Custo: 344

=== Teste #793 - Vértices: 42, Arestas: 74 ===
✅ Sucesso - Custo: 380

=== Teste #794 - Vértices: 44, Arestas: 85 ===
✅ Sucesso - Custo: 380

=== Teste #795 - Vértices: 36, Arestas: 87 ===
❌ Erro: Custos divergentes: CHULIU 225, FRANK 219, FRANK_V2 219
Traceback (most recent call last):
  File "/Users/lorenypsum/Library/Mobile Documents/com~apple~CloudDocs/repo/graph-visualizer.nosync/volume_tester.py", line 124, in <module>
    assert custo1 == custo2 == custo3, (
           ^^^^^^^^^^^^^^^^^^^^^^^^^^
AssertionError: Custos divergentes: CHULIU 225, FRANK 219, FRANK_V2 219

=== Teste #796 - Vértices: 30, Arestas: 45 ===
✅ Sucesso - Custo: 255

=== Teste #797 - Vértices: 46, Arestas: 132 ===
❌ Erro: Custos divergentes: CHULIU 246, FRANK 247, FRANK_V2 247
Traceback (most recent call last):
  File "/Users/lorenypsum/Library/Mobile Documents/com~apple~CloudDocs/repo/graph-visualizer.nosync/volume_tester.py", line 124, in <module>
    assert custo1 == custo2 == custo3, (
           ^^^^^^^^^^^^^^^^^^^^^^^^^^
AssertionError: Custos divergentes: CHULIU 246, FRANK 247, FRANK_V2 247

=== Teste #798 - Vértices: 14, Arestas: 38 ===
❌ Erro: Custos divergentes: CHULIU 102, FRANK 107, FRANK_V2 107
Traceback (most recent call last):
  File "/Users/lorenypsum/Library/Mobile Documents/com~apple~CloudDocs/repo/graph-visualizer.nosync/volume_tester.py", line 124, in <module>
    assert custo1 == custo2 == custo3, (
           ^^^^^^^^^^^^^^^^^^^^^^^^^^
AssertionError: Custos divergentes: CHULIU 102, FRANK 107, FRANK_V2 107

=== Teste #799 - Vértices: 28, Arestas: 63 ===
✅ Sucesso - Custo: 192

=== Teste #800 - Vértices: 43, Arestas: 43 ===
✅ Sucesso - Custo: 474

=== Teste #801 - Vértices: 48, Arestas: 79 ===
✅ Sucesso - Custo: 393

=== Teste #802 - Vértices: 28, Arestas: 67 ===
❌ Erro: Custos divergentes: CHULIU 201, FRANK 190, FRANK_V2 190
Traceback (most recent call last):
  File "/Users/lorenypsum/Library/Mobile Documents/com~apple~CloudDocs/repo/graph-visualizer.nosync/volume_tester.py", line 124, in <module>
    assert custo1 == custo2 == custo3, (
           ^^^^^^^^^^^^^^^^^^^^^^^^^^
AssertionError: Custos divergentes: CHULIU 201, FRANK 190, FRANK_V2 190

=== Teste #803 - Vértices: 43, Arestas: 85 ===
✅ Sucesso - Custo: 325

=== Teste #804 - Vértices: 23, Arestas: 34 ===
✅ Sucesso - Custo: 175

=== Teste #805 - Vértices: 29, Arestas: 31 ===
✅ Sucesso - Custo: 288

=== Teste #806 - Vértices: 14, Arestas: 23 ===
✅ Sucesso - Custo: 107

=== Teste #807 - Vértices: 50, Arestas: 51 ===
✅ Sucesso - Custo: 445

=== Teste #808 - Vértices: 50, Arestas: 70 ===
✅ Sucesso - Custo: 445

=== Teste #809 - Vértices: 18, Arestas: 30 ===
✅ Sucesso - Custo: 123

=== Teste #810 - Vértices: 13, Arestas: 35 ===
✅ Sucesso - Custo: 80

=== Teste #811 - Vértices: 30, Arestas: 72 ===
❌ Erro: Custos divergentes: CHULIU 233, FRANK 226, FRANK_V2 226
Traceback (most recent call last):
  File "/Users/lorenypsum/Library/Mobile Documents/com~apple~CloudDocs/repo/graph-visualizer.nosync/volume_tester.py", line 124, in <module>
    assert custo1 == custo2 == custo3, (
           ^^^^^^^^^^^^^^^^^^^^^^^^^^
AssertionError: Custos divergentes: CHULIU 233, FRANK 226, FRANK_V2 226

=== Teste #812 - Vértices: 26, Arestas: 55 ===
❌ Erro: Custos divergentes: CHULIU 194, FRANK 195, FRANK_V2 195
Traceback (most recent call last):
  File "/Users/lorenypsum/Library/Mobile Documents/com~apple~CloudDocs/repo/graph-visualizer.nosync/volume_tester.py", line 124, in <module>
    assert custo1 == custo2 == custo3, (
           ^^^^^^^^^^^^^^^^^^^^^^^^^^
AssertionError: Custos divergentes: CHULIU 194, FRANK 195, FRANK_V2 195

=== Teste #813 - Vértices: 25, Arestas: 50 ===
✅ Sucesso - Custo: 189

=== Teste #814 - Vértices: 29, Arestas: 76 ===
✅ Sucesso - Custo: 195

=== Teste #815 - Vértices: 12, Arestas: 33 ===
✅ Sucesso - Custo: 75

=== Teste #816 - Vértices: 27, Arestas: 43 ===
✅ Sucesso - Custo: 156

=== Teste #817 - Vértices: 12, Arestas: 36 ===
❌ Erro: Custos divergentes: CHULIU 59, FRANK 61, FRANK_V2 61
Traceback (most recent call last):
  File "/Users/lorenypsum/Library/Mobile Documents/com~apple~CloudDocs/repo/graph-visualizer.nosync/volume_tester.py", line 124, in <module>
    assert custo1 == custo2 == custo3, (
           ^^^^^^^^^^^^^^^^^^^^^^^^^^
AssertionError: Custos divergentes: CHULIU 59, FRANK 61, FRANK_V2 61

=== Teste #818 - Vértices: 23, Arestas: 48 ===
✅ Sucesso - Custo: 140

=== Teste #819 - Vértices: 27, Arestas: 64 ===
✅ Sucesso - Custo: 191

=== Teste #820 - Vértices: 50, Arestas: 100 ===
✅ Sucesso - Custo: 425

=== Teste #821 - Vértices: 44, Arestas: 103 ===
✅ Sucesso - Custo: 304

=== Teste #822 - Vértices: 38, Arestas: 49 ===
✅ Sucesso - Custo: 317

=== Teste #823 - Vértices: 20, Arestas: 27 ===
✅ Sucesso - Custo: 157

=== Teste #824 - Vértices: 37, Arestas: 39 ===
✅ Sucesso - Custo: 423

=== Teste #825 - Vértices: 11, Arestas: 26 ===
✅ Sucesso - Custo: 71

=== Teste #826 - Vértices: 32, Arestas: 86 ===
✅ Sucesso - Custo: 152

=== Teste #827 - Vértices: 19, Arestas: 22 ===
✅ Sucesso - Custo: 179

=== Teste #828 - Vértices: 30, Arestas: 62 ===
✅ Sucesso - Custo: 219

=== Teste #829 - Vértices: 13, Arestas: 37 ===
✅ Sucesso - Custo: 80

=== Teste #830 - Vértices: 22, Arestas: 60 ===
✅ Sucesso - Custo: 152

=== Teste #831 - Vértices: 39, Arestas: 114 ===
✅ Sucesso - Custo: 270

=== Teste #832 - Vértices: 30, Arestas: 86 ===
✅ Sucesso - Custo: 212

=== Teste #833 - Vértices: 30, Arestas: 37 ===
✅ Sucesso - Custo: 295

=== Teste #834 - Vértices: 24, Arestas: 29 ===
✅ Sucesso - Custo: 250

=== Teste #835 - Vértices: 50, Arestas: 143 ===
✅ Sucesso - Custo: 306

=== Teste #836 - Vértices: 47, Arestas: 79 ===
✅ Sucesso - Custo: 419

=== Teste #837 - Vértices: 41, Arestas: 109 ===
✅ Sucesso - Custo: 298

=== Teste #838 - Vértices: 24, Arestas: 33 ===
✅ Sucesso - Custo: 237

=== Teste #839 - Vértices: 20, Arestas: 35 ===
✅ Sucesso - Custo: 149

=== Teste #840 - Vértices: 28, Arestas: 41 ===
✅ Sucesso - Custo: 270

=== Teste #841 - Vértices: 24, Arestas: 60 ===
✅ Sucesso - Custo: 129

=== Teste #842 - Vértices: 19, Arestas: 55 ===
✅ Sucesso - Custo: 163

=== Teste #843 - Vértices: 48, Arestas: 80 ===
✅ Sucesso - Custo: 389

=== Teste #844 - Vértices: 14, Arestas: 20 ===
✅ Sucesso - Custo: 156

=== Teste #845 - Vértices: 34, Arestas: 36 ===
✅ Sucesso - Custo: 359

=== Teste #846 - Vértices: 27, Arestas: 54 ===
✅ Sucesso - Custo: 182

=== Teste #847 - Vértices: 39, Arestas: 46 ===
✅ Sucesso - Custo: 400

=== Teste #848 - Vértices: 12, Arestas: 35 ===
✅ Sucesso - Custo: 39

=== Teste #849 - Vértices: 30, Arestas: 87 ===
✅ Sucesso - Custo: 170

=== Teste #850 - Vértices: 11, Arestas: 29 ===
✅ Sucesso - Custo: 64

=== Teste #851 - Vértices: 16, Arestas: 25 ===
✅ Sucesso - Custo: 99

=== Teste #852 - Vértices: 46, Arestas: 86 ===
✅ Sucesso - Custo: 370

=== Teste #853 - Vértices: 34, Arestas: 50 ===
✅ Sucesso - Custo: 292

=== Teste #854 - Vértices: 49, Arestas: 147 ===
✅ Sucesso - Custo: 245

=== Teste #855 - Vértices: 17, Arestas: 47 ===
✅ Sucesso - Custo: 81

=== Teste #856 - Vértices: 24, Arestas: 38 ===
✅ Sucesso - Custo: 211

=== Teste #857 - Vértices: 45, Arestas: 118 ===
✅ Sucesso - Custo: 317

=== Teste #858 - Vértices: 15, Arestas: 45 ===
✅ Sucesso - Custo: 81

=== Teste #859 - Vértices: 47, Arestas: 56 ===
✅ Sucesso - Custo: 460

=== Teste #860 - Vértices: 27, Arestas: 62 ===
✅ Sucesso - Custo: 203

=== Teste #861 - Vértices: 17, Arestas: 21 ===
✅ Sucesso - Custo: 136

=== Teste #862 - Vértices: 40, Arestas: 114 ===
✅ Sucesso - Custo: 207

=== Teste #863 - Vértices: 24, Arestas: 56 ===
✅ Sucesso - Custo: 154

=== Teste #864 - Vértices: 27, Arestas: 59 ===
✅ Sucesso - Custo: 147

=== Teste #865 - Vértices: 35, Arestas: 54 ===
✅ Sucesso - Custo: 309

=== Teste #866 - Vértices: 44, Arestas: 106 ===
✅ Sucesso - Custo: 337

=== Teste #867 - Vértices: 39, Arestas: 51 ===
✅ Sucesso - Custo: 398

=== Teste #868 - Vértices: 17, Arestas: 44 ===
✅ Sucesso - Custo: 78

=== Teste #869 - Vértices: 12, Arestas: 13 ===
✅ Sucesso - Custo: 104

=== Teste #870 - Vértices: 11, Arestas: 33 ===
❌ Erro: Custos divergentes: CHULIU 84, FRANK 76, FRANK_V2 76
Traceback (most recent call last):
  File "/Users/lorenypsum/Library/Mobile Documents/com~apple~CloudDocs/repo/graph-visualizer.nosync/volume_tester.py", line 124, in <module>
    assert custo1 == custo2 == custo3, (
           ^^^^^^^^^^^^^^^^^^^^^^^^^^
AssertionError: Custos divergentes: CHULIU 84, FRANK 76, FRANK_V2 76

=== Teste #871 - Vértices: 32, Arestas: 49 ===
✅ Sucesso - Custo: 290

=== Teste #872 - Vértices: 11, Arestas: 33 ===
✅ Sucesso - Custo: 63

=== Teste #873 - Vértices: 43, Arestas: 108 ===
✅ Sucesso - Custo: 289

=== Teste #874 - Vértices: 22, Arestas: 48 ===
✅ Sucesso - Custo: 178

=== Teste #875 - Vértices: 49, Arestas: 64 ===
✅ Sucesso - Custo: 436

=== Teste #876 - Vértices: 16, Arestas: 22 ===
✅ Sucesso - Custo: 121

=== Teste #877 - Vértices: 48, Arestas: 124 ===
✅ Sucesso - Custo: 294

=== Teste #878 - Vértices: 30, Arestas: 59 ===
✅ Sucesso - Custo: 243

=== Teste #879 - Vértices: 11, Arestas: 21 ===
✅ Sucesso - Custo: 73

=== Teste #880 - Vértices: 28, Arestas: 64 ===
✅ Sucesso - Custo: 162

=== Teste #881 - Vértices: 25, Arestas: 73 ===
✅ Sucesso - Custo: 161

=== Teste #882 - Vértices: 43, Arestas: 111 ===
✅ Sucesso - Custo: 263

=== Teste #883 - Vértices: 31, Arestas: 85 ===
✅ Sucesso - Custo: 236

=== Teste #884 - Vértices: 31, Arestas: 75 ===
❌ Erro: Custos divergentes: CHULIU 198, FRANK 197, FRANK_V2 197
Traceback (most recent call last):
  File "/Users/lorenypsum/Library/Mobile Documents/com~apple~CloudDocs/repo/graph-visualizer.nosync/volume_tester.py", line 124, in <module>
    assert custo1 == custo2 == custo3, (
           ^^^^^^^^^^^^^^^^^^^^^^^^^^
AssertionError: Custos divergentes: CHULIU 198, FRANK 197, FRANK_V2 197

=== Teste #885 - Vértices: 35, Arestas: 49 ===
✅ Sucesso - Custo: 351

=== Teste #886 - Vértices: 12, Arestas: 33 ===
❌ Erro: Custos divergentes: CHULIU 88, FRANK 77, FRANK_V2 77
Traceback (most recent call last):
  File "/Users/lorenypsum/Library/Mobile Documents/com~apple~CloudDocs/repo/graph-visualizer.nosync/volume_tester.py", line 124, in <module>
    assert custo1 == custo2 == custo3, (
           ^^^^^^^^^^^^^^^^^^^^^^^^^^
AssertionError: Custos divergentes: CHULIU 88, FRANK 77, FRANK_V2 77

=== Teste #887 - Vértices: 46, Arestas: 79 ===
✅ Sucesso - Custo: 337

=== Teste #888 - Vértices: 48, Arestas: 109 ===
✅ Sucesso - Custo: 379

=== Teste #889 - Vértices: 22, Arestas: 38 ===
✅ Sucesso - Custo: 207

=== Teste #890 - Vértices: 40, Arestas: 45 ===
✅ Sucesso - Custo: 422

=== Teste #891 - Vértices: 36, Arestas: 45 ===
✅ Sucesso - Custo: 367

=== Teste #892 - Vértices: 20, Arestas: 56 ===
❌ Erro: Custos divergentes: CHULIU 138, FRANK 137, FRANK_V2 137
Traceback (most recent call last):
  File "/Users/lorenypsum/Library/Mobile Documents/com~apple~CloudDocs/repo/graph-visualizer.nosync/volume_tester.py", line 124, in <module>
    assert custo1 == custo2 == custo3, (
           ^^^^^^^^^^^^^^^^^^^^^^^^^^
AssertionError: Custos divergentes: CHULIU 138, FRANK 137, FRANK_V2 137

=== Teste #893 - Vértices: 41, Arestas: 46 ===
✅ Sucesso - Custo: 429

=== Teste #894 - Vértices: 25, Arestas: 71 ===
✅ Sucesso - Custo: 120

=== Teste #895 - Vértices: 48, Arestas: 96 ===
✅ Sucesso - Custo: 399

=== Teste #896 - Vértices: 28, Arestas: 40 ===
✅ Sucesso - Custo: 216

=== Teste #897 - Vértices: 40, Arestas: 45 ===
✅ Sucesso - Custo: 441

=== Teste #898 - Vértices: 22, Arestas: 42 ===
✅ Sucesso - Custo: 148

=== Teste #899 - Vértices: 36, Arestas: 65 ===
✅ Sucesso - Custo: 345

=== Teste #900 - Vértices: 36, Arestas: 69 ===
✅ Sucesso - Custo: 262

=== Teste #901 - Vértices: 18, Arestas: 24 ===
✅ Sucesso - Custo: 172

=== Teste #902 - Vértices: 15, Arestas: 34 ===
❌ Erro: Custos divergentes: CHULIU 88, FRANK 87, FRANK_V2 87
Traceback (most recent call last):
  File "/Users/lorenypsum/Library/Mobile Documents/com~apple~CloudDocs/repo/graph-visualizer.nosync/volume_tester.py", line 124, in <module>
    assert custo1 == custo2 == custo3, (
           ^^^^^^^^^^^^^^^^^^^^^^^^^^
AssertionError: Custos divergentes: CHULIU 88, FRANK 87, FRANK_V2 87

=== Teste #903 - Vértices: 21, Arestas: 35 ===
✅ Sucesso - Custo: 166

=== Teste #904 - Vértices: 37, Arestas: 103 ===
✅ Sucesso - Custo: 252

=== Teste #905 - Vértices: 26, Arestas: 26 ===
✅ Sucesso - Custo: 290

=== Teste #906 - Vértices: 36, Arestas: 98 ===
✅ Sucesso - Custo: 235

=== Teste #907 - Vértices: 40, Arestas: 44 ===
✅ Sucesso - Custo: 415

=== Teste #908 - Vértices: 45, Arestas: 123 ===
❌ Erro: Custos divergentes: CHULIU 308, FRANK 309, FRANK_V2 309
Traceback (most recent call last):
  File "/Users/lorenypsum/Library/Mobile Documents/com~apple~CloudDocs/repo/graph-visualizer.nosync/volume_tester.py", line 124, in <module>
    assert custo1 == custo2 == custo3, (
           ^^^^^^^^^^^^^^^^^^^^^^^^^^
AssertionError: Custos divergentes: CHULIU 308, FRANK 309, FRANK_V2 309

=== Teste #909 - Vértices: 49, Arestas: 125 ===
✅ Sucesso - Custo: 354

=== Teste #910 - Vértices: 40, Arestas: 92 ===
✅ Sucesso - Custo: 281

=== Teste #911 - Vértices: 28, Arestas: 76 ===
✅ Sucesso - Custo: 176

=== Teste #912 - Vértices: 17, Arestas: 33 ===
✅ Sucesso - Custo: 96

=== Teste #913 - Vértices: 49, Arestas: 96 ===
❌ Erro: Custos divergentes: CHULIU 450, FRANK 454, FRANK_V2 454
Traceback (most recent call last):
  File "/Users/lorenypsum/Library/Mobile Documents/com~apple~CloudDocs/repo/graph-visualizer.nosync/volume_tester.py", line 124, in <module>
    assert custo1 == custo2 == custo3, (
           ^^^^^^^^^^^^^^^^^^^^^^^^^^
AssertionError: Custos divergentes: CHULIU 450, FRANK 454, FRANK_V2 454

=== Teste #914 - Vértices: 18, Arestas: 33 ===
✅ Sucesso - Custo: 132

=== Teste #915 - Vértices: 24, Arestas: 50 ===
❌ Erro: Custos divergentes: CHULIU 165, FRANK 168, FRANK_V2 168
Traceback (most recent call last):
  File "/Users/lorenypsum/Library/Mobile Documents/com~apple~CloudDocs/repo/graph-visualizer.nosync/volume_tester.py", line 124, in <module>
    assert custo1 == custo2 == custo3, (
           ^^^^^^^^^^^^^^^^^^^^^^^^^^
AssertionError: Custos divergentes: CHULIU 165, FRANK 168, FRANK_V2 168

=== Teste #916 - Vértices: 35, Arestas: 87 ===
✅ Sucesso - Custo: 223

=== Teste #917 - Vértices: 47, Arestas: 68 ===
✅ Sucesso - Custo: 452

=== Teste #918 - Vértices: 42, Arestas: 113 ===
✅ Sucesso - Custo: 284

=== Teste #919 - Vértices: 27, Arestas: 41 ===
✅ Sucesso - Custo: 243

=== Teste #920 - Vértices: 24, Arestas: 29 ===
✅ Sucesso - Custo: 197

=== Teste #921 - Vértices: 19, Arestas: 23 ===
✅ Sucesso - Custo: 186

=== Teste #922 - Vértices: 34, Arestas: 66 ===
✅ Sucesso - Custo: 285

=== Teste #923 - Vértices: 47, Arestas: 117 ===
✅ Sucesso - Custo: 293

=== Teste #924 - Vértices: 10, Arestas: 12 ===
✅ Sucesso - Custo: 115

=== Teste #925 - Vértices: 40, Arestas: 85 ===
❌ Erro: Custos divergentes: CHULIU 262, FRANK 263, FRANK_V2 263
Traceback (most recent call last):
  File "/Users/lorenypsum/Library/Mobile Documents/com~apple~CloudDocs/repo/graph-visualizer.nosync/volume_tester.py", line 124, in <module>
    assert custo1 == custo2 == custo3, (
           ^^^^^^^^^^^^^^^^^^^^^^^^^^
AssertionError: Custos divergentes: CHULIU 262, FRANK 263, FRANK_V2 263

=== Teste #926 - Vértices: 48, Arestas: 74 ===
✅ Sucesso - Custo: 409

=== Teste #927 - Vértices: 28, Arestas: 38 ===
✅ Sucesso - Custo: 179

=== Teste #928 - Vértices: 35, Arestas: 95 ===
✅ Sucesso - Custo: 156

=== Teste #929 - Vértices: 35, Arestas: 43 ===
✅ Sucesso - Custo: 326

=== Teste #930 - Vértices: 22, Arestas: 31 ===
✅ Sucesso - Custo: 193

=== Teste #931 - Vértices: 11, Arestas: 14 ===
✅ Sucesso - Custo: 95

=== Teste #932 - Vértices: 37, Arestas: 103 ===
✅ Sucesso - Custo: 235

=== Teste #933 - Vértices: 30, Arestas: 71 ===
❌ Erro: Custos divergentes: CHULIU 214, FRANK 221, FRANK_V2 221
Traceback (most recent call last):
  File "/Users/lorenypsum/Library/Mobile Documents/com~apple~CloudDocs/repo/graph-visualizer.nosync/volume_tester.py", line 124, in <module>
    assert custo1 == custo2 == custo3, (
           ^^^^^^^^^^^^^^^^^^^^^^^^^^
AssertionError: Custos divergentes: CHULIU 214, FRANK 221, FRANK_V2 221

=== Teste #934 - Vértices: 32, Arestas: 71 ===
✅ Sucesso - Custo: 260

=== Teste #935 - Vértices: 49, Arestas: 142 ===
❌ Erro: Custos divergentes: CHULIU 294, FRANK 296, FRANK_V2 296
Traceback (most recent call last):
  File "/Users/lorenypsum/Library/Mobile Documents/com~apple~CloudDocs/repo/graph-visualizer.nosync/volume_tester.py", line 124, in <module>
    assert custo1 == custo2 == custo3, (
           ^^^^^^^^^^^^^^^^^^^^^^^^^^
AssertionError: Custos divergentes: CHULIU 294, FRANK 296, FRANK_V2 296

=== Teste #936 - Vértices: 49, Arestas: 84 ===
✅ Sucesso - Custo: 500

=== Teste #937 - Vértices: 19, Arestas: 25 ===
✅ Sucesso - Custo: 204

=== Teste #938 - Vértices: 48, Arestas: 80 ===
✅ Sucesso - Custo: 389

=== Teste #939 - Vértices: 25, Arestas: 41 ===
✅ Sucesso - Custo: 257

=== Teste #940 - Vértices: 12, Arestas: 14 ===
✅ Sucesso - Custo: 99

=== Teste #941 - Vértices: 30, Arestas: 50 ===
✅ Sucesso - Custo: 261

=== Teste #942 - Vértices: 10, Arestas: 30 ===
✅ Sucesso - Custo: 38

=== Teste #943 - Vértices: 46, Arestas: 120 ===
✅ Sucesso - Custo: 322

=== Teste #944 - Vértices: 43, Arestas: 75 ===
✅ Sucesso - Custo: 346

=== Teste #945 - Vértices: 26, Arestas: 29 ===
✅ Sucesso - Custo: 268

=== Teste #946 - Vértices: 27, Arestas: 66 ===
✅ Sucesso - Custo: 186

=== Teste #947 - Vértices: 25, Arestas: 73 ===
✅ Sucesso - Custo: 118

=== Teste #948 - Vértices: 21, Arestas: 41 ===
✅ Sucesso - Custo: 143

=== Teste #949 - Vértices: 31, Arestas: 74 ===
✅ Sucesso - Custo: 210

=== Teste #950 - Vértices: 27, Arestas: 37 ===
✅ Sucesso - Custo: 264

=== Teste #951 - Vértices: 28, Arestas: 28 ===
✅ Sucesso - Custo: 260

=== Teste #952 - Vértices: 13, Arestas: 34 ===
✅ Sucesso - Custo: 82

=== Teste #953 - Vértices: 37, Arestas: 50 ===
✅ Sucesso - Custo: 357

=== Teste #954 - Vértices: 40, Arestas: 92 ===
❌ Erro: Custos divergentes: CHULIU 266, FRANK 267, FRANK_V2 267
Traceback (most recent call last):
  File "/Users/lorenypsum/Library/Mobile Documents/com~apple~CloudDocs/repo/graph-visualizer.nosync/volume_tester.py", line 124, in <module>
    assert custo1 == custo2 == custo3, (
           ^^^^^^^^^^^^^^^^^^^^^^^^^^
AssertionError: Custos divergentes: CHULIU 266, FRANK 267, FRANK_V2 267

=== Teste #955 - Vértices: 48, Arestas: 122 ===
✅ Sucesso - Custo: 329

=== Teste #956 - Vértices: 47, Arestas: 130 ===
❌ Erro: Custos divergentes: CHULIU 331, FRANK 334, FRANK_V2 334
Traceback (most recent call last):
  File "/Users/lorenypsum/Library/Mobile Documents/com~apple~CloudDocs/repo/graph-visualizer.nosync/volume_tester.py", line 124, in <module>
    assert custo1 == custo2 == custo3, (
           ^^^^^^^^^^^^^^^^^^^^^^^^^^
AssertionError: Custos divergentes: CHULIU 331, FRANK 334, FRANK_V2 334

=== Teste #957 - Vértices: 20, Arestas: 60 ===
❌ Erro: Custos divergentes: CHULIU 111, FRANK 108, FRANK_V2 108
Traceback (most recent call last):
  File "/Users/lorenypsum/Library/Mobile Documents/com~apple~CloudDocs/repo/graph-visualizer.nosync/volume_tester.py", line 124, in <module>
    assert custo1 == custo2 == custo3, (
           ^^^^^^^^^^^^^^^^^^^^^^^^^^
AssertionError: Custos divergentes: CHULIU 111, FRANK 108, FRANK_V2 108

=== Teste #958 - Vértices: 33, Arestas: 87 ===
✅ Sucesso - Custo: 234

=== Teste #959 - Vértices: 45, Arestas: 113 ===
✅ Sucesso - Custo: 321

=== Teste #960 - Vértices: 37, Arestas: 62 ===
✅ Sucesso - Custo: 317

=== Teste #961 - Vértices: 13, Arestas: 38 ===
✅ Sucesso - Custo: 87

=== Teste #962 - Vértices: 22, Arestas: 24 ===
✅ Sucesso - Custo: 205

=== Teste #963 - Vértices: 12, Arestas: 20 ===
✅ Sucesso - Custo: 109

=== Teste #964 - Vértices: 11, Arestas: 12 ===
✅ Sucesso - Custo: 84

=== Teste #965 - Vértices: 24, Arestas: 65 ===
✅ Sucesso - Custo: 209

=== Teste #966 - Vértices: 45, Arestas: 46 ===
✅ Sucesso - Custo: 425

=== Teste #967 - Vértices: 25, Arestas: 75 ===
✅ Sucesso - Custo: 145

=== Teste #968 - Vértices: 37, Arestas: 64 ===
✅ Sucesso - Custo: 352

=== Teste #969 - Vértices: 17, Arestas: 47 ===
✅ Sucesso - Custo: 112

=== Teste #970 - Vértices: 12, Arestas: 33 ===
✅ Sucesso - Custo: 45

=== Teste #971 - Vértices: 50, Arestas: 117 ===
✅ Sucesso - Custo: 352

=== Teste #972 - Vértices: 17, Arestas: 39 ===
✅ Sucesso - Custo: 157

=== Teste #973 - Vértices: 20, Arestas: 29 ===
✅ Sucesso - Custo: 196

=== Teste #974 - Vértices: 33, Arestas: 44 ===
✅ Sucesso - Custo: 288

=== Teste #975 - Vértices: 50, Arestas: 144 ===
✅ Sucesso - Custo: 230

=== Teste #976 - Vértices: 31, Arestas: 61 ===
✅ Sucesso - Custo: 256

=== Teste #977 - Vértices: 44, Arestas: 49 ===
✅ Sucesso - Custo: 405

=== Teste #978 - Vértices: 24, Arestas: 46 ===
✅ Sucesso - Custo: 145

=== Teste #979 - Vértices: 11, Arestas: 31 ===
❌ Erro: Custos divergentes: CHULIU 75, FRANK 65, FRANK_V2 65
Traceback (most recent call last):
  File "/Users/lorenypsum/Library/Mobile Documents/com~apple~CloudDocs/repo/graph-visualizer.nosync/volume_tester.py", line 124, in <module>
    assert custo1 == custo2 == custo3, (
           ^^^^^^^^^^^^^^^^^^^^^^^^^^
AssertionError: Custos divergentes: CHULIU 75, FRANK 65, FRANK_V2 65

=== Teste #980 - Vértices: 21, Arestas: 54 ===
✅ Sucesso - Custo: 145

=== Teste #981 - Vértices: 14, Arestas: 18 ===
✅ Sucesso - Custo: 131

=== Teste #982 - Vértices: 33, Arestas: 89 ===
✅ Sucesso - Custo: 207

=== Teste #983 - Vértices: 22, Arestas: 63 ===
✅ Sucesso - Custo: 142

=== Teste #984 - Vértices: 36, Arestas: 58 ===
✅ Sucesso - Custo: 319

=== Teste #985 - Vértices: 27, Arestas: 80 ===
✅ Sucesso - Custo: 181

=== Teste #986 - Vértices: 46, Arestas: 129 ===
❌ Erro: Custos divergentes: CHULIU 306, FRANK 296, FRANK_V2 296
Traceback (most recent call last):
  File "/Users/lorenypsum/Library/Mobile Documents/com~apple~CloudDocs/repo/graph-visualizer.nosync/volume_tester.py", line 124, in <module>
    assert custo1 == custo2 == custo3, (
           ^^^^^^^^^^^^^^^^^^^^^^^^^^
AssertionError: Custos divergentes: CHULIU 306, FRANK 296, FRANK_V2 296

=== Teste #987 - Vértices: 29, Arestas: 71 ===
✅ Sucesso - Custo: 171

=== Teste #988 - Vértices: 26, Arestas: 78 ===
❌ Erro: Custos divergentes: CHULIU 131, FRANK 126, FRANK_V2 126
Traceback (most recent call last):
  File "/Users/lorenypsum/Library/Mobile Documents/com~apple~CloudDocs/repo/graph-visualizer.nosync/volume_tester.py", line 124, in <module>
    assert custo1 == custo2 == custo3, (
           ^^^^^^^^^^^^^^^^^^^^^^^^^^
AssertionError: Custos divergentes: CHULIU 131, FRANK 126, FRANK_V2 126

=== Teste #989 - Vértices: 37, Arestas: 102 ===
❌ Erro: Custos divergentes: CHULIU 219, FRANK 207, FRANK_V2 207
Traceback (most recent call last):
  File "/Users/lorenypsum/Library/Mobile Documents/com~apple~CloudDocs/repo/graph-visualizer.nosync/volume_tester.py", line 124, in <module>
    assert custo1 == custo2 == custo3, (
           ^^^^^^^^^^^^^^^^^^^^^^^^^^
AssertionError: Custos divergentes: CHULIU 219, FRANK 207, FRANK_V2 207

=== Teste #990 - Vértices: 37, Arestas: 82 ===
❌ Erro: Custos divergentes: CHULIU 248, FRANK 249, FRANK_V2 249
Traceback (most recent call last):
  File "/Users/lorenypsum/Library/Mobile Documents/com~apple~CloudDocs/repo/graph-visualizer.nosync/volume_tester.py", line 124, in <module>
    assert custo1 == custo2 == custo3, (
           ^^^^^^^^^^^^^^^^^^^^^^^^^^
AssertionError: Custos divergentes: CHULIU 248, FRANK 249, FRANK_V2 249

=== Teste #991 - Vértices: 37, Arestas: 110 ===
✅ Sucesso - Custo: 220

=== Teste #992 - Vértices: 37, Arestas: 54 ===
✅ Sucesso - Custo: 309

=== Teste #993 - Vértices: 10, Arestas: 22 ===
✅ Sucesso - Custo: 62

=== Teste #994 - Vértices: 17, Arestas: 31 ===
✅ Sucesso - Custo: 126

=== Teste #995 - Vértices: 10, Arestas: 17 ===
✅ Sucesso - Custo: 79

=== Teste #996 - Vértices: 31, Arestas: 55 ===
✅ Sucesso - Custo: 259

=== Teste #997 - Vértices: 27, Arestas: 58 ===
✅ Sucesso - Custo: 167

=== Teste #998 - Vértices: 39, Arestas: 114 ===
❌ Erro: Custos divergentes: CHULIU 276, FRANK 272, FRANK_V2 272
Traceback (most recent call last):
  File "/Users/lorenypsum/Library/Mobile Documents/com~apple~CloudDocs/repo/graph-visualizer.nosync/volume_tester.py", line 124, in <module>
    assert custo1 == custo2 == custo3, (
           ^^^^^^^^^^^^^^^^^^^^^^^^^^
AssertionError: Custos divergentes: CHULIU 276, FRANK 272, FRANK_V2 272

=== Teste #999 - Vértices: 28, Arestas: 45 ===
✅ Sucesso - Custo: 244

=== Teste #1000 - Vértices: 36, Arestas: 100 ===
✅ Sucesso - Custo: 216

=== Teste #1001 - Vértices: 39, Arestas: 81 ===
❌ Erro: Custos divergentes: CHULIU 340, FRANK 342, FRANK_V2 342
Traceback (most recent call last):
  File "/Users/lorenypsum/Library/Mobile Documents/com~apple~CloudDocs/repo/graph-visualizer.nosync/volume_tester.py", line 124, in <module>
    assert custo1 == custo2 == custo3, (
           ^^^^^^^^^^^^^^^^^^^^^^^^^^
AssertionError: Custos divergentes: CHULIU 340, FRANK 342, FRANK_V2 342

=== Teste #1002 - Vértices: 32, Arestas: 41 ===
✅ Sucesso - Custo: 315

=== Teste #1003 - Vértices: 18, Arestas: 26 ===
✅ Sucesso - Custo: 122

=== Teste #1004 - Vértices: 16, Arestas: 47 ===
✅ Sucesso - Custo: 87

=== Teste #1005 - Vértices: 28, Arestas: 48 ===
✅ Sucesso - Custo: 233

=== Teste #1006 - Vértices: 29, Arestas: 51 ===
✅ Sucesso - Custo: 256

=== Teste #1007 - Vértices: 45, Arestas: 97 ===
✅ Sucesso - Custo: 359

=== Teste #1008 - Vértices: 48, Arestas: 62 ===
✅ Sucesso - Custo: 483

=== Teste #1009 - Vértices: 24, Arestas: 45 ===
❌ Erro: Custos divergentes: CHULIU 206, FRANK 190, FRANK_V2 190
Traceback (most recent call last):
  File "/Users/lorenypsum/Library/Mobile Documents/com~apple~CloudDocs/repo/graph-visualizer.nosync/volume_tester.py", line 124, in <module>
    assert custo1 == custo2 == custo3, (
           ^^^^^^^^^^^^^^^^^^^^^^^^^^
AssertionError: Custos divergentes: CHULIU 206, FRANK 190, FRANK_V2 190

=== Teste #1010 - Vértices: 26, Arestas: 50 ===
✅ Sucesso - Custo: 161

=== Teste #1011 - Vértices: 27, Arestas: 63 ===
✅ Sucesso - Custo: 196

=== Teste #1012 - Vértices: 27, Arestas: 69 ===
✅ Sucesso - Custo: 167

=== Teste #1013 - Vértices: 45, Arestas: 94 ===
✅ Sucesso - Custo: 296

=== Teste #1014 - Vértices: 48, Arestas: 104 ===
✅ Sucesso - Custo: 389

=== Teste #1015 - Vértices: 35, Arestas: 36 ===
✅ Sucesso - Custo: 403

=== Teste #1016 - Vértices: 15, Arestas: 21 ===
✅ Sucesso - Custo: 116

=== Teste #1017 - Vértices: 15, Arestas: 16 ===
✅ Sucesso - Custo: 150

=== Teste #1018 - Vértices: 19, Arestas: 56 ===
✅ Sucesso - Custo: 142

=== Teste #1019 - Vértices: 19, Arestas: 34 ===
✅ Sucesso - Custo: 134

=== Teste #1020 - Vértices: 32, Arestas: 68 ===
✅ Sucesso - Custo: 219

=== Teste #1021 - Vértices: 48, Arestas: 113 ===
✅ Sucesso - Custo: 336

=== Teste #1022 - Vértices: 18, Arestas: 53 ===
✅ Sucesso - Custo: 81

=== Teste #1023 - Vértices: 45, Arestas: 107 ===
✅ Sucesso - Custo: 286

=== Teste #1024 - Vértices: 33, Arestas: 65 ===
✅ Sucesso - Custo: 251

=== Teste #1025 - Vértices: 21, Arestas: 35 ===
❌ Erro: Custos divergentes: CHULIU 165, FRANK 155, FRANK_V2 155
Traceback (most recent call last):
  File "/Users/lorenypsum/Library/Mobile Documents/com~apple~CloudDocs/repo/graph-visualizer.nosync/volume_tester.py", line 124, in <module>
    assert custo1 == custo2 == custo3, (
           ^^^^^^^^^^^^^^^^^^^^^^^^^^
AssertionError: Custos divergentes: CHULIU 165, FRANK 155, FRANK_V2 155

=== Teste #1026 - Vértices: 36, Arestas: 84 ===
✅ Sucesso - Custo: 224

=== Teste #1027 - Vértices: 36, Arestas: 103 ===
✅ Sucesso - Custo: 183

=== Teste #1028 - Vértices: 21, Arestas: 51 ===
✅ Sucesso - Custo: 160

=== Teste #1029 - Vértices: 37, Arestas: 107 ===
❌ Erro: Custos divergentes: CHULIU 236, FRANK 223, FRANK_V2 223
Traceback (most recent call last):
  File "/Users/lorenypsum/Library/Mobile Documents/com~apple~CloudDocs/repo/graph-visualizer.nosync/volume_tester.py", line 124, in <module>
    assert custo1 == custo2 == custo3, (
           ^^^^^^^^^^^^^^^^^^^^^^^^^^
AssertionError: Custos divergentes: CHULIU 236, FRANK 223, FRANK_V2 223

=== Teste #1030 - Vértices: 33, Arestas: 49 ===
✅ Sucesso - Custo: 322

=== Teste #1031 - Vértices: 13, Arestas: 24 ===
✅ Sucesso - Custo: 80

=== Teste #1032 - Vértices: 19, Arestas: 26 ===
✅ Sucesso - Custo: 144

=== Teste #1033 - Vértices: 38, Arestas: 82 ===
✅ Sucesso - Custo: 256

=== Teste #1034 - Vértices: 43, Arestas: 119 ===
✅ Sucesso - Custo: 240

=== Teste #1035 - Vértices: 49, Arestas: 69 ===
✅ Sucesso - Custo: 490

=== Teste #1036 - Vértices: 21, Arestas: 21 ===
✅ Sucesso - Custo: 199

=== Teste #1037 - Vértices: 48, Arestas: 131 ===
✅ Sucesso - Custo: 304

=== Teste #1038 - Vértices: 25, Arestas: 43 ===
✅ Sucesso - Custo: 208

=== Teste #1039 - Vértices: 14, Arestas: 41 ===
✅ Sucesso - Custo: 107

=== Teste #1040 - Vértices: 42, Arestas: 121 ===
✅ Sucesso - Custo: 224

=== Teste #1041 - Vértices: 22, Arestas: 62 ===
✅ Sucesso - Custo: 173

=== Teste #1042 - Vértices: 17, Arestas: 17 ===
✅ Sucesso - Custo: 122

=== Teste #1043 - Vértices: 15, Arestas: 28 ===
✅ Sucesso - Custo: 125

=== Teste #1044 - Vértices: 18, Arestas: 48 ===
✅ Sucesso - Custo: 91

=== Teste #1045 - Vértices: 11, Arestas: 12 ===
✅ Sucesso - Custo: 102

=== Teste #1046 - Vértices: 11, Arestas: 28 ===
✅ Sucesso - Custo: 77

=== Teste #1047 - Vértices: 12, Arestas: 17 ===
✅ Sucesso - Custo: 75

=== Teste #1048 - Vértices: 39, Arestas: 107 ===
✅ Sucesso - Custo: 269

=== Teste #1049 - Vértices: 11, Arestas: 31 ===
❌ Erro: Custos divergentes: CHULIU 73, FRANK 70, FRANK_V2 70
Traceback (most recent call last):
  File "/Users/lorenypsum/Library/Mobile Documents/com~apple~CloudDocs/repo/graph-visualizer.nosync/volume_tester.py", line 124, in <module>
    assert custo1 == custo2 == custo3, (
           ^^^^^^^^^^^^^^^^^^^^^^^^^^
AssertionError: Custos divergentes: CHULIU 73, FRANK 70, FRANK_V2 70

=== Teste #1050 - Vértices: 24, Arestas: 31 ===
✅ Sucesso - Custo: 229

=== Teste #1051 - Vértices: 39, Arestas: 66 ===
❌ Erro: Custos divergentes: CHULIU 424, FRANK 425, FRANK_V2 425
Traceback (most recent call last):
  File "/Users/lorenypsum/Library/Mobile Documents/com~apple~CloudDocs/repo/graph-visualizer.nosync/volume_tester.py", line 124, in <module>
    assert custo1 == custo2 == custo3, (
           ^^^^^^^^^^^^^^^^^^^^^^^^^^
AssertionError: Custos divergentes: CHULIU 424, FRANK 425, FRANK_V2 425

=== Teste #1052 - Vértices: 27, Arestas: 33 ===
✅ Sucesso - Custo: 208

=== Teste #1053 - Vértices: 48, Arestas: 92 ===
✅ Sucesso - Custo: 342

=== Teste #1054 - Vértices: 13, Arestas: 32 ===
✅ Sucesso - Custo: 82

=== Teste #1055 - Vértices: 11, Arestas: 29 ===
✅ Sucesso - Custo: 67

=== Teste #1056 - Vértices: 26, Arestas: 53 ===
✅ Sucesso - Custo: 161

=== Teste #1057 - Vértices: 43, Arestas: 54 ===
✅ Sucesso - Custo: 417

=== Teste #1058 - Vértices: 14, Arestas: 19 ===
✅ Sucesso - Custo: 144

=== Teste #1059 - Vértices: 46, Arestas: 105 ===
❌ Erro: Custos divergentes: CHULIU 364, FRANK 362, FRANK_V2 362
Traceback (most recent call last):
  File "/Users/lorenypsum/Library/Mobile Documents/com~apple~CloudDocs/repo/graph-visualizer.nosync/volume_tester.py", line 124, in <module>
    assert custo1 == custo2 == custo3, (
           ^^^^^^^^^^^^^^^^^^^^^^^^^^
AssertionError: Custos divergentes: CHULIU 364, FRANK 362, FRANK_V2 362

=== Teste #1060 - Vértices: 13, Arestas: 33 ===
✅ Sucesso - Custo: 77

=== Teste #1061 - Vértices: 50, Arestas: 121 ===
✅ Sucesso - Custo: 316

=== Teste #1062 - Vértices: 29, Arestas: 49 ===
✅ Sucesso - Custo: 230

=== Teste #1063 - Vértices: 31, Arestas: 42 ===
✅ Sucesso - Custo: 279

=== Teste #1064 - Vértices: 20, Arestas: 55 ===
✅ Sucesso - Custo: 135

=== Teste #1065 - Vértices: 29, Arestas: 75 ===
❌ Erro: Custos divergentes: CHULIU 141, FRANK 138, FRANK_V2 138
Traceback (most recent call last):
  File "/Users/lorenypsum/Library/Mobile Documents/com~apple~CloudDocs/repo/graph-visualizer.nosync/volume_tester.py", line 124, in <module>
    assert custo1 == custo2 == custo3, (
           ^^^^^^^^^^^^^^^^^^^^^^^^^^
AssertionError: Custos divergentes: CHULIU 141, FRANK 138, FRANK_V2 138

=== Teste #1066 - Vértices: 16, Arestas: 44 ===
❌ Erro: Custos divergentes: CHULIU 110, FRANK 107, FRANK_V2 107
Traceback (most recent call last):
  File "/Users/lorenypsum/Library/Mobile Documents/com~apple~CloudDocs/repo/graph-visualizer.nosync/volume_tester.py", line 124, in <module>
    assert custo1 == custo2 == custo3, (
           ^^^^^^^^^^^^^^^^^^^^^^^^^^
AssertionError: Custos divergentes: CHULIU 110, FRANK 107, FRANK_V2 107

=== Teste #1067 - Vértices: 50, Arestas: 60 ===
✅ Sucesso - Custo: 531

=== Teste #1068 - Vértices: 46, Arestas: 83 ===
✅ Sucesso - Custo: 408

=== Teste #1069 - Vértices: 27, Arestas: 61 ===
✅ Sucesso - Custo: 175

=== Teste #1070 - Vértices: 14, Arestas: 38 ===
✅ Sucesso - Custo: 106

=== Teste #1071 - Vértices: 23, Arestas: 29 ===
✅ Sucesso - Custo: 203

=== Teste #1072 - Vértices: 43, Arestas: 128 ===
❌ Erro: Custos divergentes: CHULIU 270, FRANK 265, FRANK_V2 265
Traceback (most recent call last):
  File "/Users/lorenypsum/Library/Mobile Documents/com~apple~CloudDocs/repo/graph-visualizer.nosync/volume_tester.py", line 124, in <module>
    assert custo1 == custo2 == custo3, (
           ^^^^^^^^^^^^^^^^^^^^^^^^^^
AssertionError: Custos divergentes: CHULIU 270, FRANK 265, FRANK_V2 265

=== Teste #1073 - Vértices: 21, Arestas: 25 ===
✅ Sucesso - Custo: 150

=== Teste #1074 - Vértices: 22, Arestas: 42 ===
✅ Sucesso - Custo: 176

=== Teste #1075 - Vértices: 34, Arestas: 99 ===
❌ Erro: Custos divergentes: CHULIU 222, FRANK 225, FRANK_V2 225
Traceback (most recent call last):
  File "/Users/lorenypsum/Library/Mobile Documents/com~apple~CloudDocs/repo/graph-visualizer.nosync/volume_tester.py", line 124, in <module>
    assert custo1 == custo2 == custo3, (
           ^^^^^^^^^^^^^^^^^^^^^^^^^^
AssertionError: Custos divergentes: CHULIU 222, FRANK 225, FRANK_V2 225

=== Teste #1076 - Vértices: 31, Arestas: 71 ===
✅ Sucesso - Custo: 220

=== Teste #1077 - Vértices: 33, Arestas: 81 ===
✅ Sucesso - Custo: 200

=== Teste #1078 - Vértices: 38, Arestas: 103 ===
✅ Sucesso - Custo: 209

=== Teste #1079 - Vértices: 29, Arestas: 53 ===
✅ Sucesso - Custo: 222

=== Teste #1080 - Vértices: 26, Arestas: 77 ===
✅ Sucesso - Custo: 120

=== Teste #1081 - Vértices: 35, Arestas: 42 ===
✅ Sucesso - Custo: 288

=== Teste #1082 - Vértices: 23, Arestas: 45 ===
✅ Sucesso - Custo: 180

=== Teste #1083 - Vértices: 26, Arestas: 70 ===
❌ Erro: Custos divergentes: CHULIU 186, FRANK 175, FRANK_V2 175
Traceback (most recent call last):
  File "/Users/lorenypsum/Library/Mobile Documents/com~apple~CloudDocs/repo/graph-visualizer.nosync/volume_tester.py", line 124, in <module>
    assert custo1 == custo2 == custo3, (
           ^^^^^^^^^^^^^^^^^^^^^^^^^^
AssertionError: Custos divergentes: CHULIU 186, FRANK 175, FRANK_V2 175

=== Teste #1084 - Vértices: 47, Arestas: 54 ===
✅ Sucesso - Custo: 434

=== Teste #1085 - Vértices: 41, Arestas: 123 ===
✅ Sucesso - Custo: 253

=== Teste #1086 - Vértices: 46, Arestas: 63 ===
✅ Sucesso - Custo: 428

=== Teste #1087 - Vértices: 39, Arestas: 52 ===
✅ Sucesso - Custo: 340

=== Teste #1088 - Vértices: 38, Arestas: 98 ===
✅ Sucesso - Custo: 243

=== Teste #1089 - Vértices: 27, Arestas: 57 ===
✅ Sucesso - Custo: 213

=== Teste #1090 - Vértices: 32, Arestas: 65 ===
✅ Sucesso - Custo: 234

=== Teste #1091 - Vértices: 23, Arestas: 33 ===
✅ Sucesso - Custo: 199

=== Teste #1092 - Vértices: 31, Arestas: 68 ===
✅ Sucesso - Custo: 247

=== Teste #1093 - Vértices: 33, Arestas: 33 ===
✅ Sucesso - Custo: 342

=== Teste #1094 - Vértices: 19, Arestas: 25 ===
✅ Sucesso - Custo: 181

=== Teste #1095 - Vértices: 15, Arestas: 19 ===
✅ Sucesso - Custo: 193

=== Teste #1096 - Vértices: 10, Arestas: 17 ===
❌ Erro: Custos divergentes: CHULIU 84, FRANK 83, FRANK_V2 83
Traceback (most recent call last):
  File "/Users/lorenypsum/Library/Mobile Documents/com~apple~CloudDocs/repo/graph-visualizer.nosync/volume_tester.py", line 124, in <module>
    assert custo1 == custo2 == custo3, (
           ^^^^^^^^^^^^^^^^^^^^^^^^^^
AssertionError: Custos divergentes: CHULIU 84, FRANK 83, FRANK_V2 83

=== Teste #1097 - Vértices: 25, Arestas: 42 ===
✅ Sucesso - Custo: 247

=== Teste #1098 - Vértices: 49, Arestas: 119 ===
❌ Erro: Custos divergentes: CHULIU 312, FRANK 314, FRANK_V2 314
Traceback (most recent call last):
  File "/Users/lorenypsum/Library/Mobile Documents/com~apple~CloudDocs/repo/graph-visualizer.nosync/volume_tester.py", line 124, in <module>
    assert custo1 == custo2 == custo3, (
           ^^^^^^^^^^^^^^^^^^^^^^^^^^
AssertionError: Custos divergentes: CHULIU 312, FRANK 314, FRANK_V2 314

=== Teste #1099 - Vértices: 21, Arestas: 29 ===
✅ Sucesso - Custo: 186

=== Teste #1100 - Vértices: 12, Arestas: 21 ===
✅ Sucesso - Custo: 114

=== Teste #1101 - Vértices: 30, Arestas: 80 ===
❌ Erro: Custos divergentes: CHULIU 165, FRANK 158, FRANK_V2 158
Traceback (most recent call last):
  File "/Users/lorenypsum/Library/Mobile Documents/com~apple~CloudDocs/repo/graph-visualizer.nosync/volume_tester.py", line 124, in <module>
    assert custo1 == custo2 == custo3, (
           ^^^^^^^^^^^^^^^^^^^^^^^^^^
AssertionError: Custos divergentes: CHULIU 165, FRANK 158, FRANK_V2 158

=== Teste #1102 - Vértices: 37, Arestas: 52 ===
✅ Sucesso - Custo: 366

=== Teste #1103 - Vértices: 16, Arestas: 20 ===
✅ Sucesso - Custo: 153

=== Teste #1104 - Vértices: 22, Arestas: 48 ===
✅ Sucesso - Custo: 127

=== Teste #1105 - Vértices: 37, Arestas: 40 ===
✅ Sucesso - Custo: 390

=== Teste #1106 - Vértices: 10, Arestas: 17 ===
✅ Sucesso - Custo: 88

=== Teste #1107 - Vértices: 46, Arestas: 134 ===
✅ Sucesso - Custo: 345

=== Teste #1108 - Vértices: 43, Arestas: 112 ===
✅ Sucesso - Custo: 331

=== Teste #1109 - Vértices: 50, Arestas: 90 ===
✅ Sucesso - Custo: 338

=== Teste #1110 - Vértices: 46, Arestas: 68 ===
✅ Sucesso - Custo: 387

=== Teste #1111 - Vértices: 38, Arestas: 106 ===
✅ Sucesso - Custo: 224

=== Teste #1112 - Vértices: 10, Arestas: 19 ===
❌ Erro: Custos divergentes: CHULIU 81, FRANK 83, FRANK_V2 83
Traceback (most recent call last):
  File "/Users/lorenypsum/Library/Mobile Documents/com~apple~CloudDocs/repo/graph-visualizer.nosync/volume_tester.py", line 124, in <module>
    assert custo1 == custo2 == custo3, (
           ^^^^^^^^^^^^^^^^^^^^^^^^^^
AssertionError: Custos divergentes: CHULIU 81, FRANK 83, FRANK_V2 83

=== Teste #1113 - Vértices: 49, Arestas: 64 ===
✅ Sucesso - Custo: 549

=== Teste #1114 - Vértices: 27, Arestas: 66 ===
✅ Sucesso - Custo: 175

=== Teste #1115 - Vértices: 27, Arestas: 42 ===
✅ Sucesso - Custo: 200

=== Teste #1116 - Vértices: 46, Arestas: 54 ===
✅ Sucesso - Custo: 451

=== Teste #1117 - Vértices: 29, Arestas: 37 ===
✅ Sucesso - Custo: 263

=== Teste #1118 - Vértices: 15, Arestas: 29 ===
✅ Sucesso - Custo: 84

=== Teste #1119 - Vértices: 12, Arestas: 36 ===
❌ Erro: Custos divergentes: CHULIU 73, FRANK 74, FRANK_V2 74
Traceback (most recent call last):
  File "/Users/lorenypsum/Library/Mobile Documents/com~apple~CloudDocs/repo/graph-visualizer.nosync/volume_tester.py", line 124, in <module>
    assert custo1 == custo2 == custo3, (
           ^^^^^^^^^^^^^^^^^^^^^^^^^^
AssertionError: Custos divergentes: CHULIU 73, FRANK 74, FRANK_V2 74

=== Teste #1120 - Vértices: 22, Arestas: 64 ===
✅ Sucesso - Custo: 159

=== Teste #1121 - Vértices: 13, Arestas: 23 ===
✅ Sucesso - Custo: 79

=== Teste #1122 - Vértices: 43, Arestas: 47 ===
✅ Sucesso - Custo: 497

=== Teste #1123 - Vértices: 47, Arestas: 121 ===
✅ Sucesso - Custo: 302

=== Teste #1124 - Vértices: 24, Arestas: 67 ===
❌ Erro: Custos divergentes: CHULIU 135, FRANK 130, FRANK_V2 130
Traceback (most recent call last):
  File "/Users/lorenypsum/Library/Mobile Documents/com~apple~CloudDocs/repo/graph-visualizer.nosync/volume_tester.py", line 124, in <module>
    assert custo1 == custo2 == custo3, (
           ^^^^^^^^^^^^^^^^^^^^^^^^^^
AssertionError: Custos divergentes: CHULIU 135, FRANK 130, FRANK_V2 130

=== Teste #1125 - Vértices: 20, Arestas: 32 ===
✅ Sucesso - Custo: 149

=== Teste #1126 - Vértices: 39, Arestas: 51 ===
✅ Sucesso - Custo: 379

=== Teste #1127 - Vértices: 15, Arestas: 39 ===
✅ Sucesso - Custo: 91

=== Teste #1128 - Vértices: 33, Arestas: 36 ===
✅ Sucesso - Custo: 384

=== Teste #1129 - Vértices: 29, Arestas: 42 ===
✅ Sucesso - Custo: 281

=== Teste #1130 - Vértices: 46, Arestas: 101 ===
❌ Erro: Custos divergentes: CHULIU 315, FRANK 317, FRANK_V2 317
Traceback (most recent call last):
  File "/Users/lorenypsum/Library/Mobile Documents/com~apple~CloudDocs/repo/graph-visualizer.nosync/volume_tester.py", line 124, in <module>
    assert custo1 == custo2 == custo3, (
           ^^^^^^^^^^^^^^^^^^^^^^^^^^
AssertionError: Custos divergentes: CHULIU 315, FRANK 317, FRANK_V2 317

=== Teste #1131 - Vértices: 13, Arestas: 24 ===
✅ Sucesso - Custo: 97

=== Teste #1132 - Vértices: 10, Arestas: 10 ===
✅ Sucesso - Custo: 87

=== Teste #1133 - Vértices: 50, Arestas: 68 ===
✅ Sucesso - Custo: 423

=== Teste #1134 - Vértices: 21, Arestas: 44 ===
✅ Sucesso - Custo: 183

=== Teste #1135 - Vértices: 17, Arestas: 20 ===
✅ Sucesso - Custo: 145

=== Teste #1136 - Vértices: 16, Arestas: 47 ===
✅ Sucesso - Custo: 73

=== Teste #1137 - Vértices: 38, Arestas: 61 ===
✅ Sucesso - Custo: 266

=== Teste #1138 - Vértices: 49, Arestas: 111 ===
✅ Sucesso - Custo: 375

=== Teste #1139 - Vértices: 36, Arestas: 47 ===
✅ Sucesso - Custo: 299

=== Teste #1140 - Vértices: 23, Arestas: 63 ===
✅ Sucesso - Custo: 204

=== Teste #1141 - Vértices: 12, Arestas: 20 ===
✅ Sucesso - Custo: 84

=== Teste #1142 - Vértices: 40, Arestas: 74 ===
✅ Sucesso - Custo: 320

=== Teste #1143 - Vértices: 46, Arestas: 96 ===
✅ Sucesso - Custo: 429

=== Teste #1144 - Vértices: 20, Arestas: 38 ===
✅ Sucesso - Custo: 128

=== Teste #1145 - Vértices: 31, Arestas: 56 ===
✅ Sucesso - Custo: 249

=== Teste #1146 - Vértices: 41, Arestas: 109 ===
✅ Sucesso - Custo: 254

=== Teste #1147 - Vértices: 27, Arestas: 54 ===
✅ Sucesso - Custo: 203

=== Teste #1148 - Vértices: 44, Arestas: 65 ===
✅ Sucesso - Custo: 382

=== Teste #1149 - Vértices: 48, Arestas: 51 ===
✅ Sucesso - Custo: 461

=== Teste #1150 - Vértices: 39, Arestas: 64 ===
✅ Sucesso - Custo: 366

=== Teste #1151 - Vértices: 36, Arestas: 52 ===
✅ Sucesso - Custo: 290

=== Teste #1152 - Vértices: 44, Arestas: 50 ===
✅ Sucesso - Custo: 393

=== Teste #1153 - Vértices: 31, Arestas: 90 ===
✅ Sucesso - Custo: 211

=== Teste #1154 - Vértices: 42, Arestas: 67 ===
✅ Sucesso - Custo: 362

=== Teste #1155 - Vértices: 21, Arestas: 59 ===
✅ Sucesso - Custo: 106

=== Teste #1156 - Vértices: 30, Arestas: 40 ===
✅ Sucesso - Custo: 261

=== Teste #1157 - Vértices: 26, Arestas: 37 ===
✅ Sucesso - Custo: 207

=== Teste #1158 - Vértices: 43, Arestas: 90 ===
✅ Sucesso - Custo: 419

=== Teste #1159 - Vértices: 19, Arestas: 55 ===
✅ Sucesso - Custo: 88

=== Teste #1160 - Vértices: 39, Arestas: 73 ===
✅ Sucesso - Custo: 330

=== Teste #1161 - Vértices: 24, Arestas: 68 ===
✅ Sucesso - Custo: 120

=== Teste #1162 - Vértices: 23, Arestas: 36 ===
✅ Sucesso - Custo: 168

=== Teste #1163 - Vértices: 17, Arestas: 22 ===
✅ Sucesso - Custo: 153

=== Teste #1164 - Vértices: 17, Arestas: 38 ===
✅ Sucesso - Custo: 119

=== Teste #1165 - Vértices: 21, Arestas: 49 ===
✅ Sucesso - Custo: 125

=== Teste #1166 - Vértices: 30, Arestas: 59 ===
✅ Sucesso - Custo: 218

=== Teste #1167 - Vértices: 42, Arestas: 54 ===
✅ Sucesso - Custo: 362

=== Teste #1168 - Vértices: 37, Arestas: 107 ===
✅ Sucesso - Custo: 267

=== Teste #1169 - Vértices: 10, Arestas: 18 ===
✅ Sucesso - Custo: 81

=== Teste #1170 - Vértices: 29, Arestas: 34 ===
✅ Sucesso - Custo: 312

=== Teste #1171 - Vértices: 22, Arestas: 43 ===
❌ Erro: Custos divergentes: CHULIU 165, FRANK 164, FRANK_V2 164
Traceback (most recent call last):
  File "/Users/lorenypsum/Library/Mobile Documents/com~apple~CloudDocs/repo/graph-visualizer.nosync/volume_tester.py", line 124, in <module>
    assert custo1 == custo2 == custo3, (
           ^^^^^^^^^^^^^^^^^^^^^^^^^^
AssertionError: Custos divergentes: CHULIU 165, FRANK 164, FRANK_V2 164

=== Teste #1172 - Vértices: 50, Arestas: 70 ===
✅ Sucesso - Custo: 399

=== Teste #1173 - Vértices: 21, Arestas: 33 ===
✅ Sucesso - Custo: 139

=== Teste #1174 - Vértices: 38, Arestas: 84 ===
✅ Sucesso - Custo: 249

=== Teste #1175 - Vértices: 41, Arestas: 70 ===
✅ Sucesso - Custo: 317

=== Teste #1176 - Vértices: 24, Arestas: 52 ===
❌ Erro: Custos divergentes: CHULIU 137, FRANK 140, FRANK_V2 140
Traceback (most recent call last):
  File "/Users/lorenypsum/Library/Mobile Documents/com~apple~CloudDocs/repo/graph-visualizer.nosync/volume_tester.py", line 124, in <module>
    assert custo1 == custo2 == custo3, (
           ^^^^^^^^^^^^^^^^^^^^^^^^^^
AssertionError: Custos divergentes: CHULIU 137, FRANK 140, FRANK_V2 140

=== Teste #1177 - Vértices: 27, Arestas: 66 ===
✅ Sucesso - Custo: 193

=== Teste #1178 - Vértices: 20, Arestas: 55 ===
✅ Sucesso - Custo: 126

=== Teste #1179 - Vértices: 49, Arestas: 73 ===
✅ Sucesso - Custo: 389

=== Teste #1180 - Vértices: 33, Arestas: 42 ===
✅ Sucesso - Custo: 299

=== Teste #1181 - Vértices: 47, Arestas: 135 ===
✅ Sucesso - Custo: 340

=== Teste #1182 - Vértices: 44, Arestas: 132 ===
✅ Sucesso - Custo: 280

=== Teste #1183 - Vértices: 47, Arestas: 71 ===
✅ Sucesso - Custo: 344

=== Teste #1184 - Vértices: 11, Arestas: 20 ===
✅ Sucesso - Custo: 74

=== Teste #1185 - Vértices: 44, Arestas: 125 ===
✅ Sucesso - Custo: 291

=== Teste #1186 - Vértices: 34, Arestas: 86 ===
✅ Sucesso - Custo: 230

=== Teste #1187 - Vértices: 49, Arestas: 74 ===
✅ Sucesso - Custo: 469

=== Teste #1188 - Vértices: 40, Arestas: 104 ===
✅ Sucesso - Custo: 307

=== Teste #1189 - Vértices: 43, Arestas: 119 ===
✅ Sucesso - Custo: 262

=== Teste #1190 - Vértices: 44, Arestas: 72 ===
✅ Sucesso - Custo: 324

=== Teste #1191 - Vértices: 40, Arestas: 92 ===
✅ Sucesso - Custo: 282

=== Teste #1192 - Vértices: 13, Arestas: 34 ===
✅ Sucesso - Custo: 78

=== Teste #1193 - Vértices: 30, Arestas: 55 ===
✅ Sucesso - Custo: 220

=== Teste #1194 - Vértices: 47, Arestas: 107 ===
✅ Sucesso - Custo: 335

=== Teste #1195 - Vértices: 47, Arestas: 58 ===
✅ Sucesso - Custo: 421

=== Teste #1196 - Vértices: 48, Arestas: 72 ===
✅ Sucesso - Custo: 398

=== Teste #1197 - Vértices: 21, Arestas: 43 ===
✅ Sucesso - Custo: 165

=== Teste #1198 - Vértices: 40, Arestas: 46 ===
✅ Sucesso - Custo: 374

=== Teste #1199 - Vértices: 47, Arestas: 81 ===
✅ Sucesso - Custo: 394

=== Teste #1200 - Vértices: 32, Arestas: 57 ===
✅ Sucesso - Custo: 301

=== Teste #1201 - Vértices: 21, Arestas: 56 ===
✅ Sucesso - Custo: 194

=== Teste #1202 - Vértices: 22, Arestas: 66 ===
❌ Erro: Custos divergentes: CHULIU 168, FRANK 152, FRANK_V2 152
Traceback (most recent call last):
  File "/Users/lorenypsum/Library/Mobile Documents/com~apple~CloudDocs/repo/graph-visualizer.nosync/volume_tester.py", line 124, in <module>
    assert custo1 == custo2 == custo3, (
           ^^^^^^^^^^^^^^^^^^^^^^^^^^
AssertionError: Custos divergentes: CHULIU 168, FRANK 152, FRANK_V2 152

=== Teste #1203 - Vértices: 50, Arestas: 90 ===
✅ Sucesso - Custo: 396

=== Teste #1204 - Vértices: 31, Arestas: 50 ===
✅ Sucesso - Custo: 260

=== Teste #1205 - Vértices: 37, Arestas: 83 ===
✅ Sucesso - Custo: 244

=== Teste #1206 - Vértices: 12, Arestas: 34 ===
✅ Sucesso - Custo: 83

=== Teste #1207 - Vértices: 20, Arestas: 54 ===
✅ Sucesso - Custo: 117

=== Teste #1208 - Vértices: 36, Arestas: 99 ===
✅ Sucesso - Custo: 257

=== Teste #1209 - Vértices: 10, Arestas: 10 ===
✅ Sucesso - Custo: 97

=== Teste #1210 - Vértices: 22, Arestas: 37 ===
✅ Sucesso - Custo: 207

=== Teste #1211 - Vértices: 48, Arestas: 137 ===
✅ Sucesso - Custo: 263

=== Teste #1212 - Vértices: 37, Arestas: 85 ===
✅ Sucesso - Custo: 256

=== Teste #1213 - Vértices: 18, Arestas: 44 ===
❌ Erro: Custos divergentes: CHULIU 115, FRANK 117, FRANK_V2 117
Traceback (most recent call last):
  File "/Users/lorenypsum/Library/Mobile Documents/com~apple~CloudDocs/repo/graph-visualizer.nosync/volume_tester.py", line 124, in <module>
    assert custo1 == custo2 == custo3, (
           ^^^^^^^^^^^^^^^^^^^^^^^^^^
AssertionError: Custos divergentes: CHULIU 115, FRANK 117, FRANK_V2 117

=== Teste #1214 - Vértices: 33, Arestas: 71 ===
❌ Erro: Custos divergentes: CHULIU 270, FRANK 275, FRANK_V2 275
Traceback (most recent call last):
  File "/Users/lorenypsum/Library/Mobile Documents/com~apple~CloudDocs/repo/graph-visualizer.nosync/volume_tester.py", line 124, in <module>
    assert custo1 == custo2 == custo3, (
           ^^^^^^^^^^^^^^^^^^^^^^^^^^
AssertionError: Custos divergentes: CHULIU 270, FRANK 275, FRANK_V2 275

=== Teste #1215 - Vértices: 26, Arestas: 38 ===
✅ Sucesso - Custo: 220

=== Teste #1216 - Vértices: 29, Arestas: 81 ===
✅ Sucesso - Custo: 169

=== Teste #1217 - Vértices: 13, Arestas: 28 ===
❌ Erro: Custos divergentes: CHULIU 109, FRANK 105, FRANK_V2 105
Traceback (most recent call last):
  File "/Users/lorenypsum/Library/Mobile Documents/com~apple~CloudDocs/repo/graph-visualizer.nosync/volume_tester.py", line 124, in <module>
    assert custo1 == custo2 == custo3, (
           ^^^^^^^^^^^^^^^^^^^^^^^^^^
AssertionError: Custos divergentes: CHULIU 109, FRANK 105, FRANK_V2 105

=== Teste #1218 - Vértices: 18, Arestas: 22 ===
✅ Sucesso - Custo: 167

=== Teste #1219 - Vértices: 26, Arestas: 37 ===
✅ Sucesso - Custo: 183

=== Teste #1220 - Vértices: 20, Arestas: 31 ===
✅ Sucesso - Custo: 193

=== Teste #1221 - Vértices: 29, Arestas: 34 ===
✅ Sucesso - Custo: 256

=== Teste #1222 - Vértices: 23, Arestas: 61 ===
✅ Sucesso - Custo: 152

=== Teste #1223 - Vértices: 27, Arestas: 73 ===
❌ Erro: Custos divergentes: CHULIU 183, FRANK 173, FRANK_V2 173
Traceback (most recent call last):
  File "/Users/lorenypsum/Library/Mobile Documents/com~apple~CloudDocs/repo/graph-visualizer.nosync/volume_tester.py", line 124, in <module>
    assert custo1 == custo2 == custo3, (
           ^^^^^^^^^^^^^^^^^^^^^^^^^^
AssertionError: Custos divergentes: CHULIU 183, FRANK 173, FRANK_V2 173

=== Teste #1224 - Vértices: 10, Arestas: 16 ===
✅ Sucesso - Custo: 65

=== Teste #1225 - Vértices: 18, Arestas: 25 ===
✅ Sucesso - Custo: 165

=== Teste #1226 - Vértices: 10, Arestas: 13 ===
✅ Sucesso - Custo: 80

=== Teste #1227 - Vértices: 50, Arestas: 110 ===
✅ Sucesso - Custo: 362

=== Teste #1228 - Vértices: 35, Arestas: 87 ===
✅ Sucesso - Custo: 198

=== Teste #1229 - Vértices: 11, Arestas: 18 ===
✅ Sucesso - Custo: 76

=== Teste #1230 - Vértices: 30, Arestas: 40 ===
✅ Sucesso - Custo: 326

=== Teste #1231 - Vértices: 29, Arestas: 53 ===
✅ Sucesso - Custo: 228

=== Teste #1232 - Vértices: 48, Arestas: 134 ===
✅ Sucesso - Custo: 300

=== Teste #1233 - Vértices: 50, Arestas: 81 ===
✅ Sucesso - Custo: 371

=== Teste #1234 - Vértices: 17, Arestas: 49 ===
✅ Sucesso - Custo: 88

=== Teste #1235 - Vértices: 11, Arestas: 20 ===
✅ Sucesso - Custo: 91

=== Teste #1236 - Vértices: 12, Arestas: 36 ===
❌ Erro: Custos divergentes: CHULIU 80, FRANK 76, FRANK_V2 76
Traceback (most recent call last):
  File "/Users/lorenypsum/Library/Mobile Documents/com~apple~CloudDocs/repo/graph-visualizer.nosync/volume_tester.py", line 124, in <module>
    assert custo1 == custo2 == custo3, (
           ^^^^^^^^^^^^^^^^^^^^^^^^^^
AssertionError: Custos divergentes: CHULIU 80, FRANK 76, FRANK_V2 76

=== Teste #1237 - Vértices: 24, Arestas: 61 ===
✅ Sucesso - Custo: 152

=== Teste #1238 - Vértices: 12, Arestas: 34 ===
✅ Sucesso - Custo: 68

=== Teste #1239 - Vértices: 12, Arestas: 17 ===
✅ Sucesso - Custo: 53

=== Teste #1240 - Vértices: 25, Arestas: 62 ===
✅ Sucesso - Custo: 144

=== Teste #1241 - Vértices: 14, Arestas: 32 ===
✅ Sucesso - Custo: 81

=== Teste #1242 - Vértices: 13, Arestas: 32 ===
✅ Sucesso - Custo: 79

=== Teste #1243 - Vértices: 30, Arestas: 87 ===
❌ Erro: Custos divergentes: CHULIU 194, FRANK 195, FRANK_V2 195
Traceback (most recent call last):
  File "/Users/lorenypsum/Library/Mobile Documents/com~apple~CloudDocs/repo/graph-visualizer.nosync/volume_tester.py", line 124, in <module>
    assert custo1 == custo2 == custo3, (
           ^^^^^^^^^^^^^^^^^^^^^^^^^^
AssertionError: Custos divergentes: CHULIU 194, FRANK 195, FRANK_V2 195

=== Teste #1244 - Vértices: 17, Arestas: 49 ===
✅ Sucesso - Custo: 80

=== Teste #1245 - Vértices: 40, Arestas: 79 ===
✅ Sucesso - Custo: 288

=== Teste #1246 - Vértices: 35, Arestas: 40 ===
✅ Sucesso - Custo: 344

=== Teste #1247 - Vértices: 39, Arestas: 57 ===
✅ Sucesso - Custo: 351

=== Teste #1248 - Vértices: 25, Arestas: 72 ===
✅ Sucesso - Custo: 169

=== Teste #1249 - Vértices: 45, Arestas: 58 ===
✅ Sucesso - Custo: 424

=== Teste #1250 - Vértices: 12, Arestas: 22 ===
✅ Sucesso - Custo: 88

=== Teste #1251 - Vértices: 12, Arestas: 19 ===
✅ Sucesso - Custo: 76

=== Teste #1252 - Vértices: 34, Arestas: 90 ===
✅ Sucesso - Custo: 201

=== Teste #1253 - Vértices: 14, Arestas: 40 ===
✅ Sucesso - Custo: 84

=== Teste #1254 - Vértices: 31, Arestas: 52 ===
✅ Sucesso - Custo: 245

=== Teste #1255 - Vértices: 44, Arestas: 49 ===
✅ Sucesso - Custo: 436

=== Teste #1256 - Vértices: 43, Arestas: 108 ===
❌ Erro: Custos divergentes: CHULIU 346, FRANK 348, FRANK_V2 348
Traceback (most recent call last):
  File "/Users/lorenypsum/Library/Mobile Documents/com~apple~CloudDocs/repo/graph-visualizer.nosync/volume_tester.py", line 124, in <module>
    assert custo1 == custo2 == custo3, (
           ^^^^^^^^^^^^^^^^^^^^^^^^^^
AssertionError: Custos divergentes: CHULIU 346, FRANK 348, FRANK_V2 348

=== Teste #1257 - Vértices: 11, Arestas: 28 ===
✅ Sucesso - Custo: 58

=== Teste #1258 - Vértices: 30, Arestas: 43 ===
✅ Sucesso - Custo: 225

=== Teste #1259 - Vértices: 24, Arestas: 72 ===
❌ Erro: Custos divergentes: CHULIU 168, FRANK 165, FRANK_V2 165
Traceback (most recent call last):
  File "/Users/lorenypsum/Library/Mobile Documents/com~apple~CloudDocs/repo/graph-visualizer.nosync/volume_tester.py", line 124, in <module>
    assert custo1 == custo2 == custo3, (
           ^^^^^^^^^^^^^^^^^^^^^^^^^^
AssertionError: Custos divergentes: CHULIU 168, FRANK 165, FRANK_V2 165

=== Teste #1260 - Vértices: 10, Arestas: 26 ===
❌ Erro: Custos divergentes: CHULIU 55, FRANK 54, FRANK_V2 54
Traceback (most recent call last):
  File "/Users/lorenypsum/Library/Mobile Documents/com~apple~CloudDocs/repo/graph-visualizer.nosync/volume_tester.py", line 124, in <module>
    assert custo1 == custo2 == custo3, (
           ^^^^^^^^^^^^^^^^^^^^^^^^^^
AssertionError: Custos divergentes: CHULIU 55, FRANK 54, FRANK_V2 54

=== Teste #1261 - Vértices: 12, Arestas: 12 ===
✅ Sucesso - Custo: 135

=== Teste #1262 - Vértices: 27, Arestas: 43 ===
✅ Sucesso - Custo: 219

=== Teste #1263 - Vértices: 22, Arestas: 44 ===
✅ Sucesso - Custo: 129

=== Teste #1264 - Vértices: 32, Arestas: 71 ===
✅ Sucesso - Custo: 212

=== Teste #1265 - Vértices: 45, Arestas: 106 ===
✅ Sucesso - Custo: 383

=== Teste #1266 - Vértices: 37, Arestas: 61 ===
✅ Sucesso - Custo: 320

=== Teste #1267 - Vértices: 46, Arestas: 82 ===
✅ Sucesso - Custo: 349

=== Teste #1268 - Vértices: 20, Arestas: 46 ===
✅ Sucesso - Custo: 160

=== Teste #1269 - Vértices: 48, Arestas: 72 ===
❌ Erro: Custos divergentes: CHULIU 365, FRANK 366, FRANK_V2 366
Traceback (most recent call last):
  File "/Users/lorenypsum/Library/Mobile Documents/com~apple~CloudDocs/repo/graph-visualizer.nosync/volume_tester.py", line 124, in <module>
    assert custo1 == custo2 == custo3, (
           ^^^^^^^^^^^^^^^^^^^^^^^^^^
AssertionError: Custos divergentes: CHULIU 365, FRANK 366, FRANK_V2 366

=== Teste #1270 - Vértices: 35, Arestas: 48 ===
✅ Sucesso - Custo: 315

=== Teste #1271 - Vértices: 14, Arestas: 24 ===
✅ Sucesso - Custo: 108

=== Teste #1272 - Vértices: 44, Arestas: 93 ===
✅ Sucesso - Custo: 332

=== Teste #1273 - Vértices: 26, Arestas: 63 ===
✅ Sucesso - Custo: 168

=== Teste #1274 - Vértices: 13, Arestas: 21 ===
✅ Sucesso - Custo: 116

=== Teste #1275 - Vértices: 39, Arestas: 41 ===
✅ Sucesso - Custo: 377

=== Teste #1276 - Vértices: 26, Arestas: 26 ===
✅ Sucesso - Custo: 306

=== Teste #1277 - Vértices: 44, Arestas: 111 ===
✅ Sucesso - Custo: 312

=== Teste #1278 - Vértices: 11, Arestas: 32 ===
✅ Sucesso - Custo: 67

=== Teste #1279 - Vértices: 44, Arestas: 63 ===
✅ Sucesso - Custo: 389

=== Teste #1280 - Vértices: 18, Arestas: 39 ===
✅ Sucesso - Custo: 132

=== Teste #1281 - Vértices: 14, Arestas: 40 ===
✅ Sucesso - Custo: 88

=== Teste #1282 - Vértices: 11, Arestas: 26 ===
❌ Erro: Custos divergentes: CHULIU 55, FRANK 48, FRANK_V2 48
Traceback (most recent call last):
  File "/Users/lorenypsum/Library/Mobile Documents/com~apple~CloudDocs/repo/graph-visualizer.nosync/volume_tester.py", line 124, in <module>
    assert custo1 == custo2 == custo3, (
           ^^^^^^^^^^^^^^^^^^^^^^^^^^
AssertionError: Custos divergentes: CHULIU 55, FRANK 48, FRANK_V2 48

=== Teste #1283 - Vértices: 22, Arestas: 59 ===
✅ Sucesso - Custo: 151

=== Teste #1284 - Vértices: 20, Arestas: 48 ===
❌ Erro: Custos divergentes: CHULIU 131, FRANK 119, FRANK_V2 119
Traceback (most recent call last):
  File "/Users/lorenypsum/Library/Mobile Documents/com~apple~CloudDocs/repo/graph-visualizer.nosync/volume_tester.py", line 124, in <module>
    assert custo1 == custo2 == custo3, (
           ^^^^^^^^^^^^^^^^^^^^^^^^^^
AssertionError: Custos divergentes: CHULIU 131, FRANK 119, FRANK_V2 119

=== Teste #1285 - Vértices: 17, Arestas: 28 ===
✅ Sucesso - Custo: 131

=== Teste #1286 - Vértices: 29, Arestas: 49 ===
❌ Erro: Custos divergentes: CHULIU 209, FRANK 213, FRANK_V2 213
Traceback (most recent call last):
  File "/Users/lorenypsum/Library/Mobile Documents/com~apple~CloudDocs/repo/graph-visualizer.nosync/volume_tester.py", line 124, in <module>
    assert custo1 == custo2 == custo3, (
           ^^^^^^^^^^^^^^^^^^^^^^^^^^
AssertionError: Custos divergentes: CHULIU 209, FRANK 213, FRANK_V2 213

=== Teste #1287 - Vértices: 30, Arestas: 51 ===
✅ Sucesso - Custo: 203

=== Teste #1288 - Vértices: 42, Arestas: 110 ===
✅ Sucesso - Custo: 324

=== Teste #1289 - Vértices: 30, Arestas: 67 ===
✅ Sucesso - Custo: 198

=== Teste #1290 - Vértices: 11, Arestas: 17 ===
✅ Sucesso - Custo: 115

=== Teste #1291 - Vértices: 50, Arestas: 147 ===
✅ Sucesso - Custo: 303

=== Teste #1292 - Vértices: 49, Arestas: 74 ===
✅ Sucesso - Custo: 482

=== Teste #1293 - Vértices: 32, Arestas: 65 ===
✅ Sucesso - Custo: 206

=== Teste #1294 - Vértices: 39, Arestas: 93 ===
✅ Sucesso - Custo: 273

=== Teste #1295 - Vértices: 48, Arestas: 54 ===
✅ Sucesso - Custo: 468

=== Teste #1296 - Vértices: 19, Arestas: 50 ===
❌ Erro: Custos divergentes: CHULIU 105, FRANK 107, FRANK_V2 107
Traceback (most recent call last):
  File "/Users/lorenypsum/Library/Mobile Documents/com~apple~CloudDocs/repo/graph-visualizer.nosync/volume_tester.py", line 124, in <module>
    assert custo1 == custo2 == custo3, (
           ^^^^^^^^^^^^^^^^^^^^^^^^^^
AssertionError: Custos divergentes: CHULIU 105, FRANK 107, FRANK_V2 107

=== Teste #1297 - Vértices: 29, Arestas: 48 ===
✅ Sucesso - Custo: 237

=== Teste #1298 - Vértices: 39, Arestas: 88 ===
✅ Sucesso - Custo: 267

=== Teste #1299 - Vértices: 20, Arestas: 47 ===
✅ Sucesso - Custo: 145

=== Teste #1300 - Vértices: 14, Arestas: 28 ===
✅ Sucesso - Custo: 102

=== Teste #1301 - Vértices: 26, Arestas: 61 ===
✅ Sucesso - Custo: 163

=== Teste #1302 - Vértices: 48, Arestas: 117 ===
✅ Sucesso - Custo: 277

=== Teste #1303 - Vértices: 38, Arestas: 90 ===
✅ Sucesso - Custo: 283

=== Teste #1304 - Vértices: 19, Arestas: 23 ===
✅ Sucesso - Custo: 214

=== Teste #1305 - Vértices: 12, Arestas: 35 ===
✅ Sucesso - Custo: 50

=== Teste #1306 - Vértices: 29, Arestas: 57 ===
✅ Sucesso - Custo: 242

=== Teste #1307 - Vértices: 45, Arestas: 133 ===
✅ Sucesso - Custo: 300

=== Teste #1308 - Vértices: 12, Arestas: 36 ===
✅ Sucesso - Custo: 87

=== Teste #1309 - Vértices: 14, Arestas: 26 ===
✅ Sucesso - Custo: 100

=== Teste #1310 - Vértices: 35, Arestas: 93 ===
✅ Sucesso - Custo: 253

=== Teste #1311 - Vértices: 22, Arestas: 45 ===
✅ Sucesso - Custo: 184

=== Teste #1312 - Vértices: 32, Arestas: 61 ===
✅ Sucesso - Custo: 282

=== Teste #1313 - Vértices: 29, Arestas: 55 ===
✅ Sucesso - Custo: 206

=== Teste #1314 - Vértices: 42, Arestas: 83 ===
✅ Sucesso - Custo: 290

=== Teste #1315 - Vértices: 17, Arestas: 33 ===
❌ Erro: Custos divergentes: CHULIU 121, FRANK 123, FRANK_V2 123
Traceback (most recent call last):
  File "/Users/lorenypsum/Library/Mobile Documents/com~apple~CloudDocs/repo/graph-visualizer.nosync/volume_tester.py", line 124, in <module>
    assert custo1 == custo2 == custo3, (
           ^^^^^^^^^^^^^^^^^^^^^^^^^^
AssertionError: Custos divergentes: CHULIU 121, FRANK 123, FRANK_V2 123

=== Teste #1316 - Vértices: 33, Arestas: 75 ===
✅ Sucesso - Custo: 234

=== Teste #1317 - Vértices: 24, Arestas: 51 ===
✅ Sucesso - Custo: 194

=== Teste #1318 - Vértices: 34, Arestas: 72 ===
❌ Erro: Custos divergentes: CHULIU 237, FRANK 234, FRANK_V2 234
Traceback (most recent call last):
  File "/Users/lorenypsum/Library/Mobile Documents/com~apple~CloudDocs/repo/graph-visualizer.nosync/volume_tester.py", line 124, in <module>
    assert custo1 == custo2 == custo3, (
           ^^^^^^^^^^^^^^^^^^^^^^^^^^
AssertionError: Custos divergentes: CHULIU 237, FRANK 234, FRANK_V2 234

=== Teste #1319 - Vértices: 13, Arestas: 13 ===
✅ Sucesso - Custo: 105

=== Teste #1320 - Vértices: 37, Arestas: 70 ===
✅ Sucesso - Custo: 307

=== Teste #1321 - Vértices: 38, Arestas: 67 ===
✅ Sucesso - Custo: 307

=== Teste #1322 - Vértices: 31, Arestas: 35 ===
✅ Sucesso - Custo: 294

=== Teste #1323 - Vértices: 23, Arestas: 40 ===
✅ Sucesso - Custo: 179

=== Teste #1324 - Vértices: 20, Arestas: 30 ===
✅ Sucesso - Custo: 136

=== Teste #1325 - Vértices: 22, Arestas: 40 ===
✅ Sucesso - Custo: 175

=== Teste #1326 - Vértices: 40, Arestas: 58 ===
✅ Sucesso - Custo: 338

=== Teste #1327 - Vértices: 48, Arestas: 52 ===
✅ Sucesso - Custo: 511

=== Teste #1328 - Vértices: 41, Arestas: 117 ===
✅ Sucesso - Custo: 266

=== Teste #1329 - Vértices: 44, Arestas: 105 ===
✅ Sucesso - Custo: 302

=== Teste #1330 - Vértices: 35, Arestas: 61 ===
✅ Sucesso - Custo: 328

=== Teste #1331 - Vértices: 23, Arestas: 55 ===
✅ Sucesso - Custo: 134

=== Teste #1332 - Vértices: 43, Arestas: 92 ===
✅ Sucesso - Custo: 323

=== Teste #1333 - Vértices: 11, Arestas: 14 ===
✅ Sucesso - Custo: 87

=== Teste #1334 - Vértices: 40, Arestas: 118 ===
✅ Sucesso - Custo: 269

=== Teste #1335 - Vértices: 23, Arestas: 41 ===
✅ Sucesso - Custo: 184

=== Teste #1336 - Vértices: 41, Arestas: 94 ===
✅ Sucesso - Custo: 235

=== Teste #1337 - Vértices: 26, Arestas: 26 ===
✅ Sucesso - Custo: 223

=== Teste #1338 - Vértices: 13, Arestas: 39 ===
✅ Sucesso - Custo: 60

=== Teste #1339 - Vértices: 28, Arestas: 84 ===
✅ Sucesso - Custo: 154

=== Teste #1340 - Vértices: 35, Arestas: 72 ===
✅ Sucesso - Custo: 286

=== Teste #1341 - Vértices: 50, Arestas: 146 ===
✅ Sucesso - Custo: 357

=== Teste #1342 - Vértices: 12, Arestas: 24 ===
✅ Sucesso - Custo: 98

=== Teste #1343 - Vértices: 46, Arestas: 72 ===
✅ Sucesso - Custo: 380

=== Teste #1344 - Vértices: 18, Arestas: 37 ===
✅ Sucesso - Custo: 109

=== Teste #1345 - Vértices: 40, Arestas: 61 ===
✅ Sucesso - Custo: 302

=== Teste #1346 - Vértices: 50, Arestas: 113 ===
✅ Sucesso - Custo: 350

=== Teste #1347 - Vértices: 50, Arestas: 55 ===
✅ Sucesso - Custo: 480

=== Teste #1348 - Vértices: 39, Arestas: 86 ===
✅ Sucesso - Custo: 218

=== Teste #1349 - Vértices: 40, Arestas: 50 ===
✅ Sucesso - Custo: 398

=== Teste #1350 - Vértices: 20, Arestas: 31 ===
✅ Sucesso - Custo: 204

=== Teste #1351 - Vértices: 19, Arestas: 44 ===
✅ Sucesso - Custo: 135

=== Teste #1352 - Vértices: 27, Arestas: 80 ===
✅ Sucesso - Custo: 158

=== Teste #1353 - Vértices: 25, Arestas: 64 ===
❌ Erro: Custos divergentes: CHULIU 190, FRANK 177, FRANK_V2 177
Traceback (most recent call last):
  File "/Users/lorenypsum/Library/Mobile Documents/com~apple~CloudDocs/repo/graph-visualizer.nosync/volume_tester.py", line 124, in <module>
    assert custo1 == custo2 == custo3, (
           ^^^^^^^^^^^^^^^^^^^^^^^^^^
AssertionError: Custos divergentes: CHULIU 190, FRANK 177, FRANK_V2 177

=== Teste #1354 - Vértices: 38, Arestas: 71 ===
✅ Sucesso - Custo: 273

=== Teste #1355 - Vértices: 22, Arestas: 41 ===
✅ Sucesso - Custo: 160

=== Teste #1356 - Vértices: 32, Arestas: 50 ===
✅ Sucesso - Custo: 218

=== Teste #1357 - Vértices: 29, Arestas: 39 ===
✅ Sucesso - Custo: 273

=== Teste #1358 - Vértices: 42, Arestas: 75 ===
✅ Sucesso - Custo: 393

=== Teste #1359 - Vértices: 25, Arestas: 56 ===
✅ Sucesso - Custo: 208

=== Teste #1360 - Vértices: 47, Arestas: 61 ===
✅ Sucesso - Custo: 524

=== Teste #1361 - Vértices: 15, Arestas: 42 ===
❌ Erro: Custos divergentes: CHULIU 89, FRANK 80, FRANK_V2 80
Traceback (most recent call last):
  File "/Users/lorenypsum/Library/Mobile Documents/com~apple~CloudDocs/repo/graph-visualizer.nosync/volume_tester.py", line 124, in <module>
    assert custo1 == custo2 == custo3, (
           ^^^^^^^^^^^^^^^^^^^^^^^^^^
AssertionError: Custos divergentes: CHULIU 89, FRANK 80, FRANK_V2 80

=== Teste #1362 - Vértices: 47, Arestas: 137 ===
✅ Sucesso - Custo: 312

=== Teste #1363 - Vértices: 14, Arestas: 21 ===
✅ Sucesso - Custo: 98

=== Teste #1364 - Vértices: 36, Arestas: 48 ===
✅ Sucesso - Custo: 315

=== Teste #1365 - Vértices: 19, Arestas: 22 ===
✅ Sucesso - Custo: 212

=== Teste #1366 - Vértices: 29, Arestas: 42 ===
✅ Sucesso - Custo: 250

=== Teste #1367 - Vértices: 20, Arestas: 23 ===
✅ Sucesso - Custo: 154

=== Teste #1368 - Vértices: 28, Arestas: 83 ===
✅ Sucesso - Custo: 166

=== Teste #1369 - Vértices: 34, Arestas: 68 ===
✅ Sucesso - Custo: 238

=== Teste #1370 - Vértices: 19, Arestas: 47 ===
✅ Sucesso - Custo: 89

=== Teste #1371 - Vértices: 47, Arestas: 70 ===
✅ Sucesso - Custo: 438

=== Teste #1372 - Vértices: 37, Arestas: 54 ===
✅ Sucesso - Custo: 353

=== Teste #1373 - Vértices: 13, Arestas: 24 ===
✅ Sucesso - Custo: 97

=== Teste #1374 - Vértices: 29, Arestas: 55 ===
✅ Sucesso - Custo: 212

=== Teste #1375 - Vértices: 20, Arestas: 22 ===
✅ Sucesso - Custo: 172

=== Teste #1376 - Vértices: 36, Arestas: 83 ===
✅ Sucesso - Custo: 280

=== Teste #1377 - Vértices: 21, Arestas: 35 ===
✅ Sucesso - Custo: 158

=== Teste #1378 - Vértices: 13, Arestas: 30 ===
✅ Sucesso - Custo: 94

=== Teste #1379 - Vértices: 35, Arestas: 37 ===
✅ Sucesso - Custo: 320

=== Teste #1380 - Vértices: 50, Arestas: 54 ===
✅ Sucesso - Custo: 413

=== Teste #1381 - Vértices: 47, Arestas: 66 ===
✅ Sucesso - Custo: 387

=== Teste #1382 - Vértices: 23, Arestas: 28 ===
✅ Sucesso - Custo: 220

=== Teste #1383 - Vértices: 38, Arestas: 76 ===
❌ Erro: Custos divergentes: CHULIU 321, FRANK 307, FRANK_V2 307
Traceback (most recent call last):
  File "/Users/lorenypsum/Library/Mobile Documents/com~apple~CloudDocs/repo/graph-visualizer.nosync/volume_tester.py", line 124, in <module>
    assert custo1 == custo2 == custo3, (
           ^^^^^^^^^^^^^^^^^^^^^^^^^^
AssertionError: Custos divergentes: CHULIU 321, FRANK 307, FRANK_V2 307

=== Teste #1384 - Vértices: 17, Arestas: 24 ===
✅ Sucesso - Custo: 162

=== Teste #1385 - Vértices: 25, Arestas: 46 ===
✅ Sucesso - Custo: 160

=== Teste #1386 - Vértices: 12, Arestas: 35 ===
✅ Sucesso - Custo: 72

=== Teste #1387 - Vértices: 46, Arestas: 74 ===
✅ Sucesso - Custo: 435

=== Teste #1388 - Vértices: 41, Arestas: 110 ===
✅ Sucesso - Custo: 285

=== Teste #1389 - Vértices: 11, Arestas: 19 ===
✅ Sucesso - Custo: 83

=== Teste #1390 - Vértices: 16, Arestas: 47 ===
✅ Sucesso - Custo: 96

=== Teste #1391 - Vértices: 40, Arestas: 53 ===
✅ Sucesso - Custo: 383

=== Teste #1392 - Vértices: 13, Arestas: 27 ===
✅ Sucesso - Custo: 78

=== Teste #1393 - Vértices: 36, Arestas: 36 ===
✅ Sucesso - Custo: 314

=== Teste #1394 - Vértices: 25, Arestas: 47 ===
✅ Sucesso - Custo: 208

=== Teste #1395 - Vértices: 28, Arestas: 49 ===
✅ Sucesso - Custo: 219

=== Teste #1396 - Vértices: 38, Arestas: 59 ===
✅ Sucesso - Custo: 323

=== Teste #1397 - Vértices: 20, Arestas: 33 ===
✅ Sucesso - Custo: 170

=== Teste #1398 - Vértices: 19, Arestas: 19 ===
✅ Sucesso - Custo: 172

=== Teste #1399 - Vértices: 27, Arestas: 51 ===
✅ Sucesso - Custo: 220

=== Teste #1400 - Vértices: 47, Arestas: 85 ===
✅ Sucesso - Custo: 412

=== Teste #1401 - Vértices: 37, Arestas: 53 ===
✅ Sucesso - Custo: 306

=== Teste #1402 - Vértices: 20, Arestas: 33 ===
✅ Sucesso - Custo: 172

=== Teste #1403 - Vértices: 22, Arestas: 26 ===
✅ Sucesso - Custo: 234

=== Teste #1404 - Vértices: 21, Arestas: 23 ===
✅ Sucesso - Custo: 164

=== Teste #1405 - Vértices: 26, Arestas: 69 ===
✅ Sucesso - Custo: 202

=== Teste #1406 - Vértices: 19, Arestas: 45 ===
✅ Sucesso - Custo: 118

=== Teste #1407 - Vértices: 27, Arestas: 34 ===
✅ Sucesso - Custo: 231

=== Teste #1408 - Vértices: 13, Arestas: 36 ===
✅ Sucesso - Custo: 63

=== Teste #1409 - Vértices: 40, Arestas: 55 ===
✅ Sucesso - Custo: 343

=== Teste #1410 - Vértices: 40, Arestas: 49 ===
✅ Sucesso - Custo: 411

=== Teste #1411 - Vértices: 30, Arestas: 68 ===
✅ Sucesso - Custo: 222

=== Teste #1412 - Vértices: 13, Arestas: 39 ===
✅ Sucesso - Custo: 80

=== Teste #1413 - Vértices: 23, Arestas: 26 ===
✅ Sucesso - Custo: 252

=== Teste #1414 - Vértices: 10, Arestas: 27 ===
✅ Sucesso - Custo: 40

=== Teste #1415 - Vértices: 37, Arestas: 52 ===
✅ Sucesso - Custo: 338

=== Teste #1416 - Vértices: 45, Arestas: 50 ===
✅ Sucesso - Custo: 412

=== Teste #1417 - Vértices: 29, Arestas: 30 ===
✅ Sucesso - Custo: 292

=== Teste #1418 - Vértices: 44, Arestas: 100 ===
✅ Sucesso - Custo: 285

=== Teste #1419 - Vértices: 26, Arestas: 70 ===
✅ Sucesso - Custo: 154

=== Teste #1420 - Vértices: 35, Arestas: 88 ===
✅ Sucesso - Custo: 227

=== Teste #1421 - Vértices: 14, Arestas: 36 ===
✅ Sucesso - Custo: 83

=== Teste #1422 - Vértices: 38, Arestas: 106 ===
✅ Sucesso - Custo: 252

=== Teste #1423 - Vértices: 27, Arestas: 76 ===
✅ Sucesso - Custo: 221

=== Teste #1424 - Vértices: 14, Arestas: 16 ===
✅ Sucesso - Custo: 127

=== Teste #1425 - Vértices: 50, Arestas: 73 ===
✅ Sucesso - Custo: 476

=== Teste #1426 - Vértices: 45, Arestas: 56 ===
✅ Sucesso - Custo: 468

=== Teste #1427 - Vértices: 12, Arestas: 18 ===
✅ Sucesso - Custo: 80

=== Teste #1428 - Vértices: 21, Arestas: 27 ===
✅ Sucesso - Custo: 197

=== Teste #1429 - Vértices: 13, Arestas: 27 ===
✅ Sucesso - Custo: 89

=== Teste #1430 - Vértices: 32, Arestas: 64 ===
✅ Sucesso - Custo: 231

=== Teste #1431 - Vértices: 16, Arestas: 38 ===
✅ Sucesso - Custo: 96

=== Teste #1432 - Vértices: 45, Arestas: 130 ===
✅ Sucesso - Custo: 324

=== Teste #1433 - Vértices: 13, Arestas: 30 ===
❌ Erro: Custos divergentes: CHULIU 100, FRANK 107, FRANK_V2 107
Traceback (most recent call last):
  File "/Users/lorenypsum/Library/Mobile Documents/com~apple~CloudDocs/repo/graph-visualizer.nosync/volume_tester.py", line 124, in <module>
    assert custo1 == custo2 == custo3, (
           ^^^^^^^^^^^^^^^^^^^^^^^^^^
AssertionError: Custos divergentes: CHULIU 100, FRANK 107, FRANK_V2 107

=== Teste #1434 - Vértices: 28, Arestas: 66 ===
✅ Sucesso - Custo: 162

=== Teste #1435 - Vértices: 20, Arestas: 26 ===
✅ Sucesso - Custo: 199

=== Teste #1436 - Vértices: 50, Arestas: 149 ===
✅ Sucesso - Custo: 285

=== Teste #1437 - Vértices: 11, Arestas: 23 ===
✅ Sucesso - Custo: 76

=== Teste #1438 - Vértices: 15, Arestas: 30 ===
✅ Sucesso - Custo: 89

=== Teste #1439 - Vértices: 22, Arestas: 51 ===
✅ Sucesso - Custo: 179

=== Teste #1440 - Vértices: 48, Arestas: 58 ===
✅ Sucesso - Custo: 490

=== Teste #1441 - Vértices: 27, Arestas: 41 ===
✅ Sucesso - Custo: 219

=== Teste #1442 - Vértices: 13, Arestas: 17 ===
✅ Sucesso - Custo: 95

=== Teste #1443 - Vértices: 30, Arestas: 38 ===
✅ Sucesso - Custo: 245

=== Teste #1444 - Vértices: 31, Arestas: 54 ===
✅ Sucesso - Custo: 254

=== Teste #1445 - Vértices: 17, Arestas: 39 ===
✅ Sucesso - Custo: 114

=== Teste #1446 - Vértices: 37, Arestas: 47 ===
✅ Sucesso - Custo: 338

=== Teste #1447 - Vértices: 29, Arestas: 54 ===
✅ Sucesso - Custo: 193

=== Teste #1448 - Vértices: 48, Arestas: 66 ===
✅ Sucesso - Custo: 423

=== Teste #1449 - Vértices: 22, Arestas: 36 ===
✅ Sucesso - Custo: 209

=== Teste #1450 - Vértices: 40, Arestas: 108 ===
❌ Erro: Custos divergentes: CHULIU 249, FRANK 242, FRANK_V2 242
Traceback (most recent call last):
  File "/Users/lorenypsum/Library/Mobile Documents/com~apple~CloudDocs/repo/graph-visualizer.nosync/volume_tester.py", line 124, in <module>
    assert custo1 == custo2 == custo3, (
           ^^^^^^^^^^^^^^^^^^^^^^^^^^
AssertionError: Custos divergentes: CHULIU 249, FRANK 242, FRANK_V2 242

=== Teste #1451 - Vértices: 11, Arestas: 15 ===
✅ Sucesso - Custo: 71

=== Teste #1452 - Vértices: 46, Arestas: 109 ===
✅ Sucesso - Custo: 312

=== Teste #1453 - Vértices: 47, Arestas: 56 ===
✅ Sucesso - Custo: 455

=== Teste #1454 - Vértices: 21, Arestas: 31 ===
✅ Sucesso - Custo: 215

=== Teste #1455 - Vértices: 45, Arestas: 56 ===
✅ Sucesso - Custo: 369

=== Teste #1456 - Vértices: 40, Arestas: 90 ===
✅ Sucesso - Custo: 299

=== Teste #1457 - Vértices: 29, Arestas: 53 ===
✅ Sucesso - Custo: 214

=== Teste #1458 - Vértices: 20, Arestas: 21 ===
✅ Sucesso - Custo: 190

=== Teste #1459 - Vértices: 12, Arestas: 34 ===
✅ Sucesso - Custo: 102

=== Teste #1460 - Vértices: 41, Arestas: 46 ===
✅ Sucesso - Custo: 367

=== Teste #1461 - Vértices: 21, Arestas: 39 ===
✅ Sucesso - Custo: 174

=== Teste #1462 - Vértices: 17, Arestas: 50 ===
✅ Sucesso - Custo: 86

=== Teste #1463 - Vértices: 14, Arestas: 24 ===
✅ Sucesso - Custo: 120

=== Teste #1464 - Vértices: 10, Arestas: 20 ===
✅ Sucesso - Custo: 40

=== Teste #1465 - Vértices: 38, Arestas: 93 ===
✅ Sucesso - Custo: 219

=== Teste #1466 - Vértices: 18, Arestas: 43 ===
✅ Sucesso - Custo: 109

=== Teste #1467 - Vértices: 45, Arestas: 70 ===
✅ Sucesso - Custo: 297

=== Teste #1468 - Vértices: 46, Arestas: 94 ===
✅ Sucesso - Custo: 372

=== Teste #1469 - Vértices: 10, Arestas: 27 ===
✅ Sucesso - Custo: 58

=== Teste #1470 - Vértices: 50, Arestas: 113 ===
✅ Sucesso - Custo: 411

=== Teste #1471 - Vértices: 19, Arestas: 35 ===
✅ Sucesso - Custo: 153

=== Teste #1472 - Vértices: 31, Arestas: 42 ===
✅ Sucesso - Custo: 309

=== Teste #1473 - Vértices: 17, Arestas: 40 ===
✅ Sucesso - Custo: 123

=== Teste #1474 - Vértices: 45, Arestas: 103 ===
✅ Sucesso - Custo: 277

=== Teste #1475 - Vértices: 35, Arestas: 51 ===
✅ Sucesso - Custo: 315

=== Teste #1476 - Vértices: 35, Arestas: 61 ===
✅ Sucesso - Custo: 334

=== Teste #1477 - Vértices: 31, Arestas: 36 ===
✅ Sucesso - Custo: 247

=== Teste #1478 - Vértices: 38, Arestas: 46 ===
✅ Sucesso - Custo: 356

=== Teste #1479 - Vértices: 49, Arestas: 111 ===
❌ Erro: Custos divergentes: CHULIU 323, FRANK 322, FRANK_V2 322
Traceback (most recent call last):
  File "/Users/lorenypsum/Library/Mobile Documents/com~apple~CloudDocs/repo/graph-visualizer.nosync/volume_tester.py", line 124, in <module>
    assert custo1 == custo2 == custo3, (
           ^^^^^^^^^^^^^^^^^^^^^^^^^^
AssertionError: Custos divergentes: CHULIU 323, FRANK 322, FRANK_V2 322

=== Teste #1480 - Vértices: 24, Arestas: 48 ===
❌ Erro: Custos divergentes: CHULIU 198, FRANK 199, FRANK_V2 199
Traceback (most recent call last):
  File "/Users/lorenypsum/Library/Mobile Documents/com~apple~CloudDocs/repo/graph-visualizer.nosync/volume_tester.py", line 124, in <module>
    assert custo1 == custo2 == custo3, (
           ^^^^^^^^^^^^^^^^^^^^^^^^^^
AssertionError: Custos divergentes: CHULIU 198, FRANK 199, FRANK_V2 199

=== Teste #1481 - Vértices: 49, Arestas: 121 ===
✅ Sucesso - Custo: 267

=== Teste #1482 - Vértices: 30, Arestas: 62 ===
✅ Sucesso - Custo: 199

=== Teste #1483 - Vértices: 18, Arestas: 34 ===
✅ Sucesso - Custo: 137

=== Teste #1484 - Vértices: 13, Arestas: 20 ===
✅ Sucesso - Custo: 96

=== Teste #1485 - Vértices: 14, Arestas: 29 ===
✅ Sucesso - Custo: 96

=== Teste #1486 - Vértices: 15, Arestas: 31 ===
✅ Sucesso - Custo: 96

=== Teste #1487 - Vértices: 22, Arestas: 61 ===
✅ Sucesso - Custo: 180

=== Teste #1488 - Vértices: 44, Arestas: 80 ===
✅ Sucesso - Custo: 328

=== Teste #1489 - Vértices: 16, Arestas: 45 ===
✅ Sucesso - Custo: 77

=== Teste #1490 - Vértices: 49, Arestas: 78 ===
❌ Erro: Custos divergentes: CHULIU 413, FRANK 416, FRANK_V2 416
Traceback (most recent call last):
  File "/Users/lorenypsum/Library/Mobile Documents/com~apple~CloudDocs/repo/graph-visualizer.nosync/volume_tester.py", line 124, in <module>
    assert custo1 == custo2 == custo3, (
           ^^^^^^^^^^^^^^^^^^^^^^^^^^
AssertionError: Custos divergentes: CHULIU 413, FRANK 416, FRANK_V2 416

=== Teste #1491 - Vértices: 45, Arestas: 124 ===
✅ Sucesso - Custo: 314

=== Teste #1492 - Vértices: 24, Arestas: 59 ===
❌ Erro: Custos divergentes: CHULIU 165, FRANK 162, FRANK_V2 162
Traceback (most recent call last):
  File "/Users/lorenypsum/Library/Mobile Documents/com~apple~CloudDocs/repo/graph-visualizer.nosync/volume_tester.py", line 124, in <module>
    assert custo1 == custo2 == custo3, (
           ^^^^^^^^^^^^^^^^^^^^^^^^^^
AssertionError: Custos divergentes: CHULIU 165, FRANK 162, FRANK_V2 162

=== Teste #1493 - Vértices: 19, Arestas: 51 ===
✅ Sucesso - Custo: 136

=== Teste #1494 - Vértices: 12, Arestas: 29 ===
✅ Sucesso - Custo: 87

=== Teste #1495 - Vértices: 32, Arestas: 85 ===
✅ Sucesso - Custo: 197

=== Teste #1496 - Vértices: 28, Arestas: 81 ===
✅ Sucesso - Custo: 179

=== Teste #1497 - Vértices: 32, Arestas: 39 ===
✅ Sucesso - Custo: 290

=== Teste #1498 - Vértices: 44, Arestas: 73 ===
✅ Sucesso - Custo: 334

=== Teste #1499 - Vértices: 38, Arestas: 107 ===
✅ Sucesso - Custo: 256

=== Teste #1500 - Vértices: 30, Arestas: 66 ===
✅ Sucesso - Custo: 201

=== Teste #1501 - Vértices: 19, Arestas: 32 ===
✅ Sucesso - Custo: 171

=== Teste #1502 - Vértices: 14, Arestas: 30 ===
✅ Sucesso - Custo: 76

=== Teste #1503 - Vértices: 10, Arestas: 20 ===
✅ Sucesso - Custo: 81

=== Teste #1504 - Vértices: 26, Arestas: 73 ===
✅ Sucesso - Custo: 150

=== Teste #1505 - Vértices: 15, Arestas: 16 ===
✅ Sucesso - Custo: 117

=== Teste #1506 - Vértices: 17, Arestas: 31 ===
✅ Sucesso - Custo: 155

=== Teste #1507 - Vértices: 37, Arestas: 104 ===
✅ Sucesso - Custo: 204

=== Teste #1508 - Vértices: 41, Arestas: 116 ===
✅ Sucesso - Custo: 268

=== Teste #1509 - Vértices: 45, Arestas: 99 ===
✅ Sucesso - Custo: 356

=== Teste #1510 - Vértices: 39, Arestas: 82 ===
✅ Sucesso - Custo: 257

=== Teste #1511 - Vértices: 20, Arestas: 40 ===
✅ Sucesso - Custo: 103

=== Teste #1512 - Vértices: 16, Arestas: 38 ===
✅ Sucesso - Custo: 98

=== Teste #1513 - Vértices: 11, Arestas: 33 ===
✅ Sucesso - Custo: 51

=== Teste #1514 - Vértices: 27, Arestas: 79 ===
✅ Sucesso - Custo: 156

=== Teste #1515 - Vértices: 36, Arestas: 99 ===
✅ Sucesso - Custo: 220

=== Teste #1516 - Vértices: 21, Arestas: 55 ===
✅ Sucesso - Custo: 148

=== Teste #1517 - Vértices: 37, Arestas: 71 ===
❌ Erro: Custos divergentes: CHULIU 295, FRANK 298, FRANK_V2 298
Traceback (most recent call last):
  File "/Users/lorenypsum/Library/Mobile Documents/com~apple~CloudDocs/repo/graph-visualizer.nosync/volume_tester.py", line 124, in <module>
    assert custo1 == custo2 == custo3, (
           ^^^^^^^^^^^^^^^^^^^^^^^^^^
AssertionError: Custos divergentes: CHULIU 295, FRANK 298, FRANK_V2 298

=== Teste #1518 - Vértices: 27, Arestas: 75 ===
✅ Sucesso - Custo: 145

=== Teste #1519 - Vértices: 46, Arestas: 91 ===
✅ Sucesso - Custo: 316

=== Teste #1520 - Vértices: 49, Arestas: 79 ===
✅ Sucesso - Custo: 448

=== Teste #1521 - Vértices: 36, Arestas: 99 ===
✅ Sucesso - Custo: 285

=== Teste #1522 - Vértices: 37, Arestas: 80 ===
✅ Sucesso - Custo: 245

=== Teste #1523 - Vértices: 43, Arestas: 107 ===
✅ Sucesso - Custo: 322

=== Teste #1524 - Vértices: 16, Arestas: 27 ===
✅ Sucesso - Custo: 129

=== Teste #1525 - Vértices: 45, Arestas: 45 ===
✅ Sucesso - Custo: 404

=== Teste #1526 - Vértices: 37, Arestas: 48 ===
✅ Sucesso - Custo: 348

=== Teste #1527 - Vértices: 27, Arestas: 77 ===
✅ Sucesso - Custo: 182

=== Teste #1528 - Vértices: 27, Arestas: 68 ===
✅ Sucesso - Custo: 194

=== Teste #1529 - Vértices: 38, Arestas: 48 ===
✅ Sucesso - Custo: 338

=== Teste #1530 - Vértices: 32, Arestas: 34 ===
✅ Sucesso - Custo: 338

=== Teste #1531 - Vértices: 18, Arestas: 28 ===
✅ Sucesso - Custo: 133

=== Teste #1532 - Vértices: 33, Arestas: 64 ===
✅ Sucesso - Custo: 302

=== Teste #1533 - Vértices: 37, Arestas: 43 ===
✅ Sucesso - Custo: 360

=== Teste #1534 - Vértices: 49, Arestas: 122 ===
✅ Sucesso - Custo: 341

=== Teste #1535 - Vértices: 20, Arestas: 44 ===
✅ Sucesso - Custo: 145

=== Teste #1536 - Vértices: 13, Arestas: 35 ===
✅ Sucesso - Custo: 84

=== Teste #1537 - Vértices: 22, Arestas: 23 ===
✅ Sucesso - Custo: 233

=== Teste #1538 - Vértices: 18, Arestas: 28 ===
✅ Sucesso - Custo: 170

=== Teste #1539 - Vértices: 33, Arestas: 73 ===
✅ Sucesso - Custo: 259

=== Teste #1540 - Vértices: 49, Arestas: 88 ===
✅ Sucesso - Custo: 383

=== Teste #1541 - Vértices: 40, Arestas: 84 ===
✅ Sucesso - Custo: 241

=== Teste #1542 - Vértices: 20, Arestas: 42 ===
✅ Sucesso - Custo: 175

=== Teste #1543 - Vértices: 45, Arestas: 134 ===
❌ Erro: Custos divergentes: CHULIU 359, FRANK 360, FRANK_V2 360
Traceback (most recent call last):
  File "/Users/lorenypsum/Library/Mobile Documents/com~apple~CloudDocs/repo/graph-visualizer.nosync/volume_tester.py", line 124, in <module>
    assert custo1 == custo2 == custo3, (
           ^^^^^^^^^^^^^^^^^^^^^^^^^^
AssertionError: Custos divergentes: CHULIU 359, FRANK 360, FRANK_V2 360

=== Teste #1544 - Vértices: 43, Arestas: 128 ===
✅ Sucesso - Custo: 243

=== Teste #1545 - Vértices: 20, Arestas: 25 ===
✅ Sucesso - Custo: 174

=== Teste #1546 - Vértices: 22, Arestas: 51 ===
✅ Sucesso - Custo: 162

=== Teste #1547 - Vértices: 41, Arestas: 115 ===
❌ Erro: Custos divergentes: CHULIU 341, FRANK 331, FRANK_V2 331
Traceback (most recent call last):
  File "/Users/lorenypsum/Library/Mobile Documents/com~apple~CloudDocs/repo/graph-visualizer.nosync/volume_tester.py", line 124, in <module>
    assert custo1 == custo2 == custo3, (
           ^^^^^^^^^^^^^^^^^^^^^^^^^^
AssertionError: Custos divergentes: CHULIU 341, FRANK 331, FRANK_V2 331

=== Teste #1548 - Vértices: 17, Arestas: 26 ===
✅ Sucesso - Custo: 123

=== Teste #1549 - Vértices: 12, Arestas: 27 ===
✅ Sucesso - Custo: 65

=== Teste #1550 - Vértices: 50, Arestas: 62 ===
✅ Sucesso - Custo: 489

=== Teste #1551 - Vértices: 14, Arestas: 14 ===
✅ Sucesso - Custo: 118

=== Teste #1552 - Vértices: 24, Arestas: 33 ===
✅ Sucesso - Custo: 237

=== Teste #1553 - Vértices: 34, Arestas: 95 ===
✅ Sucesso - Custo: 243

=== Teste #1554 - Vértices: 23, Arestas: 62 ===
✅ Sucesso - Custo: 176

=== Teste #1555 - Vértices: 43, Arestas: 122 ===
✅ Sucesso - Custo: 250

=== Teste #1556 - Vértices: 38, Arestas: 75 ===
✅ Sucesso - Custo: 271

=== Teste #1557 - Vértices: 11, Arestas: 28 ===
✅ Sucesso - Custo: 88

=== Teste #1558 - Vértices: 18, Arestas: 26 ===
✅ Sucesso - Custo: 181

=== Teste #1559 - Vértices: 30, Arestas: 38 ===
✅ Sucesso - Custo: 335

=== Teste #1560 - Vértices: 29, Arestas: 34 ===
✅ Sucesso - Custo: 245

=== Teste #1561 - Vértices: 26, Arestas: 77 ===
❌ Erro: Custos divergentes: CHULIU 178, FRANK 166, FRANK_V2 166
Traceback (most recent call last):
  File "/Users/lorenypsum/Library/Mobile Documents/com~apple~CloudDocs/repo/graph-visualizer.nosync/volume_tester.py", line 124, in <module>
    assert custo1 == custo2 == custo3, (
           ^^^^^^^^^^^^^^^^^^^^^^^^^^
AssertionError: Custos divergentes: CHULIU 178, FRANK 166, FRANK_V2 166

=== Teste #1562 - Vértices: 34, Arestas: 36 ===
✅ Sucesso - Custo: 298

=== Teste #1563 - Vértices: 30, Arestas: 44 ===
✅ Sucesso - Custo: 254

=== Teste #1564 - Vértices: 42, Arestas: 97 ===
✅ Sucesso - Custo: 275

=== Teste #1565 - Vértices: 44, Arestas: 114 ===
✅ Sucesso - Custo: 320

=== Teste #1566 - Vértices: 14, Arestas: 19 ===
✅ Sucesso - Custo: 108

=== Teste #1567 - Vértices: 23, Arestas: 63 ===
✅ Sucesso - Custo: 169

=== Teste #1568 - Vértices: 23, Arestas: 49 ===
✅ Sucesso - Custo: 143

=== Teste #1569 - Vértices: 23, Arestas: 37 ===
✅ Sucesso - Custo: 176

=== Teste #1570 - Vértices: 30, Arestas: 42 ===
✅ Sucesso - Custo: 241

=== Teste #1571 - Vértices: 36, Arestas: 86 ===
✅ Sucesso - Custo: 245

=== Teste #1572 - Vértices: 39, Arestas: 89 ===
✅ Sucesso - Custo: 288

=== Teste #1573 - Vértices: 45, Arestas: 66 ===
✅ Sucesso - Custo: 418

=== Teste #1574 - Vértices: 45, Arestas: 92 ===
❌ Erro: Custos divergentes: CHULIU 357, FRANK 341, FRANK_V2 341
Traceback (most recent call last):
  File "/Users/lorenypsum/Library/Mobile Documents/com~apple~CloudDocs/repo/graph-visualizer.nosync/volume_tester.py", line 124, in <module>
    assert custo1 == custo2 == custo3, (
           ^^^^^^^^^^^^^^^^^^^^^^^^^^
AssertionError: Custos divergentes: CHULIU 357, FRANK 341, FRANK_V2 341

=== Teste #1575 - Vértices: 39, Arestas: 70 ===
✅ Sucesso - Custo: 294

=== Teste #1576 - Vértices: 50, Arestas: 134 ===
✅ Sucesso - Custo: 285

=== Teste #1577 - Vértices: 32, Arestas: 33 ===
✅ Sucesso - Custo: 350

=== Teste #1578 - Vértices: 44, Arestas: 109 ===
❌ Erro: Custos divergentes: CHULIU 249, FRANK 250, FRANK_V2 250
Traceback (most recent call last):
  File "/Users/lorenypsum/Library/Mobile Documents/com~apple~CloudDocs/repo/graph-visualizer.nosync/volume_tester.py", line 124, in <module>
    assert custo1 == custo2 == custo3, (
           ^^^^^^^^^^^^^^^^^^^^^^^^^^
AssertionError: Custos divergentes: CHULIU 249, FRANK 250, FRANK_V2 250

=== Teste #1579 - Vértices: 33, Arestas: 84 ===
✅ Sucesso - Custo: 207

=== Teste #1580 - Vértices: 16, Arestas: 41 ===
✅ Sucesso - Custo: 118

=== Teste #1581 - Vértices: 45, Arestas: 45 ===
✅ Sucesso - Custo: 474

=== Teste #1582 - Vértices: 19, Arestas: 20 ===
✅ Sucesso - Custo: 176

=== Teste #1583 - Vértices: 44, Arestas: 52 ===
✅ Sucesso - Custo: 395

=== Teste #1584 - Vértices: 22, Arestas: 51 ===
✅ Sucesso - Custo: 165

=== Teste #1585 - Vértices: 39, Arestas: 98 ===
✅ Sucesso - Custo: 313

=== Teste #1586 - Vértices: 24, Arestas: 71 ===
✅ Sucesso - Custo: 114

=== Teste #1587 - Vértices: 42, Arestas: 44 ===
✅ Sucesso - Custo: 425

=== Teste #1588 - Vértices: 27, Arestas: 73 ===
✅ Sucesso - Custo: 176

=== Teste #1589 - Vértices: 19, Arestas: 48 ===
✅ Sucesso - Custo: 120

=== Teste #1590 - Vértices: 47, Arestas: 122 ===
✅ Sucesso - Custo: 302

=== Teste #1591 - Vértices: 21, Arestas: 22 ===
✅ Sucesso - Custo: 208

=== Teste #1592 - Vértices: 35, Arestas: 46 ===
✅ Sucesso - Custo: 330

=== Teste #1593 - Vértices: 50, Arestas: 83 ===
✅ Sucesso - Custo: 376

=== Teste #1594 - Vértices: 41, Arestas: 111 ===
✅ Sucesso - Custo: 290

=== Teste #1595 - Vértices: 36, Arestas: 102 ===
❌ Erro: Custos divergentes: CHULIU 210, FRANK 193, FRANK_V2 193
Traceback (most recent call last):
  File "/Users/lorenypsum/Library/Mobile Documents/com~apple~CloudDocs/repo/graph-visualizer.nosync/volume_tester.py", line 124, in <module>
    assert custo1 == custo2 == custo3, (
           ^^^^^^^^^^^^^^^^^^^^^^^^^^
AssertionError: Custos divergentes: CHULIU 210, FRANK 193, FRANK_V2 193

=== Teste #1596 - Vértices: 43, Arestas: 129 ===
✅ Sucesso - Custo: 259

=== Teste #1597 - Vértices: 22, Arestas: 47 ===
✅ Sucesso - Custo: 150

=== Teste #1598 - Vértices: 18, Arestas: 53 ===
❌ Erro: Custos divergentes: CHULIU 76, FRANK 68, FRANK_V2 68
Traceback (most recent call last):
  File "/Users/lorenypsum/Library/Mobile Documents/com~apple~CloudDocs/repo/graph-visualizer.nosync/volume_tester.py", line 124, in <module>
    assert custo1 == custo2 == custo3, (
           ^^^^^^^^^^^^^^^^^^^^^^^^^^
AssertionError: Custos divergentes: CHULIU 76, FRANK 68, FRANK_V2 68

=== Teste #1599 - Vértices: 48, Arestas: 97 ===
✅ Sucesso - Custo: 326

=== Teste #1600 - Vértices: 47, Arestas: 102 ===
✅ Sucesso - Custo: 379

=== Teste #1601 - Vértices: 42, Arestas: 45 ===
✅ Sucesso - Custo: 370

=== Teste #1602 - Vértices: 10, Arestas: 11 ===
✅ Sucesso - Custo: 91

=== Teste #1603 - Vértices: 24, Arestas: 68 ===
✅ Sucesso - Custo: 140

=== Teste #1604 - Vértices: 15, Arestas: 44 ===
✅ Sucesso - Custo: 84

=== Teste #1605 - Vértices: 19, Arestas: 31 ===
✅ Sucesso - Custo: 160

=== Teste #1606 - Vértices: 21, Arestas: 31 ===
✅ Sucesso - Custo: 170

=== Teste #1607 - Vértices: 27, Arestas: 38 ===
✅ Sucesso - Custo: 220

=== Teste #1608 - Vértices: 29, Arestas: 38 ===
✅ Sucesso - Custo: 239

=== Teste #1609 - Vértices: 18, Arestas: 22 ===
✅ Sucesso - Custo: 122

=== Teste #1610 - Vértices: 45, Arestas: 109 ===
✅ Sucesso - Custo: 320

=== Teste #1611 - Vértices: 47, Arestas: 87 ===
✅ Sucesso - Custo: 333

=== Teste #1612 - Vértices: 21, Arestas: 32 ===
✅ Sucesso - Custo: 228

=== Teste #1613 - Vértices: 47, Arestas: 127 ===
❌ Erro: Custos divergentes: CHULIU 309, FRANK 301, FRANK_V2 301
Traceback (most recent call last):
  File "/Users/lorenypsum/Library/Mobile Documents/com~apple~CloudDocs/repo/graph-visualizer.nosync/volume_tester.py", line 124, in <module>
    assert custo1 == custo2 == custo3, (
           ^^^^^^^^^^^^^^^^^^^^^^^^^^
AssertionError: Custos divergentes: CHULIU 309, FRANK 301, FRANK_V2 301

=== Teste #1614 - Vértices: 34, Arestas: 43 ===
✅ Sucesso - Custo: 315

=== Teste #1615 - Vértices: 22, Arestas: 39 ===
✅ Sucesso - Custo: 141

=== Teste #1616 - Vértices: 28, Arestas: 47 ===
✅ Sucesso - Custo: 207

=== Teste #1617 - Vértices: 34, Arestas: 74 ===
✅ Sucesso - Custo: 225

=== Teste #1618 - Vértices: 47, Arestas: 72 ===
✅ Sucesso - Custo: 369

=== Teste #1619 - Vértices: 26, Arestas: 50 ===
✅ Sucesso - Custo: 195

=== Teste #1620 - Vértices: 42, Arestas: 91 ===
✅ Sucesso - Custo: 254

=== Teste #1621 - Vértices: 13, Arestas: 26 ===
✅ Sucesso - Custo: 101

=== Teste #1622 - Vértices: 44, Arestas: 128 ===
❌ Erro: Custos divergentes: CHULIU 252, FRANK 255, FRANK_V2 255
Traceback (most recent call last):
  File "/Users/lorenypsum/Library/Mobile Documents/com~apple~CloudDocs/repo/graph-visualizer.nosync/volume_tester.py", line 124, in <module>
    assert custo1 == custo2 == custo3, (
           ^^^^^^^^^^^^^^^^^^^^^^^^^^
AssertionError: Custos divergentes: CHULIU 252, FRANK 255, FRANK_V2 255

=== Teste #1623 - Vértices: 27, Arestas: 38 ===
✅ Sucesso - Custo: 248

=== Teste #1624 - Vértices: 41, Arestas: 100 ===
✅ Sucesso - Custo: 251

=== Teste #1625 - Vértices: 26, Arestas: 54 ===
✅ Sucesso - Custo: 155

=== Teste #1626 - Vértices: 36, Arestas: 101 ===
✅ Sucesso - Custo: 209

=== Teste #1627 - Vértices: 43, Arestas: 106 ===
✅ Sucesso - Custo: 222

=== Teste #1628 - Vértices: 49, Arestas: 90 ===
✅ Sucesso - Custo: 408

=== Teste #1629 - Vértices: 44, Arestas: 105 ===
❌ Erro: Custos divergentes: CHULIU 367, FRANK 368, FRANK_V2 368
Traceback (most recent call last):
  File "/Users/lorenypsum/Library/Mobile Documents/com~apple~CloudDocs/repo/graph-visualizer.nosync/volume_tester.py", line 124, in <module>
    assert custo1 == custo2 == custo3, (
           ^^^^^^^^^^^^^^^^^^^^^^^^^^
AssertionError: Custos divergentes: CHULIU 367, FRANK 368, FRANK_V2 368

=== Teste #1630 - Vértices: 42, Arestas: 51 ===
✅ Sucesso - Custo: 453

=== Teste #1631 - Vértices: 24, Arestas: 48 ===
✅ Sucesso - Custo: 167

=== Teste #1632 - Vértices: 22, Arestas: 62 ===
✅ Sucesso - Custo: 162

=== Teste #1633 - Vértices: 33, Arestas: 63 ===
❌ Erro: Custos divergentes: CHULIU 261, FRANK 264, FRANK_V2 264
Traceback (most recent call last):
  File "/Users/lorenypsum/Library/Mobile Documents/com~apple~CloudDocs/repo/graph-visualizer.nosync/volume_tester.py", line 124, in <module>
    assert custo1 == custo2 == custo3, (
           ^^^^^^^^^^^^^^^^^^^^^^^^^^
AssertionError: Custos divergentes: CHULIU 261, FRANK 264, FRANK_V2 264

=== Teste #1634 - Vértices: 40, Arestas: 52 ===
✅ Sucesso - Custo: 378

=== Teste #1635 - Vértices: 34, Arestas: 44 ===
✅ Sucesso - Custo: 325

=== Teste #1636 - Vértices: 31, Arestas: 71 ===
❌ Erro: Custos divergentes: CHULIU 226, FRANK 215, FRANK_V2 215
Traceback (most recent call last):
  File "/Users/lorenypsum/Library/Mobile Documents/com~apple~CloudDocs/repo/graph-visualizer.nosync/volume_tester.py", line 124, in <module>
    assert custo1 == custo2 == custo3, (
           ^^^^^^^^^^^^^^^^^^^^^^^^^^
AssertionError: Custos divergentes: CHULIU 226, FRANK 215, FRANK_V2 215

=== Teste #1637 - Vértices: 18, Arestas: 45 ===
✅ Sucesso - Custo: 121

=== Teste #1638 - Vértices: 46, Arestas: 93 ===
✅ Sucesso - Custo: 350

=== Teste #1639 - Vértices: 23, Arestas: 45 ===
❌ Erro: Custos divergentes: CHULIU 174, FRANK 175, FRANK_V2 175
Traceback (most recent call last):
  File "/Users/lorenypsum/Library/Mobile Documents/com~apple~CloudDocs/repo/graph-visualizer.nosync/volume_tester.py", line 124, in <module>
    assert custo1 == custo2 == custo3, (
           ^^^^^^^^^^^^^^^^^^^^^^^^^^
AssertionError: Custos divergentes: CHULIU 174, FRANK 175, FRANK_V2 175

=== Teste #1640 - Vértices: 26, Arestas: 40 ===
✅ Sucesso - Custo: 293

=== Teste #1641 - Vértices: 45, Arestas: 119 ===
✅ Sucesso - Custo: 343

=== Teste #1642 - Vértices: 36, Arestas: 72 ===
✅ Sucesso - Custo: 264

=== Teste #1643 - Vértices: 23, Arestas: 65 ===
✅ Sucesso - Custo: 142

=== Teste #1644 - Vértices: 48, Arestas: 51 ===
✅ Sucesso - Custo: 425

=== Teste #1645 - Vértices: 31, Arestas: 34 ===
✅ Sucesso - Custo: 319

=== Teste #1646 - Vértices: 20, Arestas: 32 ===
✅ Sucesso - Custo: 175

=== Teste #1647 - Vértices: 44, Arestas: 85 ===
✅ Sucesso - Custo: 410

=== Teste #1648 - Vértices: 14, Arestas: 33 ===
✅ Sucesso - Custo: 81

=== Teste #1649 - Vértices: 31, Arestas: 66 ===
❌ Erro: Custos divergentes: CHULIU 198, FRANK 200, FRANK_V2 200
Traceback (most recent call last):
  File "/Users/lorenypsum/Library/Mobile Documents/com~apple~CloudDocs/repo/graph-visualizer.nosync/volume_tester.py", line 124, in <module>
    assert custo1 == custo2 == custo3, (
           ^^^^^^^^^^^^^^^^^^^^^^^^^^
AssertionError: Custos divergentes: CHULIU 198, FRANK 200, FRANK_V2 200

=== Teste #1650 - Vértices: 42, Arestas: 107 ===
✅ Sucesso - Custo: 282

=== Teste #1651 - Vértices: 42, Arestas: 93 ===
❌ Erro: Custos divergentes: CHULIU 318, FRANK 323, FRANK_V2 323
Traceback (most recent call last):
  File "/Users/lorenypsum/Library/Mobile Documents/com~apple~CloudDocs/repo/graph-visualizer.nosync/volume_tester.py", line 124, in <module>
    assert custo1 == custo2 == custo3, (
           ^^^^^^^^^^^^^^^^^^^^^^^^^^
AssertionError: Custos divergentes: CHULIU 318, FRANK 323, FRANK_V2 323

=== Teste #1652 - Vértices: 16, Arestas: 22 ===
✅ Sucesso - Custo: 136

=== Teste #1653 - Vértices: 36, Arestas: 89 ===
✅ Sucesso - Custo: 196

=== Teste #1654 - Vértices: 37, Arestas: 49 ===
✅ Sucesso - Custo: 325

=== Teste #1655 - Vértices: 24, Arestas: 44 ===
❌ Erro: Custos divergentes: CHULIU 213, FRANK 215, FRANK_V2 215
Traceback (most recent call last):
  File "/Users/lorenypsum/Library/Mobile Documents/com~apple~CloudDocs/repo/graph-visualizer.nosync/volume_tester.py", line 124, in <module>
    assert custo1 == custo2 == custo3, (
           ^^^^^^^^^^^^^^^^^^^^^^^^^^
AssertionError: Custos divergentes: CHULIU 213, FRANK 215, FRANK_V2 215

=== Teste #1656 - Vértices: 18, Arestas: 20 ===
✅ Sucesso - Custo: 170

=== Teste #1657 - Vértices: 40, Arestas: 68 ===
✅ Sucesso - Custo: 337

=== Teste #1658 - Vértices: 20, Arestas: 58 ===
✅ Sucesso - Custo: 99

=== Teste #1659 - Vértices: 16, Arestas: 48 ===
❌ Erro: Custos divergentes: CHULIU 89, FRANK 88, FRANK_V2 88
Traceback (most recent call last):
  File "/Users/lorenypsum/Library/Mobile Documents/com~apple~CloudDocs/repo/graph-visualizer.nosync/volume_tester.py", line 124, in <module>
    assert custo1 == custo2 == custo3, (
           ^^^^^^^^^^^^^^^^^^^^^^^^^^
AssertionError: Custos divergentes: CHULIU 89, FRANK 88, FRANK_V2 88

=== Teste #1660 - Vértices: 44, Arestas: 65 ===
✅ Sucesso - Custo: 437

=== Teste #1661 - Vértices: 45, Arestas: 132 ===
✅ Sucesso - Custo: 266

=== Teste #1662 - Vértices: 29, Arestas: 45 ===
❌ Erro: Custos divergentes: CHULIU 168, FRANK 177, FRANK_V2 177
Traceback (most recent call last):
  File "/Users/lorenypsum/Library/Mobile Documents/com~apple~CloudDocs/repo/graph-visualizer.nosync/volume_tester.py", line 124, in <module>
    assert custo1 == custo2 == custo3, (
           ^^^^^^^^^^^^^^^^^^^^^^^^^^
AssertionError: Custos divergentes: CHULIU 168, FRANK 177, FRANK_V2 177

=== Teste #1663 - Vértices: 35, Arestas: 101 ===
✅ Sucesso - Custo: 232

=== Teste #1664 - Vértices: 40, Arestas: 104 ===
✅ Sucesso - Custo: 278

=== Teste #1665 - Vértices: 47, Arestas: 134 ===
❌ Erro: Custos divergentes: CHULIU 274, FRANK 275, FRANK_V2 275
Traceback (most recent call last):
  File "/Users/lorenypsum/Library/Mobile Documents/com~apple~CloudDocs/repo/graph-visualizer.nosync/volume_tester.py", line 124, in <module>
    assert custo1 == custo2 == custo3, (
           ^^^^^^^^^^^^^^^^^^^^^^^^^^
AssertionError: Custos divergentes: CHULIU 274, FRANK 275, FRANK_V2 275

=== Teste #1666 - Vértices: 37, Arestas: 45 ===
✅ Sucesso - Custo: 331

=== Teste #1667 - Vértices: 13, Arestas: 20 ===
✅ Sucesso - Custo: 100

=== Teste #1668 - Vértices: 45, Arestas: 123 ===
✅ Sucesso - Custo: 266

=== Teste #1669 - Vértices: 49, Arestas: 128 ===
✅ Sucesso - Custo: 336

=== Teste #1670 - Vértices: 30, Arestas: 86 ===
✅ Sucesso - Custo: 179

=== Teste #1671 - Vértices: 40, Arestas: 53 ===
✅ Sucesso - Custo: 360

=== Teste #1672 - Vértices: 20, Arestas: 26 ===
✅ Sucesso - Custo: 202

=== Teste #1673 - Vértices: 43, Arestas: 91 ===
✅ Sucesso - Custo: 331

=== Teste #1674 - Vértices: 47, Arestas: 64 ===
✅ Sucesso - Custo: 416

=== Teste #1675 - Vértices: 50, Arestas: 139 ===
✅ Sucesso - Custo: 356

=== Teste #1676 - Vértices: 26, Arestas: 59 ===
❌ Erro: Custos divergentes: CHULIU 154, FRANK 156, FRANK_V2 156
Traceback (most recent call last):
  File "/Users/lorenypsum/Library/Mobile Documents/com~apple~CloudDocs/repo/graph-visualizer.nosync/volume_tester.py", line 124, in <module>
    assert custo1 == custo2 == custo3, (
           ^^^^^^^^^^^^^^^^^^^^^^^^^^
AssertionError: Custos divergentes: CHULIU 154, FRANK 156, FRANK_V2 156

=== Teste #1677 - Vértices: 48, Arestas: 107 ===
✅ Sucesso - Custo: 382

=== Teste #1678 - Vértices: 11, Arestas: 16 ===
✅ Sucesso - Custo: 99

=== Teste #1679 - Vértices: 26, Arestas: 51 ===
✅ Sucesso - Custo: 194

=== Teste #1680 - Vértices: 17, Arestas: 43 ===
❌ Erro: Custos divergentes: CHULIU 108, FRANK 112, FRANK_V2 112
Traceback (most recent call last):
  File "/Users/lorenypsum/Library/Mobile Documents/com~apple~CloudDocs/repo/graph-visualizer.nosync/volume_tester.py", line 124, in <module>
    assert custo1 == custo2 == custo3, (
           ^^^^^^^^^^^^^^^^^^^^^^^^^^
AssertionError: Custos divergentes: CHULIU 108, FRANK 112, FRANK_V2 112

=== Teste #1681 - Vértices: 10, Arestas: 17 ===
✅ Sucesso - Custo: 78

=== Teste #1682 - Vértices: 49, Arestas: 139 ===
✅ Sucesso - Custo: 332

=== Teste #1683 - Vértices: 42, Arestas: 75 ===
✅ Sucesso - Custo: 381

=== Teste #1684 - Vértices: 23, Arestas: 25 ===
✅ Sucesso - Custo: 224

=== Teste #1685 - Vértices: 18, Arestas: 40 ===
✅ Sucesso - Custo: 120

=== Teste #1686 - Vértices: 31, Arestas: 57 ===
✅ Sucesso - Custo: 235

=== Teste #1687 - Vértices: 37, Arestas: 107 ===
❌ Erro: Custos divergentes: CHULIU 265, FRANK 262, FRANK_V2 262
Traceback (most recent call last):
  File "/Users/lorenypsum/Library/Mobile Documents/com~apple~CloudDocs/repo/graph-visualizer.nosync/volume_tester.py", line 124, in <module>
    assert custo1 == custo2 == custo3, (
           ^^^^^^^^^^^^^^^^^^^^^^^^^^
AssertionError: Custos divergentes: CHULIU 265, FRANK 262, FRANK_V2 262

=== Teste #1688 - Vértices: 25, Arestas: 53 ===
✅ Sucesso - Custo: 220

=== Teste #1689 - Vértices: 40, Arestas: 41 ===
✅ Sucesso - Custo: 417

=== Teste #1690 - Vértices: 35, Arestas: 49 ===
✅ Sucesso - Custo: 318

=== Teste #1691 - Vértices: 24, Arestas: 53 ===
✅ Sucesso - Custo: 178

=== Teste #1692 - Vértices: 45, Arestas: 135 ===
✅ Sucesso - Custo: 240

=== Teste #1693 - Vértices: 39, Arestas: 61 ===
✅ Sucesso - Custo: 317

=== Teste #1694 - Vértices: 27, Arestas: 51 ===
✅ Sucesso - Custo: 227

=== Teste #1695 - Vértices: 14, Arestas: 16 ===
✅ Sucesso - Custo: 124

=== Teste #1696 - Vértices: 22, Arestas: 56 ===
❌ Erro: Custos divergentes: CHULIU 151, FRANK 152, FRANK_V2 152
Traceback (most recent call last):
  File "/Users/lorenypsum/Library/Mobile Documents/com~apple~CloudDocs/repo/graph-visualizer.nosync/volume_tester.py", line 124, in <module>
    assert custo1 == custo2 == custo3, (
           ^^^^^^^^^^^^^^^^^^^^^^^^^^
AssertionError: Custos divergentes: CHULIU 151, FRANK 152, FRANK_V2 152

=== Teste #1697 - Vértices: 27, Arestas: 32 ===
✅ Sucesso - Custo: 260

=== Teste #1698 - Vértices: 33, Arestas: 83 ===
✅ Sucesso - Custo: 201

=== Teste #1699 - Vértices: 16, Arestas: 29 ===
✅ Sucesso - Custo: 104

=== Teste #1700 - Vértices: 40, Arestas: 69 ===
✅ Sucesso - Custo: 311

=== Teste #1701 - Vértices: 28, Arestas: 68 ===
✅ Sucesso - Custo: 195

=== Teste #1702 - Vértices: 24, Arestas: 50 ===
✅ Sucesso - Custo: 164

=== Teste #1703 - Vértices: 33, Arestas: 95 ===
✅ Sucesso - Custo: 200

=== Teste #1704 - Vértices: 13, Arestas: 18 ===
✅ Sucesso - Custo: 96

=== Teste #1705 - Vértices: 11, Arestas: 28 ===
✅ Sucesso - Custo: 68

=== Teste #1706 - Vértices: 36, Arestas: 87 ===
❌ Erro: Custos divergentes: CHULIU 226, FRANK 224, FRANK_V2 224
Traceback (most recent call last):
  File "/Users/lorenypsum/Library/Mobile Documents/com~apple~CloudDocs/repo/graph-visualizer.nosync/volume_tester.py", line 124, in <module>
    assert custo1 == custo2 == custo3, (
           ^^^^^^^^^^^^^^^^^^^^^^^^^^
AssertionError: Custos divergentes: CHULIU 226, FRANK 224, FRANK_V2 224

=== Teste #1707 - Vértices: 15, Arestas: 40 ===
✅ Sucesso - Custo: 90

=== Teste #1708 - Vértices: 20, Arestas: 24 ===
✅ Sucesso - Custo: 204

=== Teste #1709 - Vértices: 17, Arestas: 25 ===
✅ Sucesso - Custo: 149

=== Teste #1710 - Vértices: 42, Arestas: 122 ===
✅ Sucesso - Custo: 227

=== Teste #1711 - Vértices: 35, Arestas: 52 ===
✅ Sucesso - Custo: 273

=== Teste #1712 - Vértices: 30, Arestas: 47 ===
✅ Sucesso - Custo: 283

=== Teste #1713 - Vértices: 27, Arestas: 37 ===
✅ Sucesso - Custo: 241

=== Teste #1714 - Vértices: 47, Arestas: 130 ===
✅ Sucesso - Custo: 234

=== Teste #1715 - Vértices: 24, Arestas: 63 ===
✅ Sucesso - Custo: 117

=== Teste #1716 - Vértices: 47, Arestas: 54 ===
✅ Sucesso - Custo: 446

=== Teste #1717 - Vértices: 20, Arestas: 20 ===
✅ Sucesso - Custo: 194

=== Teste #1718 - Vértices: 38, Arestas: 49 ===
✅ Sucesso - Custo: 336

=== Teste #1719 - Vértices: 22, Arestas: 55 ===
❌ Erro: Custos divergentes: CHULIU 144, FRANK 134, FRANK_V2 134
Traceback (most recent call last):
  File "/Users/lorenypsum/Library/Mobile Documents/com~apple~CloudDocs/repo/graph-visualizer.nosync/volume_tester.py", line 124, in <module>
    assert custo1 == custo2 == custo3, (
           ^^^^^^^^^^^^^^^^^^^^^^^^^^
AssertionError: Custos divergentes: CHULIU 144, FRANK 134, FRANK_V2 134

=== Teste #1720 - Vértices: 50, Arestas: 59 ===
✅ Sucesso - Custo: 488

=== Teste #1721 - Vértices: 26, Arestas: 45 ===
❌ Erro: Custos divergentes: CHULIU 228, FRANK 229, FRANK_V2 229
Traceback (most recent call last):
  File "/Users/lorenypsum/Library/Mobile Documents/com~apple~CloudDocs/repo/graph-visualizer.nosync/volume_tester.py", line 124, in <module>
    assert custo1 == custo2 == custo3, (
           ^^^^^^^^^^^^^^^^^^^^^^^^^^
AssertionError: Custos divergentes: CHULIU 228, FRANK 229, FRANK_V2 229

=== Teste #1722 - Vértices: 14, Arestas: 26 ===
✅ Sucesso - Custo: 122

=== Teste #1723 - Vértices: 50, Arestas: 68 ===
✅ Sucesso - Custo: 489

=== Teste #1724 - Vértices: 50, Arestas: 97 ===
❌ Erro: Custos divergentes: CHULIU 369, FRANK 365, FRANK_V2 365
Traceback (most recent call last):
  File "/Users/lorenypsum/Library/Mobile Documents/com~apple~CloudDocs/repo/graph-visualizer.nosync/volume_tester.py", line 124, in <module>
    assert custo1 == custo2 == custo3, (
           ^^^^^^^^^^^^^^^^^^^^^^^^^^
AssertionError: Custos divergentes: CHULIU 369, FRANK 365, FRANK_V2 365

=== Teste #1725 - Vértices: 16, Arestas: 44 ===
✅ Sucesso - Custo: 96

=== Teste #1726 - Vértices: 38, Arestas: 50 ===
✅ Sucesso - Custo: 354

=== Teste #1727 - Vértices: 31, Arestas: 31 ===
✅ Sucesso - Custo: 327

=== Teste #1728 - Vértices: 18, Arestas: 25 ===
✅ Sucesso - Custo: 163

=== Teste #1729 - Vértices: 20, Arestas: 52 ===
✅ Sucesso - Custo: 93

=== Teste #1730 - Vértices: 49, Arestas: 68 ===
✅ Sucesso - Custo: 513

=== Teste #1731 - Vértices: 30, Arestas: 86 ===
✅ Sucesso - Custo: 188

=== Teste #1732 - Vértices: 50, Arestas: 77 ===
✅ Sucesso - Custo: 400

=== Teste #1733 - Vértices: 17, Arestas: 42 ===
✅ Sucesso - Custo: 92

=== Teste #1734 - Vértices: 28, Arestas: 58 ===
✅ Sucesso - Custo: 203

=== Teste #1735 - Vértices: 35, Arestas: 48 ===
✅ Sucesso - Custo: 318

=== Teste #1736 - Vértices: 28, Arestas: 47 ===
✅ Sucesso - Custo: 213

=== Teste #1737 - Vértices: 36, Arestas: 95 ===
✅ Sucesso - Custo: 203

=== Teste #1738 - Vértices: 36, Arestas: 94 ===
✅ Sucesso - Custo: 233

=== Teste #1739 - Vértices: 32, Arestas: 89 ===
✅ Sucesso - Custo: 207

=== Teste #1740 - Vértices: 42, Arestas: 55 ===
✅ Sucesso - Custo: 388

=== Teste #1741 - Vértices: 48, Arestas: 98 ===
✅ Sucesso - Custo: 394

=== Teste #1742 - Vértices: 14, Arestas: 21 ===
✅ Sucesso - Custo: 111

=== Teste #1743 - Vértices: 33, Arestas: 74 ===
✅ Sucesso - Custo: 239

=== Teste #1744 - Vértices: 45, Arestas: 107 ===
✅ Sucesso - Custo: 280

=== Teste #1745 - Vértices: 42, Arestas: 84 ===
✅ Sucesso - Custo: 294

=== Teste #1746 - Vértices: 13, Arestas: 39 ===
✅ Sucesso - Custo: 66

=== Teste #1747 - Vértices: 35, Arestas: 64 ===
✅ Sucesso - Custo: 256

=== Teste #1748 - Vértices: 15, Arestas: 33 ===
✅ Sucesso - Custo: 126

=== Teste #1749 - Vértices: 50, Arestas: 59 ===
✅ Sucesso - Custo: 497

=== Teste #1750 - Vértices: 36, Arestas: 100 ===
❌ Erro: Custos divergentes: CHULIU 314, FRANK 316, FRANK_V2 316
Traceback (most recent call last):
  File "/Users/lorenypsum/Library/Mobile Documents/com~apple~CloudDocs/repo/graph-visualizer.nosync/volume_tester.py", line 124, in <module>
    assert custo1 == custo2 == custo3, (
           ^^^^^^^^^^^^^^^^^^^^^^^^^^
AssertionError: Custos divergentes: CHULIU 314, FRANK 316, FRANK_V2 316

=== Teste #1751 - Vértices: 10, Arestas: 11 ===
✅ Sucesso - Custo: 100

=== Teste #1752 - Vértices: 33, Arestas: 93 ===
❌ Erro: Custos divergentes: CHULIU 190, FRANK 182, FRANK_V2 182
Traceback (most recent call last):
  File "/Users/lorenypsum/Library/Mobile Documents/com~apple~CloudDocs/repo/graph-visualizer.nosync/volume_tester.py", line 124, in <module>
    assert custo1 == custo2 == custo3, (
           ^^^^^^^^^^^^^^^^^^^^^^^^^^
AssertionError: Custos divergentes: CHULIU 190, FRANK 182, FRANK_V2 182

=== Teste #1753 - Vértices: 17, Arestas: 44 ===
❌ Erro: Custos divergentes: CHULIU 86, FRANK 79, FRANK_V2 79
Traceback (most recent call last):
  File "/Users/lorenypsum/Library/Mobile Documents/com~apple~CloudDocs/repo/graph-visualizer.nosync/volume_tester.py", line 124, in <module>
    assert custo1 == custo2 == custo3, (
           ^^^^^^^^^^^^^^^^^^^^^^^^^^
AssertionError: Custos divergentes: CHULIU 86, FRANK 79, FRANK_V2 79

=== Teste #1754 - Vértices: 23, Arestas: 40 ===
✅ Sucesso - Custo: 173

=== Teste #1755 - Vértices: 12, Arestas: 19 ===
✅ Sucesso - Custo: 113

=== Teste #1756 - Vértices: 34, Arestas: 71 ===
✅ Sucesso - Custo: 268

=== Teste #1757 - Vértices: 22, Arestas: 66 ===
✅ Sucesso - Custo: 163

=== Teste #1758 - Vértices: 14, Arestas: 40 ===
✅ Sucesso - Custo: 92

=== Teste #1759 - Vértices: 26, Arestas: 57 ===
✅ Sucesso - Custo: 210

=== Teste #1760 - Vértices: 14, Arestas: 21 ===
✅ Sucesso - Custo: 124

=== Teste #1761 - Vértices: 11, Arestas: 25 ===
✅ Sucesso - Custo: 69

=== Teste #1762 - Vértices: 39, Arestas: 73 ===
✅ Sucesso - Custo: 357

=== Teste #1763 - Vértices: 32, Arestas: 75 ===
❌ Erro: Custos divergentes: CHULIU 275, FRANK 276, FRANK_V2 276
Traceback (most recent call last):
  File "/Users/lorenypsum/Library/Mobile Documents/com~apple~CloudDocs/repo/graph-visualizer.nosync/volume_tester.py", line 124, in <module>
    assert custo1 == custo2 == custo3, (
           ^^^^^^^^^^^^^^^^^^^^^^^^^^
AssertionError: Custos divergentes: CHULIU 275, FRANK 276, FRANK_V2 276

=== Teste #1764 - Vértices: 26, Arestas: 34 ===
✅ Sucesso - Custo: 273

=== Teste #1765 - Vértices: 16, Arestas: 17 ===
✅ Sucesso - Custo: 166

=== Teste #1766 - Vértices: 41, Arestas: 105 ===
✅ Sucesso - Custo: 277

=== Teste #1767 - Vértices: 26, Arestas: 54 ===
✅ Sucesso - Custo: 160

=== Teste #1768 - Vértices: 44, Arestas: 96 ===
✅ Sucesso - Custo: 268

=== Teste #1769 - Vértices: 13, Arestas: 19 ===
✅ Sucesso - Custo: 111

=== Teste #1770 - Vértices: 16, Arestas: 48 ===
❌ Erro: Custos divergentes: CHULIU 69, FRANK 68, FRANK_V2 68
Traceback (most recent call last):
  File "/Users/lorenypsum/Library/Mobile Documents/com~apple~CloudDocs/repo/graph-visualizer.nosync/volume_tester.py", line 124, in <module>
    assert custo1 == custo2 == custo3, (
           ^^^^^^^^^^^^^^^^^^^^^^^^^^
AssertionError: Custos divergentes: CHULIU 69, FRANK 68, FRANK_V2 68

=== Teste #1771 - Vértices: 11, Arestas: 20 ===
✅ Sucesso - Custo: 83

=== Teste #1772 - Vértices: 50, Arestas: 74 ===
✅ Sucesso - Custo: 483

=== Teste #1773 - Vértices: 14, Arestas: 38 ===
✅ Sucesso - Custo: 79

=== Teste #1774 - Vértices: 16, Arestas: 48 ===
✅ Sucesso - Custo: 94

=== Teste #1775 - Vértices: 25, Arestas: 28 ===
✅ Sucesso - Custo: 225

=== Teste #1776 - Vértices: 38, Arestas: 108 ===
✅ Sucesso - Custo: 249

=== Teste #1777 - Vértices: 31, Arestas: 52 ===
✅ Sucesso - Custo: 223

=== Teste #1778 - Vértices: 46, Arestas: 66 ===
✅ Sucesso - Custo: 464

=== Teste #1779 - Vértices: 15, Arestas: 31 ===
✅ Sucesso - Custo: 115

=== Teste #1780 - Vértices: 12, Arestas: 36 ===
✅ Sucesso - Custo: 58

=== Teste #1781 - Vértices: 45, Arestas: 62 ===
✅ Sucesso - Custo: 423

=== Teste #1782 - Vértices: 45, Arestas: 105 ===
✅ Sucesso - Custo: 298

=== Teste #1783 - Vértices: 21, Arestas: 53 ===
✅ Sucesso - Custo: 137

=== Teste #1784 - Vértices: 23, Arestas: 53 ===
✅ Sucesso - Custo: 166

=== Teste #1785 - Vértices: 47, Arestas: 70 ===
✅ Sucesso - Custo: 407

=== Teste #1786 - Vértices: 30, Arestas: 63 ===
✅ Sucesso - Custo: 197

=== Teste #1787 - Vértices: 34, Arestas: 82 ===
✅ Sucesso - Custo: 188

=== Teste #1788 - Vértices: 38, Arestas: 59 ===
✅ Sucesso - Custo: 365

=== Teste #1789 - Vértices: 27, Arestas: 74 ===
❌ Erro: Custos divergentes: CHULIU 129, FRANK 123, FRANK_V2 123
Traceback (most recent call last):
  File "/Users/lorenypsum/Library/Mobile Documents/com~apple~CloudDocs/repo/graph-visualizer.nosync/volume_tester.py", line 124, in <module>
    assert custo1 == custo2 == custo3, (
           ^^^^^^^^^^^^^^^^^^^^^^^^^^
AssertionError: Custos divergentes: CHULIU 129, FRANK 123, FRANK_V2 123

=== Teste #1790 - Vértices: 28, Arestas: 60 ===
✅ Sucesso - Custo: 215

=== Teste #1791 - Vértices: 43, Arestas: 72 ===
✅ Sucesso - Custo: 371

=== Teste #1792 - Vértices: 25, Arestas: 58 ===
❌ Erro: Custos divergentes: CHULIU 195, FRANK 197, FRANK_V2 197
Traceback (most recent call last):
  File "/Users/lorenypsum/Library/Mobile Documents/com~apple~CloudDocs/repo/graph-visualizer.nosync/volume_tester.py", line 124, in <module>
    assert custo1 == custo2 == custo3, (
           ^^^^^^^^^^^^^^^^^^^^^^^^^^
AssertionError: Custos divergentes: CHULIU 195, FRANK 197, FRANK_V2 197

=== Teste #1793 - Vértices: 38, Arestas: 61 ===
✅ Sucesso - Custo: 276

=== Teste #1794 - Vértices: 34, Arestas: 76 ===
✅ Sucesso - Custo: 267

=== Teste #1795 - Vértices: 49, Arestas: 118 ===
✅ Sucesso - Custo: 271

=== Teste #1796 - Vértices: 17, Arestas: 48 ===
✅ Sucesso - Custo: 126

=== Teste #1797 - Vértices: 39, Arestas: 60 ===
✅ Sucesso - Custo: 324

=== Teste #1798 - Vértices: 16, Arestas: 33 ===
✅ Sucesso - Custo: 124

=== Teste #1799 - Vértices: 48, Arestas: 89 ===
✅ Sucesso - Custo: 313

=== Teste #1800 - Vértices: 42, Arestas: 60 ===
✅ Sucesso - Custo: 406

=== Teste #1801 - Vértices: 41, Arestas: 86 ===
✅ Sucesso - Custo: 309

=== Teste #1802 - Vértices: 47, Arestas: 62 ===
✅ Sucesso - Custo: 421

=== Teste #1803 - Vértices: 31, Arestas: 85 ===
✅ Sucesso - Custo: 163

=== Teste #1804 - Vértices: 29, Arestas: 47 ===
✅ Sucesso - Custo: 238

=== Teste #1805 - Vértices: 20, Arestas: 38 ===
✅ Sucesso - Custo: 163

=== Teste #1806 - Vértices: 11, Arestas: 12 ===
✅ Sucesso - Custo: 85

=== Teste #1807 - Vértices: 42, Arestas: 85 ===
✅ Sucesso - Custo: 384

=== Teste #1808 - Vértices: 22, Arestas: 47 ===
✅ Sucesso - Custo: 192

=== Teste #1809 - Vértices: 46, Arestas: 119 ===
✅ Sucesso - Custo: 281

=== Teste #1810 - Vértices: 20, Arestas: 46 ===
✅ Sucesso - Custo: 152

=== Teste #1811 - Vértices: 10, Arestas: 21 ===
✅ Sucesso - Custo: 91

=== Teste #1812 - Vértices: 20, Arestas: 26 ===
✅ Sucesso - Custo: 170

=== Teste #1813 - Vértices: 26, Arestas: 69 ===
✅ Sucesso - Custo: 154

=== Teste #1814 - Vértices: 45, Arestas: 93 ===
✅ Sucesso - Custo: 349

=== Teste #1815 - Vértices: 38, Arestas: 49 ===
✅ Sucesso - Custo: 313

=== Teste #1816 - Vértices: 12, Arestas: 23 ===
✅ Sucesso - Custo: 92

=== Teste #1817 - Vértices: 44, Arestas: 116 ===
✅ Sucesso - Custo: 283

=== Teste #1818 - Vértices: 50, Arestas: 93 ===
❌ Erro: Custos divergentes: CHULIU 395, FRANK 393, FRANK_V2 393
Traceback (most recent call last):
  File "/Users/lorenypsum/Library/Mobile Documents/com~apple~CloudDocs/repo/graph-visualizer.nosync/volume_tester.py", line 124, in <module>
    assert custo1 == custo2 == custo3, (
           ^^^^^^^^^^^^^^^^^^^^^^^^^^
AssertionError: Custos divergentes: CHULIU 395, FRANK 393, FRANK_V2 393

=== Teste #1819 - Vértices: 45, Arestas: 106 ===
✅ Sucesso - Custo: 284

=== Teste #1820 - Vértices: 41, Arestas: 106 ===
✅ Sucesso - Custo: 259

=== Teste #1821 - Vértices: 11, Arestas: 13 ===
✅ Sucesso - Custo: 108

=== Teste #1822 - Vértices: 12, Arestas: 36 ===
✅ Sucesso - Custo: 71

=== Teste #1823 - Vértices: 40, Arestas: 54 ===
✅ Sucesso - Custo: 391

=== Teste #1824 - Vértices: 19, Arestas: 26 ===
✅ Sucesso - Custo: 191

=== Teste #1825 - Vértices: 27, Arestas: 60 ===
✅ Sucesso - Custo: 227

=== Teste #1826 - Vértices: 11, Arestas: 13 ===
✅ Sucesso - Custo: 121

=== Teste #1827 - Vértices: 24, Arestas: 40 ===
✅ Sucesso - Custo: 229

=== Teste #1828 - Vértices: 30, Arestas: 40 ===
✅ Sucesso - Custo: 257

=== Teste #1829 - Vértices: 44, Arestas: 65 ===
✅ Sucesso - Custo: 380

=== Teste #1830 - Vértices: 25, Arestas: 40 ===
❌ Erro: Custos divergentes: CHULIU 178, FRANK 177, FRANK_V2 177
Traceback (most recent call last):
  File "/Users/lorenypsum/Library/Mobile Documents/com~apple~CloudDocs/repo/graph-visualizer.nosync/volume_tester.py", line 124, in <module>
    assert custo1 == custo2 == custo3, (
           ^^^^^^^^^^^^^^^^^^^^^^^^^^
AssertionError: Custos divergentes: CHULIU 178, FRANK 177, FRANK_V2 177

=== Teste #1831 - Vértices: 28, Arestas: 78 ===
✅ Sucesso - Custo: 206

=== Teste #1832 - Vértices: 46, Arestas: 84 ===
✅ Sucesso - Custo: 364

=== Teste #1833 - Vértices: 23, Arestas: 68 ===
❌ Erro: Custos divergentes: CHULIU 133, FRANK 131, FRANK_V2 131
Traceback (most recent call last):
  File "/Users/lorenypsum/Library/Mobile Documents/com~apple~CloudDocs/repo/graph-visualizer.nosync/volume_tester.py", line 124, in <module>
    assert custo1 == custo2 == custo3, (
           ^^^^^^^^^^^^^^^^^^^^^^^^^^
AssertionError: Custos divergentes: CHULIU 133, FRANK 131, FRANK_V2 131

=== Teste #1834 - Vértices: 42, Arestas: 56 ===
✅ Sucesso - Custo: 445

=== Teste #1835 - Vértices: 35, Arestas: 70 ===
✅ Sucesso - Custo: 216

=== Teste #1836 - Vértices: 15, Arestas: 35 ===
✅ Sucesso - Custo: 99

=== Teste #1837 - Vértices: 15, Arestas: 19 ===
✅ Sucesso - Custo: 114

=== Teste #1838 - Vértices: 40, Arestas: 89 ===
✅ Sucesso - Custo: 244

=== Teste #1839 - Vértices: 15, Arestas: 40 ===
✅ Sucesso - Custo: 82

=== Teste #1840 - Vértices: 16, Arestas: 43 ===
❌ Erro: Custos divergentes: CHULIU 118, FRANK 100, FRANK_V2 100
Traceback (most recent call last):
  File "/Users/lorenypsum/Library/Mobile Documents/com~apple~CloudDocs/repo/graph-visualizer.nosync/volume_tester.py", line 124, in <module>
    assert custo1 == custo2 == custo3, (
           ^^^^^^^^^^^^^^^^^^^^^^^^^^
AssertionError: Custos divergentes: CHULIU 118, FRANK 100, FRANK_V2 100

=== Teste #1841 - Vértices: 30, Arestas: 86 ===
❌ Erro: Custos divergentes: CHULIU 209, FRANK 206, FRANK_V2 206
Traceback (most recent call last):
  File "/Users/lorenypsum/Library/Mobile Documents/com~apple~CloudDocs/repo/graph-visualizer.nosync/volume_tester.py", line 124, in <module>
    assert custo1 == custo2 == custo3, (
           ^^^^^^^^^^^^^^^^^^^^^^^^^^
AssertionError: Custos divergentes: CHULIU 209, FRANK 206, FRANK_V2 206

=== Teste #1842 - Vértices: 47, Arestas: 74 ===
✅ Sucesso - Custo: 407

=== Teste #1843 - Vértices: 16, Arestas: 44 ===
✅ Sucesso - Custo: 93

=== Teste #1844 - Vértices: 13, Arestas: 13 ===
✅ Sucesso - Custo: 135

=== Teste #1845 - Vértices: 49, Arestas: 70 ===
✅ Sucesso - Custo: 462

=== Teste #1846 - Vértices: 39, Arestas: 76 ===
✅ Sucesso - Custo: 306

=== Teste #1847 - Vértices: 29, Arestas: 64 ===
✅ Sucesso - Custo: 235

=== Teste #1848 - Vértices: 23, Arestas: 34 ===
✅ Sucesso - Custo: 185

=== Teste #1849 - Vértices: 15, Arestas: 25 ===
✅ Sucesso - Custo: 104

=== Teste #1850 - Vértices: 30, Arestas: 67 ===
✅ Sucesso - Custo: 242

=== Teste #1851 - Vértices: 35, Arestas: 42 ===
✅ Sucesso - Custo: 280

=== Teste #1852 - Vértices: 30, Arestas: 45 ===
✅ Sucesso - Custo: 230

=== Teste #1853 - Vértices: 30, Arestas: 33 ===
✅ Sucesso - Custo: 342

=== Teste #1854 - Vértices: 42, Arestas: 86 ===
✅ Sucesso - Custo: 330

=== Teste #1855 - Vértices: 43, Arestas: 106 ===
✅ Sucesso - Custo: 307

=== Teste #1856 - Vértices: 23, Arestas: 26 ===
✅ Sucesso - Custo: 193

=== Teste #1857 - Vértices: 41, Arestas: 117 ===
❌ Erro: Custos divergentes: CHULIU 265, FRANK 257, FRANK_V2 257
Traceback (most recent call last):
  File "/Users/lorenypsum/Library/Mobile Documents/com~apple~CloudDocs/repo/graph-visualizer.nosync/volume_tester.py", line 124, in <module>
    assert custo1 == custo2 == custo3, (
           ^^^^^^^^^^^^^^^^^^^^^^^^^^
AssertionError: Custos divergentes: CHULIU 265, FRANK 257, FRANK_V2 257

=== Teste #1858 - Vértices: 50, Arestas: 90 ===
✅ Sucesso - Custo: 447

=== Teste #1859 - Vértices: 47, Arestas: 138 ===
❌ Erro: Custos divergentes: CHULIU 260, FRANK 262, FRANK_V2 262
Traceback (most recent call last):
  File "/Users/lorenypsum/Library/Mobile Documents/com~apple~CloudDocs/repo/graph-visualizer.nosync/volume_tester.py", line 124, in <module>
    assert custo1 == custo2 == custo3, (
           ^^^^^^^^^^^^^^^^^^^^^^^^^^
AssertionError: Custos divergentes: CHULIU 260, FRANK 262, FRANK_V2 262

=== Teste #1860 - Vértices: 10, Arestas: 18 ===
✅ Sucesso - Custo: 77

=== Teste #1861 - Vértices: 22, Arestas: 52 ===
✅ Sucesso - Custo: 142

=== Teste #1862 - Vértices: 48, Arestas: 108 ===
✅ Sucesso - Custo: 335

=== Teste #1863 - Vértices: 27, Arestas: 34 ===
✅ Sucesso - Custo: 264

=== Teste #1864 - Vértices: 28, Arestas: 55 ===
✅ Sucesso - Custo: 194

=== Teste #1865 - Vértices: 49, Arestas: 63 ===
✅ Sucesso - Custo: 430

=== Teste #1866 - Vértices: 14, Arestas: 24 ===
✅ Sucesso - Custo: 110

=== Teste #1867 - Vértices: 22, Arestas: 29 ===
✅ Sucesso - Custo: 204

=== Teste #1868 - Vértices: 26, Arestas: 37 ===
✅ Sucesso - Custo: 209

=== Teste #1869 - Vértices: 46, Arestas: 55 ===
✅ Sucesso - Custo: 409

=== Teste #1870 - Vértices: 19, Arestas: 38 ===
✅ Sucesso - Custo: 164

=== Teste #1871 - Vértices: 27, Arestas: 53 ===
✅ Sucesso - Custo: 234

=== Teste #1872 - Vértices: 27, Arestas: 56 ===
✅ Sucesso - Custo: 248

=== Teste #1873 - Vértices: 47, Arestas: 132 ===
✅ Sucesso - Custo: 324

=== Teste #1874 - Vértices: 14, Arestas: 25 ===
✅ Sucesso - Custo: 99

=== Teste #1875 - Vértices: 25, Arestas: 33 ===
✅ Sucesso - Custo: 209

=== Teste #1876 - Vértices: 26, Arestas: 44 ===
✅ Sucesso - Custo: 200

=== Teste #1877 - Vértices: 37, Arestas: 81 ===
✅ Sucesso - Custo: 282

=== Teste #1878 - Vértices: 36, Arestas: 73 ===
✅ Sucesso - Custo: 251

=== Teste #1879 - Vértices: 37, Arestas: 51 ===
✅ Sucesso - Custo: 343

=== Teste #1880 - Vértices: 34, Arestas: 96 ===
✅ Sucesso - Custo: 208

=== Teste #1881 - Vértices: 43, Arestas: 82 ===
✅ Sucesso - Custo: 287

=== Teste #1882 - Vértices: 33, Arestas: 65 ===
✅ Sucesso - Custo: 250

=== Teste #1883 - Vértices: 28, Arestas: 46 ===
✅ Sucesso - Custo: 211

=== Teste #1884 - Vértices: 48, Arestas: 51 ===
✅ Sucesso - Custo: 534

=== Teste #1885 - Vértices: 47, Arestas: 70 ===
✅ Sucesso - Custo: 367

=== Teste #1886 - Vértices: 30, Arestas: 78 ===
✅ Sucesso - Custo: 190

=== Teste #1887 - Vértices: 46, Arestas: 121 ===
✅ Sucesso - Custo: 319

=== Teste #1888 - Vértices: 50, Arestas: 116 ===
❌ Erro: Custos divergentes: CHULIU 339, FRANK 342, FRANK_V2 342
Traceback (most recent call last):
  File "/Users/lorenypsum/Library/Mobile Documents/com~apple~CloudDocs/repo/graph-visualizer.nosync/volume_tester.py", line 124, in <module>
    assert custo1 == custo2 == custo3, (
           ^^^^^^^^^^^^^^^^^^^^^^^^^^
AssertionError: Custos divergentes: CHULIU 339, FRANK 342, FRANK_V2 342

=== Teste #1889 - Vértices: 28, Arestas: 79 ===
✅ Sucesso - Custo: 183

=== Teste #1890 - Vértices: 17, Arestas: 19 ===
✅ Sucesso - Custo: 142

=== Teste #1891 - Vértices: 33, Arestas: 59 ===
✅ Sucesso - Custo: 282

=== Teste #1892 - Vértices: 14, Arestas: 38 ===
❌ Erro: Custos divergentes: CHULIU 106, FRANK 102, FRANK_V2 102
Traceback (most recent call last):
  File "/Users/lorenypsum/Library/Mobile Documents/com~apple~CloudDocs/repo/graph-visualizer.nosync/volume_tester.py", line 124, in <module>
    assert custo1 == custo2 == custo3, (
           ^^^^^^^^^^^^^^^^^^^^^^^^^^
AssertionError: Custos divergentes: CHULIU 106, FRANK 102, FRANK_V2 102

=== Teste #1893 - Vértices: 36, Arestas: 108 ===
❌ Erro: Custos divergentes: CHULIU 217, FRANK 224, FRANK_V2 224
Traceback (most recent call last):
  File "/Users/lorenypsum/Library/Mobile Documents/com~apple~CloudDocs/repo/graph-visualizer.nosync/volume_tester.py", line 124, in <module>
    assert custo1 == custo2 == custo3, (
           ^^^^^^^^^^^^^^^^^^^^^^^^^^
AssertionError: Custos divergentes: CHULIU 217, FRANK 224, FRANK_V2 224

=== Teste #1894 - Vértices: 23, Arestas: 68 ===
✅ Sucesso - Custo: 132

=== Teste #1895 - Vértices: 21, Arestas: 63 ===
✅ Sucesso - Custo: 91

=== Teste #1896 - Vértices: 47, Arestas: 103 ===
✅ Sucesso - Custo: 354

=== Teste #1897 - Vértices: 35, Arestas: 39 ===
✅ Sucesso - Custo: 314

=== Teste #1898 - Vértices: 34, Arestas: 76 ===
✅ Sucesso - Custo: 228

=== Teste #1899 - Vértices: 25, Arestas: 52 ===
✅ Sucesso - Custo: 151

=== Teste #1900 - Vértices: 37, Arestas: 49 ===
✅ Sucesso - Custo: 376

=== Teste #1901 - Vértices: 18, Arestas: 28 ===
✅ Sucesso - Custo: 156

=== Teste #1902 - Vértices: 43, Arestas: 50 ===
✅ Sucesso - Custo: 406

=== Teste #1903 - Vértices: 23, Arestas: 55 ===
✅ Sucesso - Custo: 179

=== Teste #1904 - Vértices: 40, Arestas: 119 ===
✅ Sucesso - Custo: 236

=== Teste #1905 - Vértices: 42, Arestas: 83 ===
✅ Sucesso - Custo: 296

=== Teste #1906 - Vértices: 42, Arestas: 69 ===
✅ Sucesso - Custo: 373

=== Teste #1907 - Vértices: 15, Arestas: 41 ===
✅ Sucesso - Custo: 92

=== Teste #1908 - Vértices: 32, Arestas: 58 ===
✅ Sucesso - Custo: 232

=== Teste #1909 - Vértices: 19, Arestas: 21 ===
✅ Sucesso - Custo: 196

=== Teste #1910 - Vértices: 43, Arestas: 62 ===
✅ Sucesso - Custo: 368

=== Teste #1911 - Vértices: 43, Arestas: 88 ===
✅ Sucesso - Custo: 308

=== Teste #1912 - Vértices: 17, Arestas: 29 ===
✅ Sucesso - Custo: 85

=== Teste #1913 - Vértices: 32, Arestas: 71 ===
✅ Sucesso - Custo: 240

=== Teste #1914 - Vértices: 39, Arestas: 56 ===
✅ Sucesso - Custo: 347

=== Teste #1915 - Vértices: 33, Arestas: 36 ===
✅ Sucesso - Custo: 351

=== Teste #1916 - Vértices: 48, Arestas: 67 ===
✅ Sucesso - Custo: 433

=== Teste #1917 - Vértices: 41, Arestas: 60 ===
✅ Sucesso - Custo: 388

=== Teste #1918 - Vértices: 33, Arestas: 97 ===
❌ Erro: Custos divergentes: CHULIU 195, FRANK 186, FRANK_V2 186
Traceback (most recent call last):
  File "/Users/lorenypsum/Library/Mobile Documents/com~apple~CloudDocs/repo/graph-visualizer.nosync/volume_tester.py", line 124, in <module>
    assert custo1 == custo2 == custo3, (
           ^^^^^^^^^^^^^^^^^^^^^^^^^^
AssertionError: Custos divergentes: CHULIU 195, FRANK 186, FRANK_V2 186

=== Teste #1919 - Vértices: 48, Arestas: 112 ===
✅ Sucesso - Custo: 383

=== Teste #1920 - Vértices: 24, Arestas: 28 ===
✅ Sucesso - Custo: 227

=== Teste #1921 - Vértices: 26, Arestas: 31 ===
✅ Sucesso - Custo: 298

=== Teste #1922 - Vértices: 36, Arestas: 67 ===
✅ Sucesso - Custo: 296

=== Teste #1923 - Vértices: 27, Arestas: 52 ===
❌ Erro: Custos divergentes: CHULIU 184, FRANK 175, FRANK_V2 175
Traceback (most recent call last):
  File "/Users/lorenypsum/Library/Mobile Documents/com~apple~CloudDocs/repo/graph-visualizer.nosync/volume_tester.py", line 124, in <module>
    assert custo1 == custo2 == custo3, (
           ^^^^^^^^^^^^^^^^^^^^^^^^^^
AssertionError: Custos divergentes: CHULIU 184, FRANK 175, FRANK_V2 175

=== Teste #1924 - Vértices: 19, Arestas: 20 ===
✅ Sucesso - Custo: 154

=== Teste #1925 - Vértices: 42, Arestas: 98 ===
✅ Sucesso - Custo: 268

=== Teste #1926 - Vértices: 13, Arestas: 33 ===
❌ Erro: Custos divergentes: CHULIU 127, FRANK 117, FRANK_V2 117
Traceback (most recent call last):
  File "/Users/lorenypsum/Library/Mobile Documents/com~apple~CloudDocs/repo/graph-visualizer.nosync/volume_tester.py", line 124, in <module>
    assert custo1 == custo2 == custo3, (
           ^^^^^^^^^^^^^^^^^^^^^^^^^^
AssertionError: Custos divergentes: CHULIU 127, FRANK 117, FRANK_V2 117

=== Teste #1927 - Vértices: 34, Arestas: 84 ===
✅ Sucesso - Custo: 235

=== Teste #1928 - Vértices: 10, Arestas: 13 ===
✅ Sucesso - Custo: 71

=== Teste #1929 - Vértices: 30, Arestas: 82 ===
✅ Sucesso - Custo: 243

=== Teste #1930 - Vértices: 24, Arestas: 40 ===
✅ Sucesso - Custo: 203

=== Teste #1931 - Vértices: 36, Arestas: 86 ===
✅ Sucesso - Custo: 248

=== Teste #1932 - Vértices: 25, Arestas: 33 ===
✅ Sucesso - Custo: 231

=== Teste #1933 - Vértices: 40, Arestas: 107 ===
❌ Erro: Custos divergentes: CHULIU 283, FRANK 284, FRANK_V2 284
Traceback (most recent call last):
  File "/Users/lorenypsum/Library/Mobile Documents/com~apple~CloudDocs/repo/graph-visualizer.nosync/volume_tester.py", line 124, in <module>
    assert custo1 == custo2 == custo3, (
           ^^^^^^^^^^^^^^^^^^^^^^^^^^
AssertionError: Custos divergentes: CHULIU 283, FRANK 284, FRANK_V2 284

=== Teste #1934 - Vértices: 34, Arestas: 44 ===
✅ Sucesso - Custo: 345

=== Teste #1935 - Vértices: 24, Arestas: 46 ===
✅ Sucesso - Custo: 173

=== Teste #1936 - Vértices: 41, Arestas: 85 ===
✅ Sucesso - Custo: 344

=== Teste #1937 - Vértices: 45, Arestas: 103 ===
✅ Sucesso - Custo: 317

=== Teste #1938 - Vértices: 47, Arestas: 50 ===
✅ Sucesso - Custo: 470

=== Teste #1939 - Vértices: 36, Arestas: 106 ===
✅ Sucesso - Custo: 226

=== Teste #1940 - Vértices: 50, Arestas: 58 ===
✅ Sucesso - Custo: 476

=== Teste #1941 - Vértices: 44, Arestas: 116 ===
✅ Sucesso - Custo: 243

=== Teste #1942 - Vértices: 22, Arestas: 64 ===
❌ Erro: Custos divergentes: CHULIU 133, FRANK 134, FRANK_V2 134
Traceback (most recent call last):
  File "/Users/lorenypsum/Library/Mobile Documents/com~apple~CloudDocs/repo/graph-visualizer.nosync/volume_tester.py", line 124, in <module>
    assert custo1 == custo2 == custo3, (
           ^^^^^^^^^^^^^^^^^^^^^^^^^^
AssertionError: Custos divergentes: CHULIU 133, FRANK 134, FRANK_V2 134

=== Teste #1943 - Vértices: 35, Arestas: 104 ===
❌ Erro: Custos divergentes: CHULIU 183, FRANK 184, FRANK_V2 184
Traceback (most recent call last):
  File "/Users/lorenypsum/Library/Mobile Documents/com~apple~CloudDocs/repo/graph-visualizer.nosync/volume_tester.py", line 124, in <module>
    assert custo1 == custo2 == custo3, (
           ^^^^^^^^^^^^^^^^^^^^^^^^^^
AssertionError: Custos divergentes: CHULIU 183, FRANK 184, FRANK_V2 184

=== Teste #1944 - Vértices: 45, Arestas: 88 ===
✅ Sucesso - Custo: 379

=== Teste #1945 - Vértices: 39, Arestas: 96 ===
✅ Sucesso - Custo: 256

=== Teste #1946 - Vértices: 28, Arestas: 65 ===
✅ Sucesso - Custo: 179

=== Teste #1947 - Vértices: 36, Arestas: 39 ===
✅ Sucesso - Custo: 355

=== Teste #1948 - Vértices: 13, Arestas: 13 ===
✅ Sucesso - Custo: 122

=== Teste #1949 - Vértices: 28, Arestas: 82 ===
❌ Erro: Custos divergentes: CHULIU 210, FRANK 199, FRANK_V2 199
Traceback (most recent call last):
  File "/Users/lorenypsum/Library/Mobile Documents/com~apple~CloudDocs/repo/graph-visualizer.nosync/volume_tester.py", line 124, in <module>
    assert custo1 == custo2 == custo3, (
           ^^^^^^^^^^^^^^^^^^^^^^^^^^
AssertionError: Custos divergentes: CHULIU 210, FRANK 199, FRANK_V2 199

=== Teste #1950 - Vértices: 13, Arestas: 27 ===
✅ Sucesso - Custo: 101

=== Teste #1951 - Vértices: 46, Arestas: 83 ===
✅ Sucesso - Custo: 383

=== Teste #1952 - Vértices: 44, Arestas: 67 ===
✅ Sucesso - Custo: 468

=== Teste #1953 - Vértices: 26, Arestas: 75 ===
❌ Erro: Custos divergentes: CHULIU 142, FRANK 143, FRANK_V2 143
Traceback (most recent call last):
  File "/Users/lorenypsum/Library/Mobile Documents/com~apple~CloudDocs/repo/graph-visualizer.nosync/volume_tester.py", line 124, in <module>
    assert custo1 == custo2 == custo3, (
           ^^^^^^^^^^^^^^^^^^^^^^^^^^
AssertionError: Custos divergentes: CHULIU 142, FRANK 143, FRANK_V2 143

=== Teste #1954 - Vértices: 22, Arestas: 25 ===
✅ Sucesso - Custo: 206

=== Teste #1955 - Vértices: 16, Arestas: 32 ===
✅ Sucesso - Custo: 97

=== Teste #1956 - Vértices: 15, Arestas: 34 ===
✅ Sucesso - Custo: 80

=== Teste #1957 - Vértices: 26, Arestas: 62 ===
❌ Erro: Custos divergentes: CHULIU 163, FRANK 150, FRANK_V2 150
Traceback (most recent call last):
  File "/Users/lorenypsum/Library/Mobile Documents/com~apple~CloudDocs/repo/graph-visualizer.nosync/volume_tester.py", line 124, in <module>
    assert custo1 == custo2 == custo3, (
           ^^^^^^^^^^^^^^^^^^^^^^^^^^
AssertionError: Custos divergentes: CHULIU 163, FRANK 150, FRANK_V2 150

=== Teste #1958 - Vértices: 30, Arestas: 77 ===
✅ Sucesso - Custo: 184

=== Teste #1959 - Vértices: 50, Arestas: 65 ===
✅ Sucesso - Custo: 457

=== Teste #1960 - Vértices: 33, Arestas: 44 ===
✅ Sucesso - Custo: 318

=== Teste #1961 - Vértices: 28, Arestas: 52 ===
❌ Erro: Custos divergentes: CHULIU 217, FRANK 213, FRANK_V2 213
Traceback (most recent call last):
  File "/Users/lorenypsum/Library/Mobile Documents/com~apple~CloudDocs/repo/graph-visualizer.nosync/volume_tester.py", line 124, in <module>
    assert custo1 == custo2 == custo3, (
           ^^^^^^^^^^^^^^^^^^^^^^^^^^
AssertionError: Custos divergentes: CHULIU 217, FRANK 213, FRANK_V2 213

=== Teste #1962 - Vértices: 16, Arestas: 48 ===
✅ Sucesso - Custo: 106

=== Teste #1963 - Vértices: 15, Arestas: 28 ===
✅ Sucesso - Custo: 118

=== Teste #1964 - Vértices: 18, Arestas: 48 ===
❌ Erro: Custos divergentes: CHULIU 143, FRANK 142, FRANK_V2 142
Traceback (most recent call last):
  File "/Users/lorenypsum/Library/Mobile Documents/com~apple~CloudDocs/repo/graph-visualizer.nosync/volume_tester.py", line 124, in <module>
    assert custo1 == custo2 == custo3, (
           ^^^^^^^^^^^^^^^^^^^^^^^^^^
AssertionError: Custos divergentes: CHULIU 143, FRANK 142, FRANK_V2 142

=== Teste #1965 - Vértices: 11, Arestas: 16 ===
✅ Sucesso - Custo: 77

=== Teste #1966 - Vértices: 23, Arestas: 56 ===
✅ Sucesso - Custo: 153

=== Teste #1967 - Vértices: 39, Arestas: 95 ===
✅ Sucesso - Custo: 217

=== Teste #1968 - Vértices: 18, Arestas: 37 ===
✅ Sucesso - Custo: 127

=== Teste #1969 - Vértices: 43, Arestas: 51 ===
✅ Sucesso - Custo: 445

=== Teste #1970 - Vértices: 26, Arestas: 27 ===
✅ Sucesso - Custo: 276

=== Teste #1971 - Vértices: 14, Arestas: 42 ===
✅ Sucesso - Custo: 86

=== Teste #1972 - Vértices: 11, Arestas: 30 ===
✅ Sucesso - Custo: 72

=== Teste #1973 - Vértices: 17, Arestas: 42 ===
✅ Sucesso - Custo: 121

=== Teste #1974 - Vértices: 29, Arestas: 64 ===
✅ Sucesso - Custo: 238

=== Teste #1975 - Vértices: 37, Arestas: 94 ===
✅ Sucesso - Custo: 228

=== Teste #1976 - Vértices: 50, Arestas: 52 ===
✅ Sucesso - Custo: 449

=== Teste #1977 - Vértices: 24, Arestas: 38 ===
✅ Sucesso - Custo: 171

=== Teste #1978 - Vértices: 24, Arestas: 42 ===
✅ Sucesso - Custo: 182

=== Teste #1979 - Vértices: 38, Arestas: 88 ===
✅ Sucesso - Custo: 271

=== Teste #1980 - Vértices: 22, Arestas: 46 ===
✅ Sucesso - Custo: 179

=== Teste #1981 - Vértices: 42, Arestas: 93 ===
✅ Sucesso - Custo: 376

=== Teste #1982 - Vértices: 21, Arestas: 28 ===
✅ Sucesso - Custo: 168

=== Teste #1983 - Vértices: 11, Arestas: 22 ===
✅ Sucesso - Custo: 81

=== Teste #1984 - Vértices: 11, Arestas: 25 ===
✅ Sucesso - Custo: 78

=== Teste #1985 - Vértices: 40, Arestas: 108 ===
✅ Sucesso - Custo: 273

=== Teste #1986 - Vértices: 31, Arestas: 48 ===
✅ Sucesso - Custo: 238

=== Teste #1987 - Vértices: 46, Arestas: 109 ===
✅ Sucesso - Custo: 374

=== Teste #1988 - Vértices: 13, Arestas: 25 ===
✅ Sucesso - Custo: 89

=== Teste #1989 - Vértices: 49, Arestas: 64 ===
✅ Sucesso - Custo: 375

=== Teste #1990 - Vértices: 50, Arestas: 111 ===
✅ Sucesso - Custo: 361

=== Teste #1991 - Vértices: 23, Arestas: 55 ===
✅ Sucesso - Custo: 137

=== Teste #1992 - Vértices: 43, Arestas: 57 ===
✅ Sucesso - Custo: 436

=== Teste #1993 - Vértices: 32, Arestas: 89 ===
✅ Sucesso - Custo: 190

=== Teste #1994 - Vértices: 22, Arestas: 29 ===
✅ Sucesso - Custo: 229

=== Teste #1995 - Vértices: 14, Arestas: 21 ===
✅ Sucesso - Custo: 112

=== Teste #1996 - Vértices: 12, Arestas: 12 ===
✅ Sucesso - Custo: 120

=== Teste #1997 - Vértices: 44, Arestas: 109 ===
✅ Sucesso - Custo: 288

=== Teste #1998 - Vértices: 35, Arestas: 105 ===
✅ Sucesso - Custo: 220

=== Teste #1999 - Vértices: 49, Arestas: 110 ===
✅ Sucesso - Custo: 350

=== Teste #2000 - Vértices: 25, Arestas: 26 ===
✅ Sucesso - Custo: 255

🧪 Testagem em volume finalizada. Sucessos: 1760, Falhas: 240.
